Component: ARM Compiler 5.06 update 6 (build 750) Tool: armlink [4d35ed]

==============================================================================

Section Cross References

    main.o(i.indexED) refers to lcd.o(i.commandToLCD) for commandToLCD
    main.o(i.indexED) refers to sleep_lib.o(i.Configure_RTC) for Configure_RTC
    main.o(i.indexED) refers to lcd.o(i.stringToLCD) for stringToLCD
    main.o(i.indexED) refers to xbee.o(i.XbeeRecieve) for XbeeRecieve
    main.o(i.indexED) refers to h1_realloc.o(.text) for realloc
    main.o(i.indexED) refers to sleep_lib.o(i.Disable_RTC) for Disable_RTC
    main.o(i.indexED) refers to sleep_lib.o(.data) for alarm
    main.o(i.main) refers to init_lib.o(i.clockInit) for clockInit
    main.o(i.main) refers to xbee.o(i.init_usart) for init_usart
    main.o(i.main) refers to lcd.o(i.initLCD) for initLCD
    main.o(i.main) refers to lcd.o(i.stringToLCD) for stringToLCD
    main.o(i.main) refers to lcd.o(i.commandToLCD) for commandToLCD
    main.o(i.main) refers to xbee.o(i.xbeeSend) for xbeeSend
    main.o(i.main) refers to main.o(i.indexED) for indexED
    main.o(i.main) refers to lcd.o(i.dataToLCD) for dataToLCD
    main.o(i.main) refers to main.o(.data) for cur_state
    lcd.o(i.commandToLCD) refers to lcd.o(i.delay) for delay
    lcd.o(i.dataToLCD) refers to lcd.o(i.delay) for delay
    lcd.o(i.initLCD) refers to lcd.o(i.initLCDsequence) for initLCDsequence
    lcd.o(i.initLCDsequence) refers to lcd.o(i.delay) for delay
    lcd.o(i.initLCDsequence) refers to lcd.o(i.commandToLCD) for commandToLCD
    lcd.o(i.stringToLCD) refers to strlen.o(.text) for strlen
    lcd.o(i.stringToLCD) refers to lcd.o(i.commandToLCD) for commandToLCD
    lcd.o(i.stringToLCD) refers to lcd.o(i.dataToLCD) for dataToLCD
    lcd.o(i.stringToLCD) refers to lcd.o(i.delay) for delay
    xbee.o(i.USART3_IRQHandler) refers to xbee.o(i.recieve_usart) for recieve_usart
    xbee.o(i.USART3_IRQHandler) refers to xbee.o(.bss) for buffer
    xbee.o(i.USART3_IRQHandler) refers to xbee.o(.data) for k
    xbee.o(i.XbeeRecieve) refers to xbee.o(.bss) for buffer
    xbee.o(i.XbeeRecieve) refers to xbee.o(.data) for bfull
    xbee.o(i.XbeeRecieve) refers to sleep_lib.o(.data) for alarm
    xbee.o(i.XbeeSetUp) refers to xbee.o(.data) for ED1
    xbee.o(i.xbeeSend) refers to xbee.o(i.send_usart) for send_usart
    sleep_lib.o(i.RTCAlarm_IRQHandler) refers to sleep_lib.o(.data) for alarm
    sleep_lib.o(i.sleep) refers to sleep_lib.o(i.Configure_RTC) for Configure_RTC
    sleep_lib.o(i.sleep) refers to sleep_lib.o(i.Disable_RTC) for Disable_RTC
    startup_stm32f10x_md_vl.o(STACK) refers (Special) to heapauxi.o(.text) for __use_two_region_memory
    startup_stm32f10x_md_vl.o(HEAP) refers (Special) to heapauxi.o(.text) for __use_two_region_memory
    startup_stm32f10x_md_vl.o(RESET) refers (Special) to heapauxi.o(.text) for __use_two_region_memory
    startup_stm32f10x_md_vl.o(RESET) refers to startup_stm32f10x_md_vl.o(STACK) for __initial_sp
    startup_stm32f10x_md_vl.o(RESET) refers to startup_stm32f10x_md_vl.o(.text) for Reset_Handler
    startup_stm32f10x_md_vl.o(RESET) refers to xbee.o(i.USART3_IRQHandler) for USART3_IRQHandler
    startup_stm32f10x_md_vl.o(RESET) refers to sleep_lib.o(i.RTCAlarm_IRQHandler) for RTCAlarm_IRQHandler
    startup_stm32f10x_md_vl.o(.text) refers (Special) to heapauxi.o(.text) for __use_two_region_memory
    startup_stm32f10x_md_vl.o(.text) refers to system_stm32f10x.o(i.SystemInit) for SystemInit
    startup_stm32f10x_md_vl.o(.text) refers to __main.o(!!!main) for __main
    startup_stm32f10x_md_vl.o(.text) refers to startup_stm32f10x_md_vl.o(HEAP) for Heap_Mem
    startup_stm32f10x_md_vl.o(.text) refers to startup_stm32f10x_md_vl.o(STACK) for Stack_Mem
    system_stm32f10x.o(i.SetSysClock) refers to system_stm32f10x.o(i.SetSysClockTo24) for SetSysClockTo24
    system_stm32f10x.o(i.SystemCoreClockUpdate) refers to system_stm32f10x.o(.data) for SystemCoreClock
    system_stm32f10x.o(i.SystemInit) refers to system_stm32f10x.o(i.SetSysClock) for SetSysClock
    realloc.o(.text) refers (Special) to hguard.o(.text) for __heap$guard
    realloc.o(.text) refers to rt_heap_descriptor_intlibspace.o(.text) for __rt_heap_descriptor
    realloc.o(.text) refers to heapstubs.o(.text) for __Heap_Realloc
    realloc.o(.text) refers to h1_free.o(.text) for free
    realloc.o(.text) refers to h1_alloc.o(.text) for malloc
    h1_realloc.o(.text) refers to rt_heap_descriptor_intlibspace.o(.text) for __rt_heap_descriptor
    h1_realloc.o(.text) refers to h1_free.o(.text) for free
    h1_realloc.o(.text) refers to h1_alloc.o(.text) for malloc
    h1_realloc.o(.text) refers to rt_memcpy_w.o(.text) for __aeabi_memcpy4
    h1_realloc_mt.o(.text) refers to rt_heap_descriptor_intlibspace.o(.text) for __rt_heap_descriptor
    h1_realloc_mt.o(.text) refers to h1_free_mt.o(.text) for _free_internal
    h1_realloc_mt.o(.text) refers to h1_free.o(.text) for free
    h1_realloc_mt.o(.text) refers to h1_alloc.o(.text) for malloc
    h1_realloc_mt.o(.text) refers to h1_alloc_mt.o(.text) for _malloc_internal
    h1_realloc_mt.o(.text) refers to rt_memcpy_w.o(.text) for __aeabi_memcpy4
    heap2.o(i._FDIterate) refers to heap2.o(.conststring) for .conststring
    heap2.o(i.___Heap_ProvideMemory$realtime) refers to fdtree.o(i._FDTree_Delete) for _FDTree_Delete
    heap2.o(i.___Heap_ProvideMemory$realtime) refers to fdtree.o(i._FDTree_Insert) for _FDTree_Insert
    heap2.o(i.___Heap_Stats$realtime) refers to heap2.o(i._Heap2_StatsIterate) for _Heap2_StatsIterate
    heap2.o(i.___Heap_Valid$realtime) refers to heap2.o(i._FDIterate) for _FDIterate
    heap2.o(i.___Heap_Valid$realtime) refers to heap2.o(.conststring) for .conststring
    heap2.o(i._free$realtime) refers to rt_heap_descriptor_intlibspace.o(.text) for __rt_heap_descriptor
    heap2.o(i._free$realtime) refers to fdtree.o(i._FDTree_Delete) for _FDTree_Delete
    heap2.o(i._free$realtime) refers to fdtree.o(i._FDTree_Insert) for _FDTree_Insert
    heap2.o(i._malloc$realtime) refers to rt_heap_descriptor_intlibspace.o(.text) for __rt_heap_descriptor
    heap2.o(i._malloc$realtime) refers to fdtree.o(i._FDTree_FindFirst) for _FDTree_FindFirst
    heap2.o(i._malloc$realtime) refers to init_alloc.o(.text) for __Heap_Full
    heap2.o(i._malloc$realtime) refers to fdtree.o(i._FDTree_RemoveNode) for _FDTree_RemoveNode
    heap2.o(i._malloc$realtime) refers to fdtree.o(i._FDTree_Insert) for _FDTree_Insert
    heap2.o(i._posix_memalign$realtime) refers to rt_heap_descriptor_intlibspace.o(.text) for __rt_heap_descriptor
    heap2.o(i._posix_memalign$realtime) refers to fdtree.o(i._FDTree_FindFirst) for _FDTree_FindFirst
    heap2.o(i._posix_memalign$realtime) refers to init_alloc.o(.text) for __Heap_Full
    heap2.o(i._posix_memalign$realtime) refers to fdtree.o(i._FDTree_RemoveNode) for _FDTree_RemoveNode
    heap2.o(i._posix_memalign$realtime) refers to fdtree.o(i._FDTree_Insert) for _FDTree_Insert
    heap2.o(i._realloc$realtime) refers to rt_heap_descriptor_intlibspace.o(.text) for __rt_heap_descriptor
    heap2.o(i._realloc$realtime) refers to fdtree.o(i._FDTree_Insert) for _FDTree_Insert
    heap2.o(i._realloc$realtime) refers to h1_free.o(.text) for free
    heap2.o(i._realloc$realtime) refers to h1_alloc.o(.text) for malloc
    heap2.o(i._realloc$realtime) refers to fdtree.o(i._FDTree_Delete) for _FDTree_Delete
    heap2.o(i._realloc$realtime) refers to rt_memcpy_w.o(.text) for __aeabi_memcpy4
    heap2mt.o(i._FDIterate) refers to heap2mt.o(.conststring) for .conststring
    heap2mt.o(i.___Heap_Initialize$realtime$concurrent) refers to mutex_dummy.o(.text) for _mutex_initialize
    heap2mt.o(i.___Heap_ProvideMemory$realtime$concurrent) refers to fdtree.o(i._FDTree_Delete) for _FDTree_Delete
    heap2mt.o(i.___Heap_ProvideMemory$realtime$concurrent) refers to fdtree.o(i._FDTree_Insert) for _FDTree_Insert
    heap2mt.o(i.___Heap_Stats$realtime$concurrent) refers to heap2mt.o(i._Heap2_StatsIterate) for _Heap2_StatsIterate
    heap2mt.o(i.___Heap_Valid$realtime$concurrent) refers to heap2mt.o(i._FDIterate) for _FDIterate
    heap2mt.o(i.___Heap_Valid$realtime$concurrent) refers to heap2mt.o(.conststring) for .conststring
    heap2mt.o(i._free$realtime$concurrent) refers to rt_heap_descriptor_intlibspace.o(.text) for __rt_heap_descriptor
    heap2mt.o(i._free$realtime$concurrent) refers to fdtree.o(i._FDTree_Delete) for _FDTree_Delete
    heap2mt.o(i._free$realtime$concurrent) refers to fdtree.o(i._FDTree_Insert) for _FDTree_Insert
    heap2mt.o(i._malloc$realtime$concurrent) refers to rt_heap_descriptor_intlibspace.o(.text) for __rt_heap_descriptor
    heap2mt.o(i._malloc$realtime$concurrent) refers to fdtree.o(i._FDTree_FindFirst) for _FDTree_FindFirst
    heap2mt.o(i._malloc$realtime$concurrent) refers to init_alloc.o(.text) for __Heap_Full
    heap2mt.o(i._malloc$realtime$concurrent) refers to fdtree.o(i._FDTree_RemoveNode) for _FDTree_RemoveNode
    heap2mt.o(i._malloc$realtime$concurrent) refers to fdtree.o(i._FDTree_Insert) for _FDTree_Insert
    heap2mt.o(i._posix_memalign$realtime$concurrent) refers to rt_heap_descriptor_intlibspace.o(.text) for __rt_heap_descriptor
    heap2mt.o(i._posix_memalign$realtime$concurrent) refers to fdtree.o(i._FDTree_FindFirst) for _FDTree_FindFirst
    heap2mt.o(i._posix_memalign$realtime$concurrent) refers to init_alloc.o(.text) for __Heap_Full
    heap2mt.o(i._posix_memalign$realtime$concurrent) refers to fdtree.o(i._FDTree_RemoveNode) for _FDTree_RemoveNode
    heap2mt.o(i._posix_memalign$realtime$concurrent) refers to fdtree.o(i._FDTree_Insert) for _FDTree_Insert
    heap2mt.o(i._realloc$realtime$concurrent) refers to rt_heap_descriptor_intlibspace.o(.text) for __rt_heap_descriptor
    heap2mt.o(i._realloc$realtime$concurrent) refers to fdtree.o(i._FDTree_Insert) for _FDTree_Insert
    heap2mt.o(i._realloc$realtime$concurrent) refers to h1_free.o(.text) for free
    heap2mt.o(i._realloc$realtime$concurrent) refers to h1_alloc.o(.text) for malloc
    heap2mt.o(i._realloc$realtime$concurrent) refers to fdtree.o(i._FDTree_Delete) for _FDTree_Delete
    heap2mt.o(i._realloc$realtime$concurrent) refers to rt_memcpy_w.o(.text) for __aeabi_memcpy4
    __main.o(!!!main) refers to __rtentry.o(.ARM.Collect$$rtentry$$00000000) for __rt_entry
    __rtentry.o(.ARM.Collect$$rtentry$$00000000) refers (Special) to __rtentry2.o(.ARM.Collect$$rtentry$$0000000A) for __rt_entry_li
    __rtentry.o(.ARM.Collect$$rtentry$$00000000) refers (Special) to __rtentry2.o(.ARM.Collect$$rtentry$$0000000D) for __rt_entry_main
    __rtentry.o(.ARM.Collect$$rtentry$$00000000) refers (Special) to __rtentry2.o(.ARM.Collect$$rtentry$$0000000C) for __rt_entry_postli_1
    __rtentry.o(.ARM.Collect$$rtentry$$00000000) refers (Special) to __rtentry2.o(.ARM.Collect$$rtentry$$00000009) for __rt_entry_postsh_1
    __rtentry.o(.ARM.Collect$$rtentry$$00000000) refers (Special) to __rtentry2.o(.ARM.Collect$$rtentry$$00000002) for __rt_entry_presh_1
    __rtentry.o(.ARM.Collect$$rtentry$$00000000) refers (Special) to __rtentry4.o(.ARM.Collect$$rtentry$$00000004) for __rt_entry_sh
    rt_heap_descriptor.o(.text) refers to rt_heap_descriptor.o(.bss) for __rt_heap_descriptor_data
    rt_heap_descriptor_intlibspace.o(.text) refers to libspace.o(.bss) for __libspace_start
    init_alloc.o(.text) refers (Special) to hguard.o(.text) for __heap$guard
    init_alloc.o(.text) refers (Special) to libinit2.o(.ARM.Collect$$libinit$$00000005) for __rt_lib_init_heap_2
    init_alloc.o(.text) refers (Special) to maybetermalloc1.o(.emb_text) for _maybe_terminate_alloc
    init_alloc.o(.text) refers to h1_extend.o(.text) for __Heap_ProvideMemory
    init_alloc.o(.text) refers to defsig_rtmem_outer.o(.text) for __rt_SIGRTMEM
    init_alloc.o(.text) refers to rt_heap_descriptor_intlibspace.o(.text) for __rt_heap_descriptor
    init_alloc.o(.text) refers to h1_init.o(.text) for __Heap_Initialize
    malloc.o(.text) refers (Special) to hguard.o(.text) for __heap$guard
    malloc.o(.text) refers (Special) to init_alloc.o(.text) for _init_alloc
    malloc.o(.text) refers to rt_heap_descriptor_intlibspace.o(.text) for __rt_heap_descriptor
    malloc.o(.text) refers to heapstubs.o(.text) for __Heap_Alloc
    free.o(.text) refers (Special) to hguard.o(.text) for __heap$guard
    free.o(.text) refers to rt_heap_descriptor_intlibspace.o(.text) for __rt_heap_descriptor
    free.o(.text) refers to heapstubs.o(.text) for __Heap_Free
    h1_alloc.o(.text) refers (Special) to h1_init.o(.text) for __Heap_Initialize
    h1_alloc.o(.text) refers to rt_heap_descriptor_intlibspace.o(.text) for __rt_heap_descriptor
    h1_alloc.o(.text) refers to init_alloc.o(.text) for __Heap_Full
    h1_free.o(.text) refers to rt_heap_descriptor_intlibspace.o(.text) for __rt_heap_descriptor
    h1_alloc_mt.o(.text) refers (Special) to h1_init.o(.text) for __Heap_Initialize
    h1_alloc_mt.o(.text) refers to init_alloc.o(.text) for __Heap_Full
    h1_alloc_mt.o(.text) refers to rt_heap_descriptor_intlibspace.o(.text) for __rt_heap_descriptor
    h1_free_mt.o(.text) refers to rt_heap_descriptor_intlibspace.o(.text) for __rt_heap_descriptor
    libspace.o(.text) refers to libspace.o(.bss) for __libspace_start
    __rtentry2.o(.ARM.Collect$$rtentry$$00000008) refers to boardinit2.o(.text) for _platform_post_stackheap_init
    __rtentry2.o(.ARM.Collect$$rtentry$$0000000A) refers to libinit.o(.ARM.Collect$$libinit$$00000000) for __rt_lib_init
    __rtentry2.o(.ARM.Collect$$rtentry$$0000000B) refers to boardinit3.o(.text) for _platform_post_lib_init
    __rtentry2.o(.ARM.Collect$$rtentry$$0000000D) refers to main.o(i.main) for main
    __rtentry2.o(.ARM.Collect$$rtentry$$0000000D) refers to exit.o(.text) for exit
    __rtentry2.o(.ARM.exidx) refers to __rtentry2.o(.ARM.Collect$$rtentry$$00000001) for .ARM.Collect$$rtentry$$00000001
    __rtentry2.o(.ARM.exidx) refers to __rtentry2.o(.ARM.Collect$$rtentry$$00000008) for .ARM.Collect$$rtentry$$00000008
    __rtentry2.o(.ARM.exidx) refers to __rtentry2.o(.ARM.Collect$$rtentry$$0000000A) for .ARM.Collect$$rtentry$$0000000A
    __rtentry2.o(.ARM.exidx) refers to __rtentry2.o(.ARM.Collect$$rtentry$$0000000B) for .ARM.Collect$$rtentry$$0000000B
    __rtentry2.o(.ARM.exidx) refers to __rtentry2.o(.ARM.Collect$$rtentry$$0000000D) for .ARM.Collect$$rtentry$$0000000D
    __rtentry4.o(.ARM.Collect$$rtentry$$00000004) refers to sys_stackheap_outer.o(.text) for __user_setup_stackheap
    __rtentry4.o(.ARM.exidx) refers to __rtentry4.o(.ARM.Collect$$rtentry$$00000004) for .ARM.Collect$$rtentry$$00000004
    maybetermalloc2.o(.emb_text) refers (Special) to term_alloc.o(.text) for _terminate_alloc
    h1_extend.o(.text) refers to h1_free.o(.text) for free
    h1_init_mt.o(.text) refers to mutex_dummy.o(.text) for _mutex_initialize
    h1_extend_mt.o(.text) refers to h1_free_mt.o(.text) for _free_internal
    defsig_rtmem_outer.o(.text) refers to defsig_rtmem_inner.o(.text) for __rt_SIGRTMEM_inner
    defsig_rtmem_outer.o(.text) refers to defsig_exit.o(.text) for __sig_exit
    defsig_rtmem_formal.o(.text) refers to rt_raise.o(.text) for __rt_raise
    heapauxa.o(.text) refers to heapauxa.o(.data) for .data
    _get_argv.o(.text) refers (Special) to hrguard.o(.text) for __heap_region$guard
    _get_argv.o(.text) refers to h1_alloc.o(.text) for malloc
    _get_argv.o(.text) refers to defsig_rtmem_outer.o(.text) for __rt_SIGRTMEM
    _get_argv.o(.text) refers to sys_command.o(.text) for _sys_command_string
    libinit2.o(.ARM.Collect$$libinit$$00000005) refers (Weak) to init_alloc.o(.text) for _init_alloc
    libinit2.o(.ARM.Collect$$libinit$$00000010) refers to libinit2.o(.ARM.Collect$$libinit$$0000000F) for .ARM.Collect$$libinit$$0000000F
    libinit2.o(.ARM.Collect$$libinit$$00000012) refers to libinit2.o(.ARM.Collect$$libinit$$0000000F) for .ARM.Collect$$libinit$$0000000F
    libinit2.o(.ARM.Collect$$libinit$$00000014) refers to libinit2.o(.ARM.Collect$$libinit$$0000000F) for .ARM.Collect$$libinit$$0000000F
    libinit2.o(.ARM.Collect$$libinit$$00000016) refers to libinit2.o(.ARM.Collect$$libinit$$0000000F) for .ARM.Collect$$libinit$$0000000F
    libinit2.o(.ARM.Collect$$libinit$$00000018) refers to libinit2.o(.ARM.Collect$$libinit$$0000000F) for .ARM.Collect$$libinit$$0000000F
    libinit2.o(.ARM.Collect$$libinit$$00000026) refers to argv_veneer.o(.emb_text) for __ARM_argv_veneer
    libinit2.o(.ARM.Collect$$libinit$$00000027) refers to argv_veneer.o(.emb_text) for __ARM_argv_veneer
    sys_command.o(.text) refers (Special) to use_no_semi.o(.text) for __I$use$semihosting
    sys_command.o(.text) refers (Special) to indicate_semi.o(.text) for __semihosting_library_function
    sys_stackheap_outer.o(.text) refers to libspace.o(.text) for __user_perproc_libspace
    sys_stackheap_outer.o(.text) refers to startup_stm32f10x_md_vl.o(.text) for __user_initial_stackheap
    rt_raise.o(.text) refers to __raise.o(.text) for __raise
    rt_raise.o(.text) refers to sys_exit.o(.text) for _sys_exit
    term_alloc.o(.text) refers (Special) to libshutdown2.o(.ARM.Collect$$libshutdown$$0000000E) for __rt_lib_shutdown_heap_2
    term_alloc.o(.text) refers to rt_heap_descriptor_intlibspace.o(.text) for __rt_heap_descriptor
    term_alloc.o(.text) refers to h1_final.o(.text) for __Heap_Finalize
    exit.o(.text) refers to rtexit.o(.ARM.Collect$$rtexit$$00000000) for __rt_exit
    defsig_exit.o(.text) refers to sys_exit.o(.text) for _sys_exit
    defsig_rtmem_inner.o(.text) refers to defsig_general.o(.text) for __default_signal_display
    argv_veneer.o(.emb_text) refers to no_argv.o(.text) for __ARM_get_argv
    libinit.o(.ARM.Collect$$libinit$$00000000) refers (Special) to libinit2.o(.ARM.Collect$$libinit$$0000002E) for __rt_lib_init_alloca_1
    libinit.o(.ARM.Collect$$libinit$$00000000) refers (Special) to libinit2.o(.ARM.Collect$$libinit$$0000002C) for __rt_lib_init_argv_1
    libinit.o(.ARM.Collect$$libinit$$00000000) refers (Special) to libinit2.o(.ARM.Collect$$libinit$$0000001B) for __rt_lib_init_atexit_1
    libinit.o(.ARM.Collect$$libinit$$00000000) refers (Special) to libinit2.o(.ARM.Collect$$libinit$$00000021) for __rt_lib_init_clock_1
    libinit.o(.ARM.Collect$$libinit$$00000000) refers (Special) to libinit2.o(.ARM.Collect$$libinit$$00000032) for __rt_lib_init_cpp_1
    libinit.o(.ARM.Collect$$libinit$$00000000) refers (Special) to libinit2.o(.ARM.Collect$$libinit$$00000030) for __rt_lib_init_exceptions_1
    libinit.o(.ARM.Collect$$libinit$$00000000) refers (Special) to libinit2.o(.ARM.Collect$$libinit$$00000002) for __rt_lib_init_fp_1
    libinit.o(.ARM.Collect$$libinit$$00000000) refers (Special) to libinit2.o(.ARM.Collect$$libinit$$0000001F) for __rt_lib_init_fp_trap_1
    libinit.o(.ARM.Collect$$libinit$$00000000) refers (Special) to libinit2.o(.ARM.Collect$$libinit$$00000023) for __rt_lib_init_getenv_1
    libinit.o(.ARM.Collect$$libinit$$00000000) refers (Special) to libinit2.o(.ARM.Collect$$libinit$$0000000A) for __rt_lib_init_heap_1
    libinit.o(.ARM.Collect$$libinit$$00000000) refers (Special) to libinit2.o(.ARM.Collect$$libinit$$00000011) for __rt_lib_init_lc_collate_1
    libinit.o(.ARM.Collect$$libinit$$00000000) refers (Special) to libinit2.o(.ARM.Collect$$libinit$$00000013) for __rt_lib_init_lc_ctype_1
    libinit.o(.ARM.Collect$$libinit$$00000000) refers (Special) to libinit2.o(.ARM.Collect$$libinit$$00000015) for __rt_lib_init_lc_monetary_1
    libinit.o(.ARM.Collect$$libinit$$00000000) refers (Special) to libinit2.o(.ARM.Collect$$libinit$$00000017) for __rt_lib_init_lc_numeric_1
    libinit.o(.ARM.Collect$$libinit$$00000000) refers (Special) to libinit2.o(.ARM.Collect$$libinit$$00000019) for __rt_lib_init_lc_time_1
    libinit.o(.ARM.Collect$$libinit$$00000000) refers (Special) to libinit2.o(.ARM.Collect$$libinit$$00000004) for __rt_lib_init_preinit_1
    libinit.o(.ARM.Collect$$libinit$$00000000) refers (Special) to libinit2.o(.ARM.Collect$$libinit$$0000000E) for __rt_lib_init_rand_1
    libinit.o(.ARM.Collect$$libinit$$00000000) refers (Special) to libinit2.o(.ARM.Collect$$libinit$$00000033) for __rt_lib_init_return
    libinit.o(.ARM.Collect$$libinit$$00000000) refers (Special) to libinit2.o(.ARM.Collect$$libinit$$0000001D) for __rt_lib_init_signal_1
    libinit.o(.ARM.Collect$$libinit$$00000000) refers (Special) to libinit2.o(.ARM.Collect$$libinit$$00000025) for __rt_lib_init_stdio_1
    libinit.o(.ARM.Collect$$libinit$$00000000) refers (Special) to libinit2.o(.ARM.Collect$$libinit$$0000000C) for __rt_lib_init_user_alloc_1
    sys_exit.o(.text) refers (Special) to use_no_semi.o(.text) for __I$use$semihosting
    sys_exit.o(.text) refers (Special) to indicate_semi.o(.text) for __semihosting_library_function
    rtexit.o(.ARM.Collect$$rtexit$$00000000) refers (Special) to rtexit2.o(.ARM.Collect$$rtexit$$00000004) for __rt_exit_exit
    rtexit.o(.ARM.Collect$$rtexit$$00000000) refers (Special) to rtexit2.o(.ARM.Collect$$rtexit$$00000003) for __rt_exit_ls
    rtexit.o(.ARM.Collect$$rtexit$$00000000) refers (Special) to rtexit2.o(.ARM.Collect$$rtexit$$00000002) for __rt_exit_prels_1
    rtexit.o(.ARM.exidx) refers (Special) to rtexit2.o(.ARM.Collect$$rtexit$$00000004) for __rt_exit_exit
    rtexit.o(.ARM.exidx) refers (Special) to rtexit2.o(.ARM.Collect$$rtexit$$00000003) for __rt_exit_ls
    rtexit.o(.ARM.exidx) refers (Special) to rtexit2.o(.ARM.Collect$$rtexit$$00000002) for __rt_exit_prels_1
    rtexit.o(.ARM.exidx) refers to rtexit.o(.ARM.Collect$$rtexit$$00000000) for .ARM.Collect$$rtexit$$00000000
    __raise.o(.text) refers to defsig.o(CL$$defsig) for __default_signal_handler
    defsig_general.o(.text) refers to sys_wrch.o(.text) for _ttywrch
    _get_argv_nomalloc.o(.text) refers (Special) to hrguard.o(.text) for __heap_region$guard
    _get_argv_nomalloc.o(.text) refers to defsig_rtmem_outer.o(.text) for __rt_SIGRTMEM
    _get_argv_nomalloc.o(.text) refers to sys_command.o(.text) for _sys_command_string
    libshutdown2.o(.ARM.Collect$$libshutdown$$0000000D) refers (Weak) to term_alloc.o(.text) for _terminate_alloc
    sys_wrch.o(.text) refers (Special) to use_no_semi.o(.text) for __I$use$semihosting
    sys_wrch.o(.text) refers (Special) to indicate_semi.o(.text) for __semihosting_library_function
    rtexit2.o(.ARM.Collect$$rtexit$$00000003) refers to libshutdown.o(.ARM.Collect$$libshutdown$$00000000) for __rt_lib_shutdown
    rtexit2.o(.ARM.Collect$$rtexit$$00000004) refers to sys_exit.o(.text) for _sys_exit
    rtexit2.o(.ARM.exidx) refers to rtexit2.o(.ARM.Collect$$rtexit$$00000001) for .ARM.Collect$$rtexit$$00000001
    rtexit2.o(.ARM.exidx) refers to rtexit2.o(.ARM.Collect$$rtexit$$00000003) for .ARM.Collect$$rtexit$$00000003
    rtexit2.o(.ARM.exidx) refers to rtexit2.o(.ARM.Collect$$rtexit$$00000004) for .ARM.Collect$$rtexit$$00000004
    defsig.o(CL$$defsig) refers to defsig_rtmem_inner.o(.text) for __rt_SIGRTMEM_inner
    defsig_abrt_inner.o(.text) refers to defsig_general.o(.text) for __default_signal_display
    defsig_fpe_inner.o(.text) refers to defsig_general.o(.text) for __default_signal_display
    defsig_rtred_inner.o(.text) refers to defsig_general.o(.text) for __default_signal_display
    defsig_stak_inner.o(.text) refers to defsig_general.o(.text) for __default_signal_display
    defsig_pvfn_inner.o(.text) refers to defsig_general.o(.text) for __default_signal_display
    defsig_cppl_inner.o(.text) refers to defsig_general.o(.text) for __default_signal_display
    defsig_segv_inner.o(.text) refers to defsig_general.o(.text) for __default_signal_display
    defsig_other.o(.text) refers to defsig_general.o(.text) for __default_signal_display
    libshutdown.o(.ARM.Collect$$libshutdown$$00000000) refers (Special) to libshutdown2.o(.ARM.Collect$$libshutdown$$00000002) for __rt_lib_shutdown_cpp_1
    libshutdown.o(.ARM.Collect$$libshutdown$$00000000) refers (Special) to libshutdown2.o(.ARM.Collect$$libshutdown$$00000007) for __rt_lib_shutdown_fp_trap_1
    libshutdown.o(.ARM.Collect$$libshutdown$$00000000) refers (Special) to libshutdown2.o(.ARM.Collect$$libshutdown$$0000000F) for __rt_lib_shutdown_heap_1
    libshutdown.o(.ARM.Collect$$libshutdown$$00000000) refers (Special) to libshutdown2.o(.ARM.Collect$$libshutdown$$00000010) for __rt_lib_shutdown_return
    libshutdown.o(.ARM.Collect$$libshutdown$$00000000) refers (Special) to libshutdown2.o(.ARM.Collect$$libshutdown$$0000000A) for __rt_lib_shutdown_signal_1
    libshutdown.o(.ARM.Collect$$libshutdown$$00000000) refers (Special) to libshutdown2.o(.ARM.Collect$$libshutdown$$00000004) for __rt_lib_shutdown_stdio_1
    libshutdown.o(.ARM.Collect$$libshutdown$$00000000) refers (Special) to libshutdown2.o(.ARM.Collect$$libshutdown$$0000000C) for __rt_lib_shutdown_user_alloc_1


==============================================================================

Removing Unused input sections from the image.

    Removing main.o(.rev16_text), (4 bytes).
    Removing main.o(.revsh_text), (4 bytes).
    Removing main.o(.rrx_text), (6 bytes).
    Removing lcd.o(.rev16_text), (4 bytes).
    Removing lcd.o(.revsh_text), (4 bytes).
    Removing lcd.o(.rrx_text), (6 bytes).
    Removing init_lib.o(.rev16_text), (4 bytes).
    Removing init_lib.o(.revsh_text), (4 bytes).
    Removing init_lib.o(.rrx_text), (6 bytes).
    Removing xbee.o(.rev16_text), (4 bytes).
    Removing xbee.o(.revsh_text), (4 bytes).
    Removing xbee.o(.rrx_text), (6 bytes).
    Removing xbee.o(i.XbeeSetUp), (76 bytes).
    Removing sleep_lib.o(.rev16_text), (4 bytes).
    Removing sleep_lib.o(.revsh_text), (4 bytes).
    Removing sleep_lib.o(.rrx_text), (6 bytes).
    Removing sleep_lib.o(i.sleep), (224 bytes).
    Removing system_stm32f10x.o(.rev16_text), (4 bytes).
    Removing system_stm32f10x.o(.revsh_text), (4 bytes).
    Removing system_stm32f10x.o(.rrx_text), (6 bytes).
    Removing system_stm32f10x.o(i.SystemCoreClockUpdate), (160 bytes).
    Removing system_stm32f10x.o(.data), (20 bytes).

22 unused section(s) (total 564 bytes) removed from the image.

==============================================================================

Image Symbol Table

    Local Symbols

    Symbol Name                              Value     Ov Type        Size  Object(Section)

    ../clib/angel/boardlib.s                 0x00000000   Number         0  boardshut.o ABSOLUTE
    ../clib/angel/boardlib.s                 0x00000000   Number         0  boardinit1.o ABSOLUTE
    ../clib/angel/boardlib.s                 0x00000000   Number         0  boardinit2.o ABSOLUTE
    ../clib/angel/boardlib.s                 0x00000000   Number         0  boardinit3.o ABSOLUTE
    ../clib/angel/handlers.s                 0x00000000   Number         0  __scatter_zi.o ABSOLUTE
    ../clib/angel/handlers.s                 0x00000000   Number         0  __scatter_copy.o ABSOLUTE
    ../clib/angel/kernel.s                   0x00000000   Number         0  rtexit.o ABSOLUTE
    ../clib/angel/kernel.s                   0x00000000   Number         0  __rtentry4.o ABSOLUTE
    ../clib/angel/kernel.s                   0x00000000   Number         0  __rtentry2.o ABSOLUTE
    ../clib/angel/kernel.s                   0x00000000   Number         0  __rtentry.o ABSOLUTE
    ../clib/angel/kernel.s                   0x00000000   Number         0  rtexit2.o ABSOLUTE
    ../clib/angel/rt.s                       0x00000000   Number         0  rt_heap_descriptor_intlibspace.o ABSOLUTE
    ../clib/angel/rt.s                       0x00000000   Number         0  rt_raise.o ABSOLUTE
    ../clib/angel/rt.s                       0x00000000   Number         0  rt_heap_descriptor.o ABSOLUTE
    ../clib/angel/scatter.s                  0x00000000   Number         0  __scatter.o ABSOLUTE
    ../clib/angel/startup.s                  0x00000000   Number         0  __main.o ABSOLUTE
    ../clib/angel/sys.s                      0x00000000   Number         0  indicate_semi.o ABSOLUTE
    ../clib/angel/sys.s                      0x00000000   Number         0  libspace.o ABSOLUTE
    ../clib/angel/sys.s                      0x00000000   Number         0  sys_stackheap_outer.o ABSOLUTE
    ../clib/angel/sys.s                      0x00000000   Number         0  mutex_dummy.o ABSOLUTE
    ../clib/angel/sys.s                      0x00000000   Number         0  use_no_semi.o ABSOLUTE
    ../clib/angel/sysapp.c                   0x00000000   Number         0  sys_command.o ABSOLUTE
    ../clib/angel/sysapp.c                   0x00000000   Number         0  sys_wrch.o ABSOLUTE
    ../clib/angel/sysapp.c                   0x00000000   Number         0  sys_exit.o ABSOLUTE
    ../clib/armsys.c                         0x00000000   Number         0  _get_argv.o ABSOLUTE
    ../clib/armsys.c                         0x00000000   Number         0  argv_veneer.o ABSOLUTE
    ../clib/armsys.c                         0x00000000   Number         0  argv_veneer.o ABSOLUTE
    ../clib/armsys.c                         0x00000000   Number         0  no_argv.o ABSOLUTE
    ../clib/armsys.c                         0x00000000   Number         0  _get_argv_nomalloc.o ABSOLUTE
    ../clib/heap1.c                          0x00000000   Number         0  h1_extend.o ABSOLUTE
    ../clib/heap1.c                          0x00000000   Number         0  h1_realloc_mt.o ABSOLUTE
    ../clib/heap1.c                          0x00000000   Number         0  h1_final.o ABSOLUTE
    ../clib/heap1.c                          0x00000000   Number         0  h1_extend_mt.o ABSOLUTE
    ../clib/heap1.c                          0x00000000   Number         0  h1_init_mt.o ABSOLUTE
    ../clib/heap1.c                          0x00000000   Number         0  h1_realloc.o ABSOLUTE
    ../clib/heap1.c                          0x00000000   Number         0  h1_free_mt.o ABSOLUTE
    ../clib/heap1.c                          0x00000000   Number         0  h1_init.o ABSOLUTE
    ../clib/heap1.c                          0x00000000   Number         0  h1_alloc_mt.o ABSOLUTE
    ../clib/heap1.c                          0x00000000   Number         0  h1_free.o ABSOLUTE
    ../clib/heap1.c                          0x00000000   Number         0  h1_alloc.o ABSOLUTE
    ../clib/heap1.c                          0x00000000   Number         0  h1_final_mt.o ABSOLUTE
    ../clib/heap2.c                          0x00000000   Number         0  heap2.o ABSOLUTE
    ../clib/heap2.c                          0x00000000   Number         0  heap2mt.o ABSOLUTE
    ../clib/heap2.c                          0x00000000   Number         0  fdtree.o ABSOLUTE
    ../clib/heapalloc.c                      0x00000000   Number         0  malloc.o ABSOLUTE
    ../clib/heapalloc.c                      0x00000000   Number         0  term_alloc.o ABSOLUTE
    ../clib/heapalloc.c                      0x00000000   Number         0  hguard.o ABSOLUTE
    ../clib/heapalloc.c                      0x00000000   Number         0  realloc.o ABSOLUTE
    ../clib/heapalloc.c                      0x00000000   Number         0  maybetermalloc1.o ABSOLUTE
    ../clib/heapalloc.c                      0x00000000   Number         0  maybetermalloc1.o ABSOLUTE
    ../clib/heapalloc.c                      0x00000000   Number         0  maybetermalloc2.o ABSOLUTE
    ../clib/heapalloc.c                      0x00000000   Number         0  maybetermalloc2.o ABSOLUTE
    ../clib/heapalloc.c                      0x00000000   Number         0  hrguard.o ABSOLUTE
    ../clib/heapalloc.c                      0x00000000   Number         0  heapstubs.o ABSOLUTE
    ../clib/heapalloc.c                      0x00000000   Number         0  free.o ABSOLUTE
    ../clib/heapalloc.c                      0x00000000   Number         0  init_alloc.o ABSOLUTE
    ../clib/heapaux.c                        0x00000000   Number         0  heapauxa.o ABSOLUTE
    ../clib/heapaux.c                        0x00000000   Number         0  heapauxi.o ABSOLUTE
    ../clib/libinit.s                        0x00000000   Number         0  libshutdown.o ABSOLUTE
    ../clib/libinit.s                        0x00000000   Number         0  libinit.o ABSOLUTE
    ../clib/libinit.s                        0x00000000   Number         0  libinit2.o ABSOLUTE
    ../clib/libinit.s                        0x00000000   Number         0  libshutdown2.o ABSOLUTE
    ../clib/memcpset.s                       0x00000000   Number         0  rt_memcpy_w.o ABSOLUTE
    ../clib/signal.c                         0x00000000   Number         0  defsig_rtmem_formal.o ABSOLUTE
    ../clib/signal.c                         0x00000000   Number         0  defsig_rtmem_outer.o ABSOLUTE
    ../clib/signal.c                         0x00000000   Number         0  defsig_general.o ABSOLUTE
    ../clib/signal.c                         0x00000000   Number         0  defsig_rtmem_inner.o ABSOLUTE
    ../clib/signal.c                         0x00000000   Number         0  defsig_exit.o ABSOLUTE
    ../clib/signal.c                         0x00000000   Number         0  defsig_segv_inner.o ABSOLUTE
    ../clib/signal.c                         0x00000000   Number         0  defsig_cppl_inner.o ABSOLUTE
    ../clib/signal.c                         0x00000000   Number         0  defsig_pvfn_inner.o ABSOLUTE
    ../clib/signal.c                         0x00000000   Number         0  defsig_rtred_inner.o ABSOLUTE
    ../clib/signal.c                         0x00000000   Number         0  defsig_fpe_inner.o ABSOLUTE
    ../clib/signal.c                         0x00000000   Number         0  defsig_other.o ABSOLUTE
    ../clib/signal.c                         0x00000000   Number         0  defsig_abrt_inner.o ABSOLUTE
    ../clib/signal.c                         0x00000000   Number         0  __raise.o ABSOLUTE
    ../clib/signal.c                         0x00000000   Number         0  defsig_stak_inner.o ABSOLUTE
    ../clib/signal.s                         0x00000000   Number         0  defsig.o ABSOLUTE
    ../clib/stdlib.c                         0x00000000   Number         0  exit.o ABSOLUTE
    ../clib/string.c                         0x00000000   Number         0  strlen.o ABSOLUTE
    ../fplib/fpinit.s                        0x00000000   Number         0  fpinit.o ABSOLUTE
    LCD.c                                    0x00000000   Number         0  lcd.o ABSOLUTE
    LCD.c                                    0x00000000   Number         0  lcd.o ABSOLUTE
    RTE\Device\STM32F100RB\startup_stm32f10x_md_vl.s 0x00000000   Number         0  startup_stm32f10x_md_vl.o ABSOLUTE
    RTE\Device\STM32F100RB\system_stm32f10x.c 0x00000000   Number         0  system_stm32f10x.o ABSOLUTE
    RTE\\Device\\STM32F100RB\\system_stm32f10x.c 0x00000000   Number         0  system_stm32f10x.o ABSOLUTE
    dc.s                                     0x00000000   Number         0  dc.o ABSOLUTE
    init_lib.c                               0x00000000   Number         0  init_lib.o ABSOLUTE
    init_lib.c                               0x00000000   Number         0  init_lib.o ABSOLUTE
    main.c                                   0x00000000   Number         0  main.o ABSOLUTE
    main.c                                   0x00000000   Number         0  main.o ABSOLUTE
    sleep_lib.c                              0x00000000   Number         0  sleep_lib.o ABSOLUTE
    sleep_lib.c                              0x00000000   Number         0  sleep_lib.o ABSOLUTE
    xbee.c                                   0x00000000   Number         0  xbee.o ABSOLUTE
    xbee.c                                   0x00000000   Number         0  xbee.o ABSOLUTE
    RESET                                    0x08000000   Section      288  startup_stm32f10x_md_vl.o(RESET)
    !!!main                                  0x08000120   Section        8  __main.o(!!!main)
    !!!scatter                               0x08000128   Section       52  __scatter.o(!!!scatter)
    !!handler_copy                           0x0800015c   Section       26  __scatter_copy.o(!!handler_copy)
    !!handler_zi                             0x08000178   Section       28  __scatter_zi.o(!!handler_zi)
    .ARM.Collect$$libinit$$00000000          0x08000194   Section        2  libinit.o(.ARM.Collect$$libinit$$00000000)
    .ARM.Collect$$libinit$$00000002          0x08000196   Section        0  libinit2.o(.ARM.Collect$$libinit$$00000002)
    .ARM.Collect$$libinit$$00000004          0x08000196   Section        0  libinit2.o(.ARM.Collect$$libinit$$00000004)
    .ARM.Collect$$libinit$$00000005          0x08000196   Section        8  libinit2.o(.ARM.Collect$$libinit$$00000005)
    .ARM.Collect$$libinit$$0000000A          0x0800019e   Section        0  libinit2.o(.ARM.Collect$$libinit$$0000000A)
    .ARM.Collect$$libinit$$0000000C          0x0800019e   Section        0  libinit2.o(.ARM.Collect$$libinit$$0000000C)
    .ARM.Collect$$libinit$$0000000E          0x0800019e   Section        0  libinit2.o(.ARM.Collect$$libinit$$0000000E)
    .ARM.Collect$$libinit$$00000011          0x0800019e   Section        0  libinit2.o(.ARM.Collect$$libinit$$00000011)
    .ARM.Collect$$libinit$$00000013          0x0800019e   Section        0  libinit2.o(.ARM.Collect$$libinit$$00000013)
    .ARM.Collect$$libinit$$00000015          0x0800019e   Section        0  libinit2.o(.ARM.Collect$$libinit$$00000015)
    .ARM.Collect$$libinit$$00000017          0x0800019e   Section        0  libinit2.o(.ARM.Collect$$libinit$$00000017)
    .ARM.Collect$$libinit$$00000019          0x0800019e   Section        0  libinit2.o(.ARM.Collect$$libinit$$00000019)
    .ARM.Collect$$libinit$$0000001B          0x0800019e   Section        0  libinit2.o(.ARM.Collect$$libinit$$0000001B)
    .ARM.Collect$$libinit$$0000001D          0x0800019e   Section        0  libinit2.o(.ARM.Collect$$libinit$$0000001D)
    .ARM.Collect$$libinit$$0000001F          0x0800019e   Section        0  libinit2.o(.ARM.Collect$$libinit$$0000001F)
    .ARM.Collect$$libinit$$00000021          0x0800019e   Section        0  libinit2.o(.ARM.Collect$$libinit$$00000021)
    .ARM.Collect$$libinit$$00000023          0x0800019e   Section        0  libinit2.o(.ARM.Collect$$libinit$$00000023)
    .ARM.Collect$$libinit$$00000025          0x0800019e   Section        0  libinit2.o(.ARM.Collect$$libinit$$00000025)
    .ARM.Collect$$libinit$$0000002C          0x0800019e   Section        0  libinit2.o(.ARM.Collect$$libinit$$0000002C)
    .ARM.Collect$$libinit$$0000002E          0x0800019e   Section        0  libinit2.o(.ARM.Collect$$libinit$$0000002E)
    .ARM.Collect$$libinit$$00000030          0x0800019e   Section        0  libinit2.o(.ARM.Collect$$libinit$$00000030)
    .ARM.Collect$$libinit$$00000032          0x0800019e   Section        0  libinit2.o(.ARM.Collect$$libinit$$00000032)
    .ARM.Collect$$libinit$$00000033          0x0800019e   Section        2  libinit2.o(.ARM.Collect$$libinit$$00000033)
    .ARM.Collect$$libshutdown$$00000000      0x080001a0   Section        2  libshutdown.o(.ARM.Collect$$libshutdown$$00000000)
    .ARM.Collect$$libshutdown$$00000002      0x080001a2   Section        0  libshutdown2.o(.ARM.Collect$$libshutdown$$00000002)
    .ARM.Collect$$libshutdown$$00000004      0x080001a2   Section        0  libshutdown2.o(.ARM.Collect$$libshutdown$$00000004)
    .ARM.Collect$$libshutdown$$00000007      0x080001a2   Section        0  libshutdown2.o(.ARM.Collect$$libshutdown$$00000007)
    .ARM.Collect$$libshutdown$$0000000A      0x080001a2   Section        0  libshutdown2.o(.ARM.Collect$$libshutdown$$0000000A)
    .ARM.Collect$$libshutdown$$0000000C      0x080001a2   Section        0  libshutdown2.o(.ARM.Collect$$libshutdown$$0000000C)
    .ARM.Collect$$libshutdown$$0000000F      0x080001a2   Section        0  libshutdown2.o(.ARM.Collect$$libshutdown$$0000000F)
    .ARM.Collect$$libshutdown$$00000010      0x080001a2   Section        2  libshutdown2.o(.ARM.Collect$$libshutdown$$00000010)
    .ARM.Collect$$rtentry$$00000000          0x080001a4   Section        0  __rtentry.o(.ARM.Collect$$rtentry$$00000000)
    .ARM.Collect$$rtentry$$00000002          0x080001a4   Section        0  __rtentry2.o(.ARM.Collect$$rtentry$$00000002)
    .ARM.Collect$$rtentry$$00000004          0x080001a4   Section        6  __rtentry4.o(.ARM.Collect$$rtentry$$00000004)
    .ARM.Collect$$rtentry$$00000009          0x080001aa   Section        0  __rtentry2.o(.ARM.Collect$$rtentry$$00000009)
    .ARM.Collect$$rtentry$$0000000A          0x080001aa   Section        4  __rtentry2.o(.ARM.Collect$$rtentry$$0000000A)
    .ARM.Collect$$rtentry$$0000000C          0x080001ae   Section        0  __rtentry2.o(.ARM.Collect$$rtentry$$0000000C)
    .ARM.Collect$$rtentry$$0000000D          0x080001ae   Section        8  __rtentry2.o(.ARM.Collect$$rtentry$$0000000D)
    .ARM.Collect$$rtexit$$00000000           0x080001b6   Section        2  rtexit.o(.ARM.Collect$$rtexit$$00000000)
    .ARM.Collect$$rtexit$$00000002           0x080001b8   Section        0  rtexit2.o(.ARM.Collect$$rtexit$$00000002)
    .ARM.Collect$$rtexit$$00000003           0x080001b8   Section        4  rtexit2.o(.ARM.Collect$$rtexit$$00000003)
    .ARM.Collect$$rtexit$$00000004           0x080001bc   Section        6  rtexit2.o(.ARM.Collect$$rtexit$$00000004)
    .emb_text                                0x080001c4   Section        0  maybetermalloc1.o(.emb_text)
    .text                                    0x080001c4   Section       64  startup_stm32f10x_md_vl.o(.text)
    .text                                    0x08000204   Section        0  h1_realloc.o(.text)
    .text                                    0x080002bc   Section        0  strlen.o(.text)
    .text                                    0x080002fa   Section        0  heapauxi.o(.text)
    .text                                    0x08000300   Section        8  rt_heap_descriptor_intlibspace.o(.text)
    .text                                    0x08000308   Section        0  hguard.o(.text)
    .text                                    0x0800030c   Section        0  init_alloc.o(.text)
    .text                                    0x08000396   Section        0  h1_alloc.o(.text)
    .text                                    0x080003f4   Section        0  h1_free.o(.text)
    .text                                    0x08000442   Section      100  rt_memcpy_w.o(.text)
    .text                                    0x080004a8   Section        8  libspace.o(.text)
    .text                                    0x080004b0   Section        0  h1_init.o(.text)
    .text                                    0x080004be   Section        0  h1_extend.o(.text)
    .text                                    0x080004f2   Section        0  defsig_rtmem_outer.o(.text)
    .text                                    0x08000500   Section       74  sys_stackheap_outer.o(.text)
    .text                                    0x0800054a   Section        0  exit.o(.text)
    .text                                    0x0800055c   Section        0  defsig_exit.o(.text)
    .text                                    0x08000568   Section        0  defsig_rtmem_inner.o(.text)
    .text                                    0x080005b8   Section        0  sys_exit.o(.text)
    .text                                    0x080005c4   Section        2  use_no_semi.o(.text)
    .text                                    0x080005c6   Section        0  defsig_general.o(.text)
    .text                                    0x080005c6   Section        0  indicate_semi.o(.text)
    .text                                    0x080005f8   Section        0  sys_wrch.o(.text)
    i.Configure_RTC                          0x08000608   Section        0  sleep_lib.o(i.Configure_RTC)
    i.Disable_RTC                            0x08000790   Section        0  sleep_lib.o(i.Disable_RTC)
    i.RTCAlarm_IRQHandler                    0x08000814   Section        0  sleep_lib.o(i.RTCAlarm_IRQHandler)
    i.SetSysClock                            0x0800089c   Section        0  system_stm32f10x.o(i.SetSysClock)
    SetSysClock                              0x0800089d   Thumb Code     8  system_stm32f10x.o(i.SetSysClock)
    i.SetSysClockTo24                        0x080008a4   Section        0  system_stm32f10x.o(i.SetSysClockTo24)
    SetSysClockTo24                          0x080008a5   Thumb Code   178  system_stm32f10x.o(i.SetSysClockTo24)
    i.SystemInit                             0x0800095c   Section        0  system_stm32f10x.o(i.SystemInit)
    i.USART3_IRQHandler                      0x080009c0   Section        0  xbee.o(i.USART3_IRQHandler)
    i.XbeeRecieve                            0x08000a4c   Section        0  xbee.o(i.XbeeRecieve)
    i.clockInit                              0x08000ae4   Section        0  init_lib.o(i.clockInit)
    i.commandToLCD                           0x08000b0c   Section        0  lcd.o(i.commandToLCD)
    i.dataToLCD                              0x08000b58   Section        0  lcd.o(i.dataToLCD)
    i.delay                                  0x08000ba4   Section        0  lcd.o(i.delay)
    i.indexED                                0x08000bb0   Section        0  main.o(i.indexED)
    i.initLCD                                0x08000c40   Section        0  lcd.o(i.initLCD)
    i.initLCDsequence                        0x08000c74   Section        0  lcd.o(i.initLCDsequence)
    i.init_usart                             0x08000cd8   Section        0  xbee.o(i.init_usart)
    i.main                                   0x08000d74   Section        0  main.o(i.main)
    i.recieve_usart                          0x08000e98   Section        0  xbee.o(i.recieve_usart)
    i.send_usart                             0x08000eb4   Section        0  xbee.o(i.send_usart)
    i.stringToLCD                            0x08000ed0   Section        0  lcd.o(i.stringToLCD)
    i.xbeeSend                               0x08000f0a   Section        0  xbee.o(i.xbeeSend)
    .data                                    0x20000000   Section        2  main.o(.data)
    cur_state                                0x20000000   Data           1  main.o(.data)
    next_state                               0x20000001   Data           1  main.o(.data)
    .data                                    0x20000004   Section       24  xbee.o(.data)
    k                                        0x20000008   Data           4  xbee.o(.data)
    .data                                    0x2000001c   Section        1  sleep_lib.o(.data)
    .bss                                     0x20000020   Section       30  xbee.o(.bss)
    .bss                                     0x20000040   Section       96  libspace.o(.bss)
    HEAP                                     0x200000a0   Section      512  startup_stm32f10x_md_vl.o(HEAP)
    Heap_Mem                                 0x200000a0   Data         512  startup_stm32f10x_md_vl.o(HEAP)
    STACK                                    0x200002a0   Section     1024  startup_stm32f10x_md_vl.o(STACK)
    Stack_Mem                                0x200002a0   Data        1024  startup_stm32f10x_md_vl.o(STACK)
    __initial_sp                             0x200006a0   Data           0  startup_stm32f10x_md_vl.o(STACK)

    Global Symbols

    Symbol Name                              Value     Ov Type        Size  Object(Section)

    BuildAttributes$$THM_ISAv4$P$D$K$B$S$PE$A:L22UL41UL21$X:L11$S22US41US21$IEEE1$IW$USESV6$~STKCKD$USESV7$~SHL$OTIME$ROPI$EBA8$UX$STANDARDLIB$REQ8$PRES8$EABIv2 0x00000000   Number         0  anon$$obj.o ABSOLUTE
    __ARM_use_no_argv                        0x00000000   Number         0  main.o ABSOLUTE
    __ARM_exceptions_init                     - Undefined Weak Reference
    __alloca_initialize                       - Undefined Weak Reference
    __arm_preinit_                            - Undefined Weak Reference
    __cpp_initialize__aeabi_                  - Undefined Weak Reference
    __cxa_finalize                            - Undefined Weak Reference
    __rt_locale                               - Undefined Weak Reference
    __sigvec_lookup                           - Undefined Weak Reference
    __user_heap_extent                        - Undefined Weak Reference
    _atexit_init                              - Undefined Weak Reference
    _call_atexit_fns                          - Undefined Weak Reference
    _clock_init                               - Undefined Weak Reference
    _fp_trap_init                             - Undefined Weak Reference
    _fp_trap_shutdown                         - Undefined Weak Reference
    _get_lc_collate                           - Undefined Weak Reference
    _get_lc_ctype                             - Undefined Weak Reference
    _get_lc_monetary                          - Undefined Weak Reference
    _get_lc_numeric                           - Undefined Weak Reference
    _get_lc_time                              - Undefined Weak Reference
    _getenv_init                              - Undefined Weak Reference
    _handle_redirection                       - Undefined Weak Reference
    _initio                                   - Undefined Weak Reference
    _mutex_acquire                            - Undefined Weak Reference
    _mutex_free                               - Undefined Weak Reference
    _mutex_release                            - Undefined Weak Reference
    _rand_init                                - Undefined Weak Reference
    _signal_finish                            - Undefined Weak Reference
    _signal_init                              - Undefined Weak Reference
    _terminateio                              - Undefined Weak Reference
    __Vectors_Size                           0x00000120   Number         0  startup_stm32f10x_md_vl.o ABSOLUTE
    __Vectors                                0x08000000   Data           4  startup_stm32f10x_md_vl.o(RESET)
    __Vectors_End                            0x08000120   Data           0  startup_stm32f10x_md_vl.o(RESET)
    __main                                   0x08000121   Thumb Code     8  __main.o(!!!main)
    __scatterload                            0x08000129   Thumb Code     0  __scatter.o(!!!scatter)
    __scatterload_rt2                        0x08000129   Thumb Code    44  __scatter.o(!!!scatter)
    __scatterload_rt2_thumb_only             0x08000129   Thumb Code     0  __scatter.o(!!!scatter)
    __scatterload_null                       0x08000137   Thumb Code     0  __scatter.o(!!!scatter)
    __scatterload_copy                       0x0800015d   Thumb Code    26  __scatter_copy.o(!!handler_copy)
    __scatterload_zeroinit                   0x08000179   Thumb Code    28  __scatter_zi.o(!!handler_zi)
    __rt_lib_init                            0x08000195   Thumb Code     0  libinit.o(.ARM.Collect$$libinit$$00000000)
    __rt_lib_init_fp_1                       0x08000197   Thumb Code     0  libinit2.o(.ARM.Collect$$libinit$$00000002)
    __rt_lib_init_heap_2                     0x08000197   Thumb Code     0  libinit2.o(.ARM.Collect$$libinit$$00000005)
    __rt_lib_init_preinit_1                  0x08000197   Thumb Code     0  libinit2.o(.ARM.Collect$$libinit$$00000004)
    __rt_lib_init_alloca_1                   0x0800019f   Thumb Code     0  libinit2.o(.ARM.Collect$$libinit$$0000002E)
    __rt_lib_init_argv_1                     0x0800019f   Thumb Code     0  libinit2.o(.ARM.Collect$$libinit$$0000002C)
    __rt_lib_init_atexit_1                   0x0800019f   Thumb Code     0  libinit2.o(.ARM.Collect$$libinit$$0000001B)
    __rt_lib_init_clock_1                    0x0800019f   Thumb Code     0  libinit2.o(.ARM.Collect$$libinit$$00000021)
    __rt_lib_init_cpp_1                      0x0800019f   Thumb Code     0  libinit2.o(.ARM.Collect$$libinit$$00000032)
    __rt_lib_init_exceptions_1               0x0800019f   Thumb Code     0  libinit2.o(.ARM.Collect$$libinit$$00000030)
    __rt_lib_init_fp_trap_1                  0x0800019f   Thumb Code     0  libinit2.o(.ARM.Collect$$libinit$$0000001F)
    __rt_lib_init_getenv_1                   0x0800019f   Thumb Code     0  libinit2.o(.ARM.Collect$$libinit$$00000023)
    __rt_lib_init_heap_1                     0x0800019f   Thumb Code     0  libinit2.o(.ARM.Collect$$libinit$$0000000A)
    __rt_lib_init_lc_collate_1               0x0800019f   Thumb Code     0  libinit2.o(.ARM.Collect$$libinit$$00000011)
    __rt_lib_init_lc_ctype_1                 0x0800019f   Thumb Code     0  libinit2.o(.ARM.Collect$$libinit$$00000013)
    __rt_lib_init_lc_monetary_1              0x0800019f   Thumb Code     0  libinit2.o(.ARM.Collect$$libinit$$00000015)
    __rt_lib_init_lc_numeric_1               0x0800019f   Thumb Code     0  libinit2.o(.ARM.Collect$$libinit$$00000017)
    __rt_lib_init_lc_time_1                  0x0800019f   Thumb Code     0  libinit2.o(.ARM.Collect$$libinit$$00000019)
    __rt_lib_init_rand_1                     0x0800019f   Thumb Code     0  libinit2.o(.ARM.Collect$$libinit$$0000000E)
    __rt_lib_init_return                     0x0800019f   Thumb Code     0  libinit2.o(.ARM.Collect$$libinit$$00000033)
    __rt_lib_init_signal_1                   0x0800019f   Thumb Code     0  libinit2.o(.ARM.Collect$$libinit$$0000001D)
    __rt_lib_init_stdio_1                    0x0800019f   Thumb Code     0  libinit2.o(.ARM.Collect$$libinit$$00000025)
    __rt_lib_init_user_alloc_1               0x0800019f   Thumb Code     0  libinit2.o(.ARM.Collect$$libinit$$0000000C)
    __rt_lib_shutdown                        0x080001a1   Thumb Code     0  libshutdown.o(.ARM.Collect$$libshutdown$$00000000)
    __rt_lib_shutdown_cpp_1                  0x080001a3   Thumb Code     0  libshutdown2.o(.ARM.Collect$$libshutdown$$00000002)
    __rt_lib_shutdown_fp_trap_1              0x080001a3   Thumb Code     0  libshutdown2.o(.ARM.Collect$$libshutdown$$00000007)
    __rt_lib_shutdown_heap_1                 0x080001a3   Thumb Code     0  libshutdown2.o(.ARM.Collect$$libshutdown$$0000000F)
    __rt_lib_shutdown_return                 0x080001a3   Thumb Code     0  libshutdown2.o(.ARM.Collect$$libshutdown$$00000010)
    __rt_lib_shutdown_signal_1               0x080001a3   Thumb Code     0  libshutdown2.o(.ARM.Collect$$libshutdown$$0000000A)
    __rt_lib_shutdown_stdio_1                0x080001a3   Thumb Code     0  libshutdown2.o(.ARM.Collect$$libshutdown$$00000004)
    __rt_lib_shutdown_user_alloc_1           0x080001a3   Thumb Code     0  libshutdown2.o(.ARM.Collect$$libshutdown$$0000000C)
    __rt_entry                               0x080001a5   Thumb Code     0  __rtentry.o(.ARM.Collect$$rtentry$$00000000)
    __rt_entry_presh_1                       0x080001a5   Thumb Code     0  __rtentry2.o(.ARM.Collect$$rtentry$$00000002)
    __rt_entry_sh                            0x080001a5   Thumb Code     0  __rtentry4.o(.ARM.Collect$$rtentry$$00000004)
    __rt_entry_li                            0x080001ab   Thumb Code     0  __rtentry2.o(.ARM.Collect$$rtentry$$0000000A)
    __rt_entry_postsh_1                      0x080001ab   Thumb Code     0  __rtentry2.o(.ARM.Collect$$rtentry$$00000009)
    __rt_entry_main                          0x080001af   Thumb Code     0  __rtentry2.o(.ARM.Collect$$rtentry$$0000000D)
    __rt_entry_postli_1                      0x080001af   Thumb Code     0  __rtentry2.o(.ARM.Collect$$rtentry$$0000000C)
    __rt_exit                                0x080001b7   Thumb Code     0  rtexit.o(.ARM.Collect$$rtexit$$00000000)
    __rt_exit_ls                             0x080001b9   Thumb Code     0  rtexit2.o(.ARM.Collect$$rtexit$$00000003)
    __rt_exit_prels_1                        0x080001b9   Thumb Code     0  rtexit2.o(.ARM.Collect$$rtexit$$00000002)
    __rt_exit_exit                           0x080001bd   Thumb Code     0  rtexit2.o(.ARM.Collect$$rtexit$$00000004)
    Reset_Handler                            0x080001c5   Thumb Code     8  startup_stm32f10x_md_vl.o(.text)
    _maybe_terminate_alloc                   0x080001c5   Thumb Code     0  maybetermalloc1.o(.emb_text)
    NMI_Handler                              0x080001cd   Thumb Code     2  startup_stm32f10x_md_vl.o(.text)
    HardFault_Handler                        0x080001cf   Thumb Code     2  startup_stm32f10x_md_vl.o(.text)
    MemManage_Handler                        0x080001d1   Thumb Code     2  startup_stm32f10x_md_vl.o(.text)
    BusFault_Handler                         0x080001d3   Thumb Code     2  startup_stm32f10x_md_vl.o(.text)
    UsageFault_Handler                       0x080001d5   Thumb Code     2  startup_stm32f10x_md_vl.o(.text)
    SVC_Handler                              0x080001d7   Thumb Code     2  startup_stm32f10x_md_vl.o(.text)
    DebugMon_Handler                         0x080001d9   Thumb Code     2  startup_stm32f10x_md_vl.o(.text)
    PendSV_Handler                           0x080001db   Thumb Code     2  startup_stm32f10x_md_vl.o(.text)
    SysTick_Handler                          0x080001dd   Thumb Code     2  startup_stm32f10x_md_vl.o(.text)
    ADC1_IRQHandler                          0x080001df   Thumb Code     0  startup_stm32f10x_md_vl.o(.text)
    CEC_IRQHandler                           0x080001df   Thumb Code     0  startup_stm32f10x_md_vl.o(.text)
    DMA1_Channel1_IRQHandler                 0x080001df   Thumb Code     0  startup_stm32f10x_md_vl.o(.text)
    DMA1_Channel2_IRQHandler                 0x080001df   Thumb Code     0  startup_stm32f10x_md_vl.o(.text)
    DMA1_Channel3_IRQHandler                 0x080001df   Thumb Code     0  startup_stm32f10x_md_vl.o(.text)
    DMA1_Channel4_IRQHandler                 0x080001df   Thumb Code     0  startup_stm32f10x_md_vl.o(.text)
    DMA1_Channel5_IRQHandler                 0x080001df   Thumb Code     0  startup_stm32f10x_md_vl.o(.text)
    DMA1_Channel6_IRQHandler                 0x080001df   Thumb Code     0  startup_stm32f10x_md_vl.o(.text)
    DMA1_Channel7_IRQHandler                 0x080001df   Thumb Code     0  startup_stm32f10x_md_vl.o(.text)
    EXTI0_IRQHandler                         0x080001df   Thumb Code     0  startup_stm32f10x_md_vl.o(.text)
    EXTI15_10_IRQHandler                     0x080001df   Thumb Code     0  startup_stm32f10x_md_vl.o(.text)
    EXTI1_IRQHandler                         0x080001df   Thumb Code     0  startup_stm32f10x_md_vl.o(.text)
    EXTI2_IRQHandler                         0x080001df   Thumb Code     0  startup_stm32f10x_md_vl.o(.text)
    EXTI3_IRQHandler                         0x080001df   Thumb Code     0  startup_stm32f10x_md_vl.o(.text)
    EXTI4_IRQHandler                         0x080001df   Thumb Code     0  startup_stm32f10x_md_vl.o(.text)
    EXTI9_5_IRQHandler                       0x080001df   Thumb Code     0  startup_stm32f10x_md_vl.o(.text)
    FLASH_IRQHandler                         0x080001df   Thumb Code     0  startup_stm32f10x_md_vl.o(.text)
    I2C1_ER_IRQHandler                       0x080001df   Thumb Code     0  startup_stm32f10x_md_vl.o(.text)
    I2C1_EV_IRQHandler                       0x080001df   Thumb Code     0  startup_stm32f10x_md_vl.o(.text)
    I2C2_ER_IRQHandler                       0x080001df   Thumb Code     0  startup_stm32f10x_md_vl.o(.text)
    I2C2_EV_IRQHandler                       0x080001df   Thumb Code     0  startup_stm32f10x_md_vl.o(.text)
    PVD_IRQHandler                           0x080001df   Thumb Code     0  startup_stm32f10x_md_vl.o(.text)
    RCC_IRQHandler                           0x080001df   Thumb Code     0  startup_stm32f10x_md_vl.o(.text)
    RTC_IRQHandler                           0x080001df   Thumb Code     0  startup_stm32f10x_md_vl.o(.text)
    SPI1_IRQHandler                          0x080001df   Thumb Code     0  startup_stm32f10x_md_vl.o(.text)
    SPI2_IRQHandler                          0x080001df   Thumb Code     0  startup_stm32f10x_md_vl.o(.text)
    TAMPER_IRQHandler                        0x080001df   Thumb Code     0  startup_stm32f10x_md_vl.o(.text)
    TIM1_BRK_TIM15_IRQHandler                0x080001df   Thumb Code     0  startup_stm32f10x_md_vl.o(.text)
    TIM1_CC_IRQHandler                       0x080001df   Thumb Code     0  startup_stm32f10x_md_vl.o(.text)
    TIM1_TRG_COM_TIM17_IRQHandler            0x080001df   Thumb Code     0  startup_stm32f10x_md_vl.o(.text)
    TIM1_UP_TIM16_IRQHandler                 0x080001df   Thumb Code     0  startup_stm32f10x_md_vl.o(.text)
    TIM2_IRQHandler                          0x080001df   Thumb Code     0  startup_stm32f10x_md_vl.o(.text)
    TIM3_IRQHandler                          0x080001df   Thumb Code     0  startup_stm32f10x_md_vl.o(.text)
    TIM4_IRQHandler                          0x080001df   Thumb Code     0  startup_stm32f10x_md_vl.o(.text)
    TIM6_DAC_IRQHandler                      0x080001df   Thumb Code     0  startup_stm32f10x_md_vl.o(.text)
    TIM7_IRQHandler                          0x080001df   Thumb Code     0  startup_stm32f10x_md_vl.o(.text)
    USART1_IRQHandler                        0x080001df   Thumb Code     0  startup_stm32f10x_md_vl.o(.text)
    USART2_IRQHandler                        0x080001df   Thumb Code     0  startup_stm32f10x_md_vl.o(.text)
    WWDG_IRQHandler                          0x080001df   Thumb Code     0  startup_stm32f10x_md_vl.o(.text)
    __user_initial_stackheap                 0x080001e1   Thumb Code     0  startup_stm32f10x_md_vl.o(.text)
    realloc                                  0x08000205   Thumb Code   184  h1_realloc.o(.text)
    strlen                                   0x080002bd   Thumb Code    62  strlen.o(.text)
    __use_two_region_memory                  0x080002fb   Thumb Code     2  heapauxi.o(.text)
    __rt_heap_escrow                         0x080002fd   Thumb Code     2  heapauxi.o(.text)
    __rt_heap_expand                         0x080002ff   Thumb Code     2  heapauxi.o(.text)
    __rt_heap_descriptor                     0x08000301   Thumb Code     8  rt_heap_descriptor_intlibspace.o(.text)
    __use_no_heap                            0x08000309   Thumb Code     2  hguard.o(.text)
    __heap$guard                             0x0800030b   Thumb Code     2  hguard.o(.text)
    _terminate_user_alloc                    0x0800030d   Thumb Code     2  init_alloc.o(.text)
    _init_user_alloc                         0x0800030f   Thumb Code     2  init_alloc.o(.text)
    __Heap_Full                              0x08000311   Thumb Code    34  init_alloc.o(.text)
    __Heap_Broken                            0x08000333   Thumb Code     6  init_alloc.o(.text)
    _init_alloc                              0x08000339   Thumb Code    94  init_alloc.o(.text)
    malloc                                   0x08000397   Thumb Code    94  h1_alloc.o(.text)
    free                                     0x080003f5   Thumb Code    78  h1_free.o(.text)
    __aeabi_memcpy4                          0x08000443   Thumb Code     0  rt_memcpy_w.o(.text)
    __aeabi_memcpy8                          0x08000443   Thumb Code     0  rt_memcpy_w.o(.text)
    __rt_memcpy_w                            0x08000443   Thumb Code   100  rt_memcpy_w.o(.text)
    _memcpy_lastbytes_aligned                0x0800048b   Thumb Code     0  rt_memcpy_w.o(.text)
    __user_libspace                          0x080004a9   Thumb Code     8  libspace.o(.text)
    __user_perproc_libspace                  0x080004a9   Thumb Code     0  libspace.o(.text)
    __user_perthread_libspace                0x080004a9   Thumb Code     0  libspace.o(.text)
    __Heap_Initialize                        0x080004b1   Thumb Code    10  h1_init.o(.text)
    __Heap_DescSize                          0x080004bb   Thumb Code     4  h1_init.o(.text)
    __Heap_ProvideMemory                     0x080004bf   Thumb Code    52  h1_extend.o(.text)
    __rt_SIGRTMEM                            0x080004f3   Thumb Code    14  defsig_rtmem_outer.o(.text)
    __user_setup_stackheap                   0x08000501   Thumb Code    74  sys_stackheap_outer.o(.text)
    exit                                     0x0800054b   Thumb Code    18  exit.o(.text)
    __sig_exit                               0x0800055d   Thumb Code    10  defsig_exit.o(.text)
    __rt_SIGRTMEM_inner                      0x08000569   Thumb Code    22  defsig_rtmem_inner.o(.text)
    _sys_exit                                0x080005b9   Thumb Code     8  sys_exit.o(.text)
    __I$use$semihosting                      0x080005c5   Thumb Code     0  use_no_semi.o(.text)
    __use_no_semihosting_swi                 0x080005c5   Thumb Code     2  use_no_semi.o(.text)
    __default_signal_display                 0x080005c7   Thumb Code    50  defsig_general.o(.text)
    __semihosting_library_function           0x080005c7   Thumb Code     0  indicate_semi.o(.text)
    _ttywrch                                 0x080005f9   Thumb Code    14  sys_wrch.o(.text)
    Configure_RTC                            0x08000609   Thumb Code   366  sleep_lib.o(i.Configure_RTC)
    Disable_RTC                              0x08000791   Thumb Code   118  sleep_lib.o(i.Disable_RTC)
    RTCAlarm_IRQHandler                      0x08000815   Thumb Code   118  sleep_lib.o(i.RTCAlarm_IRQHandler)
    SystemInit                               0x0800095d   Thumb Code    82  system_stm32f10x.o(i.SystemInit)
    USART3_IRQHandler                        0x080009c1   Thumb Code   120  xbee.o(i.USART3_IRQHandler)
    XbeeRecieve                              0x08000a4d   Thumb Code   136  xbee.o(i.XbeeRecieve)
    clockInit                                0x08000ae5   Thumb Code    32  init_lib.o(i.clockInit)
    commandToLCD                             0x08000b0d   Thumb Code    58  lcd.o(i.commandToLCD)
    dataToLCD                                0x08000b59   Thumb Code    56  lcd.o(i.dataToLCD)
    delay                                    0x08000ba5   Thumb Code    12  lcd.o(i.delay)
    indexED                                  0x08000bb1   Thumb Code   116  main.o(i.indexED)
    initLCD                                  0x08000c41   Thumb Code    34  lcd.o(i.initLCD)
    initLCDsequence                          0x08000c75   Thumb Code    96  lcd.o(i.initLCDsequence)
    init_usart                               0x08000cd9   Thumb Code   136  xbee.o(i.init_usart)
    main                                     0x08000d75   Thumb Code   204  main.o(i.main)
    recieve_usart                            0x08000e99   Thumb Code    24  xbee.o(i.recieve_usart)
    send_usart                               0x08000eb5   Thumb Code    22  xbee.o(i.send_usart)
    stringToLCD                              0x08000ed1   Thumb Code    58  lcd.o(i.stringToLCD)
    xbeeSend                                 0x08000f0b   Thumb Code   192  xbee.o(i.xbeeSend)
    Region$$Table$$Base                      0x08000fcc   Number         0  anon$$obj.o(Region$$Table)
    Region$$Table$$Limit                     0x08000fec   Number         0  anon$$obj.o(Region$$Table)
    bsize                                    0x20000004   Data           1  xbee.o(.data)
    bfull                                    0x20000005   Data           1  xbee.o(.data)
    ED1                                      0x2000000c   Data           8  xbee.o(.data)
    ED2                                      0x20000014   Data           8  xbee.o(.data)
    alarm                                    0x2000001c   Data           1  sleep_lib.o(.data)
    buffer                                   0x20000020   Data          30  xbee.o(.bss)
    __libspace_start                         0x20000040   Data          96  libspace.o(.bss)
    __temporary_stack_top$libspace           0x200000a0   Data           0  libspace.o(.bss)



==============================================================================

Memory Map of the image

  Image Entry point : 0x08000121

  Load Region LR_IROM1 (Base: 0x08000000, Size: 0x0000100c, Max: 0x00020000, ABSOLUTE)

    Execution Region ER_IROM1 (Exec base: 0x08000000, Load base: 0x08000000, Size: 0x00000fec, Max: 0x00020000, ABSOLUTE)

    Exec Addr    Load Addr    Size         Type   Attr      Idx    E Section Name        Object

    0x08000000   0x08000000   0x00000120   Data   RO          288    RESET               startup_stm32f10x_md_vl.o
    0x08000120   0x08000120   0x00000008   Code   RO          401  * !!!main             c_w.l(__main.o)
    0x08000128   0x08000128   0x00000034   Code   RO          616    !!!scatter          c_w.l(__scatter.o)
    0x0800015c   0x0800015c   0x0000001a   Code   RO          618    !!handler_copy      c_w.l(__scatter_copy.o)
    0x08000176   0x08000176   0x00000002   PAD
    0x08000178   0x08000178   0x0000001c   Code   RO          620    !!handler_zi        c_w.l(__scatter_zi.o)
    0x08000194   0x08000194   0x00000002   Code   RO          546    .ARM.Collect$$libinit$$00000000  c_w.l(libinit.o)
    0x08000196   0x08000196   0x00000000   Code   RO          479    .ARM.Collect$$libinit$$00000002  c_w.l(libinit2.o)
    0x08000196   0x08000196   0x00000000   Code   RO          481    .ARM.Collect$$libinit$$00000004  c_w.l(libinit2.o)
    0x08000196   0x08000196   0x00000008   Code   RO          482    .ARM.Collect$$libinit$$00000005  c_w.l(libinit2.o)
    0x0800019e   0x0800019e   0x00000000   Code   RO          484    .ARM.Collect$$libinit$$0000000A  c_w.l(libinit2.o)
    0x0800019e   0x0800019e   0x00000000   Code   RO          486    .ARM.Collect$$libinit$$0000000C  c_w.l(libinit2.o)
    0x0800019e   0x0800019e   0x00000000   Code   RO          488    .ARM.Collect$$libinit$$0000000E  c_w.l(libinit2.o)
    0x0800019e   0x0800019e   0x00000000   Code   RO          491    .ARM.Collect$$libinit$$00000011  c_w.l(libinit2.o)
    0x0800019e   0x0800019e   0x00000000   Code   RO          493    .ARM.Collect$$libinit$$00000013  c_w.l(libinit2.o)
    0x0800019e   0x0800019e   0x00000000   Code   RO          495    .ARM.Collect$$libinit$$00000015  c_w.l(libinit2.o)
    0x0800019e   0x0800019e   0x00000000   Code   RO          497    .ARM.Collect$$libinit$$00000017  c_w.l(libinit2.o)
    0x0800019e   0x0800019e   0x00000000   Code   RO          499    .ARM.Collect$$libinit$$00000019  c_w.l(libinit2.o)
    0x0800019e   0x0800019e   0x00000000   Code   RO          501    .ARM.Collect$$libinit$$0000001B  c_w.l(libinit2.o)
    0x0800019e   0x0800019e   0x00000000   Code   RO          503    .ARM.Collect$$libinit$$0000001D  c_w.l(libinit2.o)
    0x0800019e   0x0800019e   0x00000000   Code   RO          505    .ARM.Collect$$libinit$$0000001F  c_w.l(libinit2.o)
    0x0800019e   0x0800019e   0x00000000   Code   RO          507    .ARM.Collect$$libinit$$00000021  c_w.l(libinit2.o)
    0x0800019e   0x0800019e   0x00000000   Code   RO          509    .ARM.Collect$$libinit$$00000023  c_w.l(libinit2.o)
    0x0800019e   0x0800019e   0x00000000   Code   RO          511    .ARM.Collect$$libinit$$00000025  c_w.l(libinit2.o)
    0x0800019e   0x0800019e   0x00000000   Code   RO          515    .ARM.Collect$$libinit$$0000002C  c_w.l(libinit2.o)
    0x0800019e   0x0800019e   0x00000000   Code   RO          517    .ARM.Collect$$libinit$$0000002E  c_w.l(libinit2.o)
    0x0800019e   0x0800019e   0x00000000   Code   RO          519    .ARM.Collect$$libinit$$00000030  c_w.l(libinit2.o)
    0x0800019e   0x0800019e   0x00000000   Code   RO          521    .ARM.Collect$$libinit$$00000032  c_w.l(libinit2.o)
    0x0800019e   0x0800019e   0x00000002   Code   RO          522    .ARM.Collect$$libinit$$00000033  c_w.l(libinit2.o)
    0x080001a0   0x080001a0   0x00000002   Code   RO          613    .ARM.Collect$$libshutdown$$00000000  c_w.l(libshutdown.o)
    0x080001a2   0x080001a2   0x00000000   Code   RO          569    .ARM.Collect$$libshutdown$$00000002  c_w.l(libshutdown2.o)
    0x080001a2   0x080001a2   0x00000000   Code   RO          571    .ARM.Collect$$libshutdown$$00000004  c_w.l(libshutdown2.o)
    0x080001a2   0x080001a2   0x00000000   Code   RO          574    .ARM.Collect$$libshutdown$$00000007  c_w.l(libshutdown2.o)
    0x080001a2   0x080001a2   0x00000000   Code   RO          577    .ARM.Collect$$libshutdown$$0000000A  c_w.l(libshutdown2.o)
    0x080001a2   0x080001a2   0x00000000   Code   RO          579    .ARM.Collect$$libshutdown$$0000000C  c_w.l(libshutdown2.o)
    0x080001a2   0x080001a2   0x00000000   Code   RO          582    .ARM.Collect$$libshutdown$$0000000F  c_w.l(libshutdown2.o)
    0x080001a2   0x080001a2   0x00000002   Code   RO          583    .ARM.Collect$$libshutdown$$00000010  c_w.l(libshutdown2.o)
    0x080001a4   0x080001a4   0x00000000   Code   RO          405    .ARM.Collect$$rtentry$$00000000  c_w.l(__rtentry.o)
    0x080001a4   0x080001a4   0x00000000   Code   RO          445    .ARM.Collect$$rtentry$$00000002  c_w.l(__rtentry2.o)
    0x080001a4   0x080001a4   0x00000006   Code   RO          457    .ARM.Collect$$rtentry$$00000004  c_w.l(__rtentry4.o)
    0x080001aa   0x080001aa   0x00000000   Code   RO          447    .ARM.Collect$$rtentry$$00000009  c_w.l(__rtentry2.o)
    0x080001aa   0x080001aa   0x00000004   Code   RO          448    .ARM.Collect$$rtentry$$0000000A  c_w.l(__rtentry2.o)
    0x080001ae   0x080001ae   0x00000000   Code   RO          450    .ARM.Collect$$rtentry$$0000000C  c_w.l(__rtentry2.o)
    0x080001ae   0x080001ae   0x00000008   Code   RO          451    .ARM.Collect$$rtentry$$0000000D  c_w.l(__rtentry2.o)
    0x080001b6   0x080001b6   0x00000002   Code   RO          554    .ARM.Collect$$rtexit$$00000000  c_w.l(rtexit.o)
    0x080001b8   0x080001b8   0x00000000   Code   RO          587    .ARM.Collect$$rtexit$$00000002  c_w.l(rtexit2.o)
    0x080001b8   0x080001b8   0x00000004   Code   RO          588    .ARM.Collect$$rtexit$$00000003  c_w.l(rtexit2.o)
    0x080001bc   0x080001bc   0x00000006   Code   RO          589    .ARM.Collect$$rtexit$$00000004  c_w.l(rtexit2.o)
    0x080001c2   0x080001c2   0x00000002   PAD
    0x080001c4   0x080001c4   0x00000000   Code   RO          459    .emb_text           c_w.l(maybetermalloc1.o)
    0x080001c4   0x080001c4   0x00000040   Code   RO          289    .text               startup_stm32f10x_md_vl.o
    0x08000204   0x08000204   0x000000b8   Code   RO          343    .text               c_w.l(h1_realloc.o)
    0x080002bc   0x080002bc   0x0000003e   Code   RO          397    .text               c_w.l(strlen.o)
    0x080002fa   0x080002fa   0x00000006   Code   RO          399    .text               c_w.l(heapauxi.o)
    0x08000300   0x08000300   0x00000008   Code   RO          409    .text               c_w.l(rt_heap_descriptor_intlibspace.o)
    0x08000308   0x08000308   0x00000004   Code   RO          411    .text               c_w.l(hguard.o)
    0x0800030c   0x0800030c   0x0000008a   Code   RO          413    .text               c_w.l(init_alloc.o)
    0x08000396   0x08000396   0x0000005e   Code   RO          421    .text               c_w.l(h1_alloc.o)
    0x080003f4   0x080003f4   0x0000004e   Code   RO          423    .text               c_w.l(h1_free.o)
    0x08000442   0x08000442   0x00000064   Code   RO          439    .text               c_w.l(rt_memcpy_w.o)
    0x080004a6   0x080004a6   0x00000002   PAD
    0x080004a8   0x080004a8   0x00000008   Code   RO          441    .text               c_w.l(libspace.o)
    0x080004b0   0x080004b0   0x0000000e   Code   RO          461    .text               c_w.l(h1_init.o)
    0x080004be   0x080004be   0x00000034   Code   RO          463    .text               c_w.l(h1_extend.o)
    0x080004f2   0x080004f2   0x0000000e   Code   RO          469    .text               c_w.l(defsig_rtmem_outer.o)
    0x08000500   0x08000500   0x0000004a   Code   RO          525    .text               c_w.l(sys_stackheap_outer.o)
    0x0800054a   0x0800054a   0x00000012   Code   RO          533    .text               c_w.l(exit.o)
    0x0800055c   0x0800055c   0x0000000a   Code   RO          535    .text               c_w.l(defsig_exit.o)
    0x08000566   0x08000566   0x00000002   PAD
    0x08000568   0x08000568   0x00000050   Code   RO          537    .text               c_w.l(defsig_rtmem_inner.o)
    0x080005b8   0x080005b8   0x0000000c   Code   RO          549    .text               c_w.l(sys_exit.o)
    0x080005c4   0x080005c4   0x00000002   Code   RO          551    .text               c_w.l(use_no_semi.o)
    0x080005c6   0x080005c6   0x00000000   Code   RO          553    .text               c_w.l(indicate_semi.o)
    0x080005c6   0x080005c6   0x00000032   Code   RO          562    .text               c_w.l(defsig_general.o)
    0x080005f8   0x080005f8   0x0000000e   Code   RO          584    .text               c_w.l(sys_wrch.o)
    0x08000606   0x08000606   0x00000002   PAD
    0x08000608   0x08000608   0x00000188   Code   RO          240    i.Configure_RTC     sleep_lib.o
    0x08000790   0x08000790   0x00000084   Code   RO          241    i.Disable_RTC       sleep_lib.o
    0x08000814   0x08000814   0x00000088   Code   RO          242    i.RTCAlarm_IRQHandler  sleep_lib.o
    0x0800089c   0x0800089c   0x00000008   Code   RO          296    i.SetSysClock       system_stm32f10x.o
    0x080008a4   0x080008a4   0x000000b8   Code   RO          297    i.SetSysClockTo24   system_stm32f10x.o
    0x0800095c   0x0800095c   0x00000064   Code   RO          299    i.SystemInit        system_stm32f10x.o
    0x080009c0   0x080009c0   0x0000008c   Code   RO          172    i.USART3_IRQHandler  xbee.o
    0x08000a4c   0x08000a4c   0x00000098   Code   RO          173    i.XbeeRecieve       xbee.o
    0x08000ae4   0x08000ae4   0x00000028   Code   RO          148    i.clockInit         init_lib.o
    0x08000b0c   0x08000b0c   0x0000004c   Code   RO           94    i.commandToLCD      lcd.o
    0x08000b58   0x08000b58   0x0000004c   Code   RO           95    i.dataToLCD         lcd.o
    0x08000ba4   0x08000ba4   0x0000000c   Code   RO           96    i.delay             lcd.o
    0x08000bb0   0x08000bb0   0x00000090   Code   RO            4    i.indexED           main.o
    0x08000c40   0x08000c40   0x00000034   Code   RO           97    i.initLCD           lcd.o
    0x08000c74   0x08000c74   0x00000064   Code   RO           98    i.initLCDsequence   lcd.o
    0x08000cd8   0x08000cd8   0x0000009c   Code   RO          175    i.init_usart        xbee.o
    0x08000d74   0x08000d74   0x00000124   Code   RO            5    i.main              main.o
    0x08000e98   0x08000e98   0x0000001c   Code   RO          176    i.recieve_usart     xbee.o
    0x08000eb4   0x08000eb4   0x0000001c   Code   RO          177    i.send_usart        xbee.o
    0x08000ed0   0x08000ed0   0x0000003a   Code   RO           99    i.stringToLCD       lcd.o
    0x08000f0a   0x08000f0a   0x000000c0   Code   RO          178    i.xbeeSend          xbee.o
    0x08000fca   0x08000fca   0x00000002   PAD
    0x08000fcc   0x08000fcc   0x00000020   Data   RO          614    Region$$Table       anon$$obj.o


    Execution Region RW_IRAM1 (Exec base: 0x20000000, Load base: 0x08000fec, Size: 0x000006a0, Max: 0x00002000, ABSOLUTE)

    Exec Addr    Load Addr    Size         Type   Attr      Idx    E Section Name        Object

    0x20000000   0x08000fec   0x00000002   Data   RW            6    .data               main.o
    0x20000002   0x08000fee   0x00000002   PAD
    0x20000004   0x08000ff0   0x00000018   Data   RW          180    .data               xbee.o
    0x2000001c   0x08001008   0x00000001   Data   RW          244    .data               sleep_lib.o
    0x2000001d   0x08001009   0x00000003   PAD
    0x20000020        -       0x0000001e   Zero   RW          179    .bss                xbee.o
    0x2000003e   0x08001009   0x00000002   PAD
    0x20000040        -       0x00000060   Zero   RW          442    .bss                c_w.l(libspace.o)
    0x200000a0        -       0x00000200   Zero   RW          287    HEAP                startup_stm32f10x_md_vl.o
    0x200002a0        -       0x00000400   Zero   RW          286    STACK               startup_stm32f10x_md_vl.o


==============================================================================

Image component sizes


      Code (inc. data)   RO Data    RW Data    ZI Data      Debug   Object Name

        40          8          0          0          0        416   init_lib.o
       374         60          0          0          0       2845   lcd.o
       436        122          0          2          0     211321   main.o
       660         58          0          1          0      27379   sleep_lib.o
        64         26        288          0       1536        816   startup_stm32f10x_md_vl.o
       292         24          0          0          0       2077   system_stm32f10x.o
       696         66          0         24         30       5164   xbee.o

    ----------------------------------------------------------------------
      2564        364        320         32       1568     250018   Object Totals
         0          0         32          0          0          0   (incl. Generated)
         2          0          0          5          2          0   (incl. Padding)

    ----------------------------------------------------------------------

      Code (inc. data)   RO Data    RW Data    ZI Data      Debug   Library Member Name

         8          0          0          0          0         68   __main.o
         0          0          0          0          0          0   __rtentry.o
        12          0          0          0          0          0   __rtentry2.o
         6          0          0          0          0          0   __rtentry4.o
        52          8          0          0          0          0   __scatter.o
        26          0          0          0          0          0   __scatter_copy.o
        28          0          0          0          0          0   __scatter_zi.o
        10          0          0          0          0         68   defsig_exit.o
        50          0          0          0          0         88   defsig_general.o
        80         58          0          0          0         76   defsig_rtmem_inner.o
        14          0          0          0          0         80   defsig_rtmem_outer.o
        18          0          0          0          0         80   exit.o
        94          0          0          0          0         80   h1_alloc.o
        52          0          0          0          0         68   h1_extend.o
        78          0          0          0          0         80   h1_free.o
        14          0          0          0          0         84   h1_init.o
       184          0          0          0          0         92   h1_realloc.o
         6          0          0          0          0        152   heapauxi.o
         4          0          0          0          0        136   hguard.o
         0          0          0          0          0          0   indicate_semi.o
       138          0          0          0          0        168   init_alloc.o
         2          0          0          0          0          0   libinit.o
        10          0          0          0          0          0   libinit2.o
         2          0          0          0          0          0   libshutdown.o
         2          0          0          0          0          0   libshutdown2.o
         8          4          0          0         96         68   libspace.o
         0          0          0          0          0          0   maybetermalloc1.o
         8          4          0          0          0         68   rt_heap_descriptor_intlibspace.o
       100          0          0          0          0         80   rt_memcpy_w.o
         2          0          0          0          0          0   rtexit.o
        10          0          0          0          0          0   rtexit2.o
        62          0          0          0          0         76   strlen.o
        12          4          0          0          0         68   sys_exit.o
        74          0          0          0          0         80   sys_stackheap_outer.o
        14          0          0          0          0         76   sys_wrch.o
         2          0          0          0          0         68   use_no_semi.o

    ----------------------------------------------------------------------
      1192         78          0          0         96       1904   Library Totals
        10          0          0          0          0          0   (incl. Padding)

    ----------------------------------------------------------------------

      Code (inc. data)   RO Data    RW Data    ZI Data      Debug   Library Name

      1182         78          0          0         96       1904   c_w.l

    ----------------------------------------------------------------------
      1192         78          0          0         96       1904   Library Totals

    ----------------------------------------------------------------------

==============================================================================


      Code (inc. data)   RO Data    RW Data    ZI Data      Debug   

      3756        442        320         32       1664     250046   Grand Totals
      3756        442        320         32       1664     250046   ELF Image Totals
      3756        442        320         32          0          0   ROM Totals

==============================================================================

    Total RO  Size (Code + RO Data)                 4076 (   3.98kB)
    Total RW  Size (RW Data + ZI Data)              1696 (   1.66kB)
    Total ROM Size (Code + RO Data + RW Data)       4108 (   4.01kB)

==============================================================================

