Component: ARM Compiler 5.06 update 6 (build 750) Tool: armlink [4d35ed]

==============================================================================

Section Cross References

    main.o(i.analyze) refers to lcd.o(i.commandToLCD) for commandToLCD
    main.o(i.analyze) refers to lcd.o(i.stringToLCD) for stringToLCD
    main.o(i.analyze) refers to lcd.o(i.delay) for delay
    main.o(i.analyze) refers to lcd.o(i.dataToLCD) for dataToLCD
    main.o(i.analyze) refers to atof.o(i.atof) for atof
    main.o(i.analyze) refers to main.o(.bss) for Tilt
    main.o(i.indexED) refers to lcd.o(i.commandToLCD) for commandToLCD
    main.o(i.indexED) refers to sleep_lib.o(i.Configure_RTC) for Configure_RTC
    main.o(i.indexED) refers to lcd.o(i.stringToLCD) for stringToLCD
    main.o(i.indexED) refers to xbee.o(i.XbeeReceive) for XbeeReceive
    main.o(i.indexED) refers to sleep_lib.o(i.Disable_RTC) for Disable_RTC
    main.o(i.indexED) refers to sleep_lib.o(.data) for alarm
    main.o(i.listen) refers to lcd.o(i.commandToLCD) for commandToLCD
    main.o(i.listen) refers to sleep_lib.o(i.Configure_RTC) for Configure_RTC
    main.o(i.listen) refers to lcd.o(i.stringToLCD) for stringToLCD
    main.o(i.listen) refers to lcd.o(i.delay) for delay
    main.o(i.listen) refers to xbee.o(i.XbeeReceive) for XbeeReceive
    main.o(i.listen) refers to xbee.o(i.xbeeSend) for xbeeSend
    main.o(i.listen) refers to sleep_lib.o(i.Disable_RTC) for Disable_RTC
    main.o(i.listen) refers to lcd.o(i.dataToLCD) for dataToLCD
    main.o(i.listen) refers to sin.o(i.sine) for sine
    main.o(i.listen) refers to sin.o(i.sineOff) for sineOff
    main.o(i.listen) refers to sleep_lib.o(.data) for alarm
    main.o(i.main) refers to init_lib.o(i.clockInit) for clockInit
    main.o(i.main) refers to xbee.o(i.init_usart) for init_usart
    main.o(i.main) refers to lcd.o(i.initLCD) for initLCD
    main.o(i.main) refers to lcd.o(i.stringToLCD) for stringToLCD
    main.o(i.main) refers to lcd.o(i.commandToLCD) for commandToLCD
    main.o(i.main) refers to xbee.o(i.xbeeSend) for xbeeSend
    main.o(i.main) refers to main.o(i.indexED) for indexED
    main.o(i.main) refers to lcd.o(i.dataToLCD) for dataToLCD
    main.o(i.main) refers to main.o(i.stagger) for stagger
    main.o(i.main) refers to main.o(i.listen) for listen
    main.o(i.main) refers to main.o(i.analyze) for analyze
    main.o(i.main) refers to main.o(.data) for cur_state
    main.o(i.stagger) refers to lcd.o(i.commandToLCD) for commandToLCD
    main.o(i.stagger) refers to lcd.o(i.stringToLCD) for stringToLCD
    main.o(i.stagger) refers to xbee.o(i.xbeeSend) for xbeeSend
    main.o(i.stagger) refers to sleep_lib.o(i.Configure_RTC) for Configure_RTC
    main.o(i.stagger) refers to xbee.o(i.XbeeReceive) for XbeeReceive
    main.o(i.stagger) refers to sleep_lib.o(i.Disable_RTC) for Disable_RTC
    main.o(i.stagger) refers to lcd.o(i.delay) for delay
    main.o(i.stagger) refers to sleep_lib.o(.data) for alarm
    lcd.o(i.commandToLCD) refers to lcd.o(i.delay) for delay
    lcd.o(i.dataToLCD) refers to lcd.o(i.delay) for delay
    lcd.o(i.initLCD) refers to lcd.o(i.initLCDsequence) for initLCDsequence
    lcd.o(i.initLCDsequence) refers to lcd.o(i.delay) for delay
    lcd.o(i.initLCDsequence) refers to lcd.o(i.commandToLCD) for commandToLCD
    lcd.o(i.stringToLCD) refers to strlen.o(.text) for strlen
    lcd.o(i.stringToLCD) refers to lcd.o(i.commandToLCD) for commandToLCD
    lcd.o(i.stringToLCD) refers to lcd.o(i.dataToLCD) for dataToLCD
    lcd.o(i.stringToLCD) refers to lcd.o(i.delay) for delay
    xbee.o(i.USART3_IRQHandler) refers to xbee.o(i.receive_usart) for receive_usart
    xbee.o(i.USART3_IRQHandler) refers to xbee.o(.bss) for buffer
    xbee.o(i.USART3_IRQHandler) refers to xbee.o(.data) for k
    xbee.o(i.XbeeReceive) refers to xbee.o(.data) for bfull
    xbee.o(i.XbeeReceive) refers to sleep_lib.o(.data) for alarm
    xbee.o(i.XbeeReceive) refers to xbee.o(.bss) for buffer
    xbee.o(i.XbeeSetUp) refers to xbee.o(.data) for ED1
    xbee.o(i.xbeeSend) refers to xbee.o(i.send_usart) for send_usart
    sleep_lib.o(i.RTCAlarm_IRQHandler) refers to sleep_lib.o(.data) for alarm
    sleep_lib.o(i.sleep) refers to sleep_lib.o(i.Configure_RTC) for Configure_RTC
    sleep_lib.o(i.sleep) refers to sleep_lib.o(i.Disable_RTC) for Disable_RTC
    sin.o(i.ComputeSinusPolynomialApprox) refers to fflt_clz.o(x$fpl$ffltu) for __aeabi_ui2f
    sin.o(i.ComputeSinusPolynomialApprox) refers to f2d.o(x$fpl$f2d) for __aeabi_f2d
    sin.o(i.ComputeSinusPolynomialApprox) refers to dmul.o(x$fpl$dmul) for __aeabi_dmul
    sin.o(i.ComputeSinusPolynomialApprox) refers to ddiv.o(x$fpl$ddiv) for __aeabi_ddiv
    sin.o(i.ComputeSinusPolynomialApprox) refers to d2f.o(x$fpl$d2f) for __aeabi_d2f
    sin.o(i.ComputeSinusPolynomialApprox) refers to fmul.o(x$fpl$fmul) for __aeabi_fmul
[...]
    ldexp_x.o(i.____softfp_ldexp$lsc) refers to ldexp_x.o(i.__ldexp$lsc) for __ldexp$lsc
    ldexp_x.o(i.____support_ldexp$lsc) refers (Special) to usenofp.o(x$fpl$usenofp) for __I$use$fp
    ldexp_x.o(i.____support_ldexp$lsc) refers to ldexp_x.o(i.__ldexp$lsc) for __ldexp$lsc
    ldexp_x.o(i.__ldexp$lsc) refers (Special) to usenofp.o(x$fpl$usenofp) for __I$use$fp
    ldexp_x.o(i.__ldexp$lsc) refers to deqf.o(x$fpl$deqf) for __aeabi_cdcmpeq
    ldexp_x.o(i.__ldexp$lsc) refers to scalbn.o(x$fpl$scalbn) for __ARM_scalbn
    ldexp_x.o(i.__ldexp$lsc) refers to _rserrno.o(.text) for __set_errno
    ldexp_x.o(i.__ldexp$lsc) refers to qnan.o(.constdata) for __mathlib_zero
    rt_raise.o(.text) refers to __raise.o(.text) for __raise
    rt_raise.o(.text) refers to sys_exit.o(.text) for _sys_exit
    defsig_exit.o(.text) refers to sys_exit.o(.text) for _sys_exit
    defsig_rtmem_inner.o(.text) refers to defsig_general.o(.text) for __default_signal_display
    dcheck1.o(x$fpl$dcheck1) refers (Special) to usenofp.o(x$fpl$usenofp) for __I$use$fp
    dcheck1.o(x$fpl$dcheck1) refers to retnan.o(x$fpl$retnan) for __fpl_return_NaN
    dunder.o(i.__mathlib_dbl_divzero) refers to ddiv.o(x$fpl$ddiv) for __aeabi_ddiv
    dunder.o(i.__mathlib_dbl_infnan) refers to scalbn.o(x$fpl$scalbn) for __ARM_scalbn
    dunder.o(i.__mathlib_dbl_infnan2) refers to daddsub_clz.o(x$fpl$dadd) for __aeabi_dadd
    dunder.o(i.__mathlib_dbl_invalid) refers to ddiv.o(x$fpl$ddiv) for __aeabi_ddiv
    dunder.o(i.__mathlib_dbl_overflow) refers to scalbn.o(x$fpl$scalbn) for __ARM_scalbn
    dunder.o(i.__mathlib_dbl_posinfnan) refers to dmul.o(x$fpl$dmul) for __aeabi_dmul
    dunder.o(i.__mathlib_dbl_underflow) refers to scalbn.o(x$fpl$scalbn) for __ARM_scalbn
    qnan.o(.constdata) refers (Special) to usenofp.o(x$fpl$usenofp) for __I$use$fp
    __raise.o(.text) refers to defsig.o(CL$$defsig) for __default_signal_handler
    defsig_general.o(.text) refers to sys_wrch.o(.text) for _ttywrch
    daddsub_clz.o(x$fpl$dadd) refers (Special) to usenofp.o(x$fpl$usenofp) for __I$use$fp
    daddsub_clz.o(x$fpl$dadd) refers to daddsub_clz.o(x$fpl$dsub) for _dsub1
    daddsub_clz.o(x$fpl$dadd) refers to dretinf.o(x$fpl$dretinf) for __fpl_dretinf
    daddsub_clz.o(x$fpl$dadd) refers to dnaninf.o(x$fpl$dnaninf) for __fpl_dnaninf
    daddsub_clz.o(x$fpl$drsb) refers (Special) to usenofp.o(x$fpl$usenofp) for __I$use$fp
    daddsub_clz.o(x$fpl$drsb) refers to daddsub_clz.o(x$fpl$dadd) for _dadd1
    daddsub_clz.o(x$fpl$drsb) refers to daddsub_clz.o(x$fpl$dsub) for _dsub1
    daddsub_clz.o(x$fpl$dsub) refers (Special) to usenofp.o(x$fpl$usenofp) for __I$use$fp
    daddsub_clz.o(x$fpl$dsub) refers to daddsub_clz.o(x$fpl$dadd) for _dadd1
    daddsub_clz.o(x$fpl$dsub) refers to dnaninf.o(x$fpl$dnaninf) for __fpl_dnaninf
    retnan.o(x$fpl$retnan) refers (Special) to usenofp.o(x$fpl$usenofp) for __I$use$fp
    retnan.o(x$fpl$retnan) refers to trapv.o(x$fpl$trapveneer) for __fpl_cmpreturn
    sys_wrch.o(.text) refers (Special) to use_no_semi.o(.text) for __I$use$semihosting
    sys_wrch.o(.text) refers (Special) to indicate_semi.o(.text) for __semihosting_library_function
    defsig.o(CL$$defsig) refers to defsig_rtmem_inner.o(.text) for __rt_SIGRTMEM_inner
    trapv.o(x$fpl$trapveneer) refers (Special) to usenofp.o(x$fpl$usenofp) for __I$use$fp
    defsig_abrt_inner.o(.text) refers to defsig_general.o(.text) for __default_signal_display
    defsig_fpe_inner.o(.text) refers to defsig_general.o(.text) for __default_signal_display
    defsig_rtred_inner.o(.text) refers to defsig_general.o(.text) for __default_signal_display
    defsig_stak_inner.o(.text) refers to defsig_general.o(.text) for __default_signal_display
    defsig_pvfn_inner.o(.text) refers to defsig_general.o(.text) for __default_signal_display
    defsig_cppl_inner.o(.text) refers to defsig_general.o(.text) for __default_signal_display
    defsig_segv_inner.o(.text) refers to defsig_general.o(.text) for __default_signal_display
    defsig_other.o(.text) refers to defsig_general.o(.text) for __default_signal_display
    scanf_fp.o(i._is_digit) refers (Special) to usenofp.o(x$fpl$usenofp) for __I$use$fp
    scanf_fp.o(i._is_digit) refers (Special) to lc_numeric_c.o(locale$$code) for _get_lc_numeric


==============================================================================

Removing Unused input sections from the image.

    Removing main.o(.rev16_text), (4 bytes).
    Removing main.o(.revsh_text), (4 bytes).
    Removing main.o(.rrx_text), (6 bytes).
    Removing lcd.o(.rev16_text), (4 bytes).
    Removing lcd.o(.revsh_text), (4 bytes).
    Removing lcd.o(.rrx_text), (6 bytes).
    Removing init_lib.o(.rev16_text), (4 bytes).
    Removing init_lib.o(.revsh_text), (4 bytes).
    Removing init_lib.o(.rrx_text), (6 bytes).
    Removing xbee.o(.rev16_text), (4 bytes).
    Removing xbee.o(.revsh_text), (4 bytes).
    Removing xbee.o(.rrx_text), (6 bytes).
    Removing xbee.o(i.XbeeSetUp), (92 bytes).
    Removing sleep_lib.o(.rev16_text), (4 bytes).
    Removing sleep_lib.o(.revsh_text), (4 bytes).
    Removing sleep_lib.o(.rrx_text), (6 bytes).
    Removing sleep_lib.o(i.sleep), (224 bytes).
    Removing sin.o(.rev16_text), (4 bytes).
    Removing sin.o(.revsh_text), (4 bytes).
    Removing sin.o(.rrx_text), (6 bytes).
    Removing system_stm32f10x.o(.rev16_text), (4 bytes).
    Removing system_stm32f10x.o(.revsh_text), (4 bytes).
    Removing system_stm32f10x.o(.rrx_text), (6 bytes).
    Removing system_stm32f10x.o(i.SystemCoreClockUpdate), (160 bytes).
    Removing system_stm32f10x.o(.data), (20 bytes).

25 unused section(s) (total 594 bytes) removed from the image.

==============================================================================

Image Symbol Table

    Local Symbols

    Symbol Name                              Value     Ov Type        Size  Object(Section)

    ../clib/angel/boardlib.s                 0x00000000   Number         0  boardinit2.o ABSOLUTE
    ../clib/angel/boardlib.s                 0x00000000   Number         0  boardinit3.o ABSOLUTE
    ../clib/angel/boardlib.s                 0x00000000   Number         0  boardinit1.o ABSOLUTE
    ../clib/angel/boardlib.s                 0x00000000   Number         0  boardshut.o ABSOLUTE
    ../clib/angel/handlers.s                 0x00000000   Number         0  __scatter_zi.o ABSOLUTE
    ../clib/angel/handlers.s                 0x00000000   Number         0  __scatter_copy.o ABSOLUTE
    ../clib/angel/kernel.s                   0x00000000   Number         0  rtexit.o ABSOLUTE
    ../clib/angel/kernel.s                   0x00000000   Number         0  __rtentry2.o ABSOLUTE
    ../clib/angel/kernel.s                   0x00000000   Number         0  rtexit2.o ABSOLUTE
    ../clib/angel/kernel.s                   0x00000000   Number         0  __rtentry.o ABSOLUTE
    ../clib/angel/kernel.s                   0x00000000   Number         0  __rtentry4.o ABSOLUTE
    ../clib/angel/rt.s                       0x00000000   Number         0  rt_ctype_table.o ABSOLUTE
    ../clib/angel/rt.s                       0x00000000   Number         0  rt_raise.o ABSOLUTE
    ../clib/angel/rt.s                       0x00000000   Number         0  rt_locale.o ABSOLUTE
    ../clib/angel/rt.s                       0x00000000   Number         0  rt_errno_addr.o ABSOLUTE
    ../clib/angel/rt.s                       0x00000000   Number         0  rt_errno_addr_intlibspace.o ABSOLUTE
    ../clib/angel/rt.s                       0x00000000   Number         0  rt_locale_intlibspace.o ABSOLUTE
    ../clib/angel/scatter.s                  0x00000000   Number         0  __scatter.o ABSOLUTE
    ../clib/angel/startup.s                  0x00000000   Number         0  __main.o ABSOLUTE
    ../clib/angel/sys.s                      0x00000000   Number         0  use_no_semi.o ABSOLUTE
    ../clib/angel/sys.s                      0x00000000   Number         0  indicate_semi.o ABSOLUTE
    ../clib/angel/sys.s                      0x00000000   Number         0  sys_stackheap_outer.o ABSOLUTE
    ../clib/angel/sys.s                      0x00000000   Number         0  libspace.o ABSOLUTE
    ../clib/angel/sysapp.c                   0x00000000   Number         0  sys_command.o ABSOLUTE
    ../clib/angel/sysapp.c                   0x00000000   Number         0  sys_exit.o ABSOLUTE
    ../clib/angel/sysapp.c                   0x00000000   Number         0  sys_wrch.o ABSOLUTE
    ../clib/armsys.c                         0x00000000   Number         0  no_argv.o ABSOLUTE
    ../clib/armsys.c                         0x00000000   Number         0  argv_veneer.o ABSOLUTE
    ../clib/armsys.c                         0x00000000   Number         0  argv_veneer.o ABSOLUTE
    ../clib/armsys.c                         0x00000000   Number         0  _get_argv_nomalloc.o ABSOLUTE
    ../clib/bigflt.c                         0x00000000   Number         0  bigflt0.o ABSOLUTE
    ../clib/btod.s                           0x00000000   Number         0  btod.o ABSOLUTE
    ../clib/ctype.c                          0x00000000   Number         0  isspace.o ABSOLUTE
    ../clib/fenv.c                           0x00000000   Number         0  _rserrno.o ABSOLUTE
    ../clib/heapalloc.c                      0x00000000   Number         0  hrguard.o ABSOLUTE
    ../clib/heapaux.c                        0x00000000   Number         0  heapauxi.o ABSOLUTE
    ../clib/libinit.s                        0x00000000   Number         0  libshutdown2.o ABSOLUTE
    ../clib/libinit.s                        0x00000000   Number         0  libinit.o ABSOLUTE
    ../clib/libinit.s                        0x00000000   Number         0  libinit2.o ABSOLUTE
    ../clib/libinit.s                        0x00000000   Number         0  libshutdown.o ABSOLUTE
    ../clib/locale.s                         0x00000000   Number         0  lc_ctype_c.o ABSOLUTE
    ../clib/locale.s                         0x00000000   Number         0  lc_numeric_c.o ABSOLUTE
    ../clib/longlong.s                       0x00000000   Number         0  llshl.o ABSOLUTE
    ../clib/memcpset.s                       0x00000000   Number         0  strcmpv7m.o ABSOLUTE
    ../clib/scanf.c                          0x00000000   Number         0  scanf_infnan.o ABSOLUTE
    ../clib/scanf.c                          0x00000000   Number         0  strtod.o ABSOLUTE
    ../clib/scanf.c                          0x00000000   Number         0  scanf_hexfp.o ABSOLUTE
    ../clib/scanf.c                          0x00000000   Number         0  _sgetc.o ABSOLUTE
    ../clib/scanf.c                          0x00000000   Number         0  _chval.o ABSOLUTE
    ../clib/scanf.c                          0x00000000   Number         0  scanf_fp.o ABSOLUTE
    ../clib/signal.c                         0x00000000   Number         0  __raise.o ABSOLUTE
    ../clib/signal.c                         0x00000000   Number         0  defsig_exit.o ABSOLUTE
    ../clib/signal.c                         0x00000000   Number         0  defsig_rtmem_inner.o ABSOLUTE
    ../clib/signal.c                         0x00000000   Number         0  defsig_other.o ABSOLUTE
    ../clib/signal.c                         0x00000000   Number         0  defsig_segv_inner.o ABSOLUTE
    ../clib/signal.c                         0x00000000   Number         0  defsig_cppl_inner.o ABSOLUTE
    ../clib/signal.c                         0x00000000   Number         0  defsig_pvfn_inner.o ABSOLUTE
    ../clib/signal.c                         0x00000000   Number         0  defsig_abrt_inner.o ABSOLUTE
    ../clib/signal.c                         0x00000000   Number         0  defsig_stak_inner.o ABSOLUTE
    ../clib/signal.c                         0x00000000   Number         0  defsig_rtred_inner.o ABSOLUTE
    ../clib/signal.c                         0x00000000   Number         0  defsig_general.o ABSOLUTE
    ../clib/signal.c                         0x00000000   Number         0  defsig_fpe_inner.o ABSOLUTE
    ../clib/signal.c                         0x00000000   Number         0  defsig_rtmem_formal.o ABSOLUTE
    ../clib/signal.c                         0x00000000   Number         0  defsig_rtmem_outer.o ABSOLUTE
    ../clib/signal.s                         0x00000000   Number         0  defsig.o ABSOLUTE
    ../clib/stdlib.c                         0x00000000   Number         0  exit.o ABSOLUTE
    ../clib/string.c                         0x00000000   Number         0  strlen.o ABSOLUTE
    ../fplib/d2f.s                           0x00000000   Number         0  d2f.o ABSOLUTE
    ../fplib/daddsub.s                       0x00000000   Number         0  daddsub_clz.o ABSOLUTE
    ../fplib/dcheck1.s                       0x00000000   Number         0  dcheck1.o ABSOLUTE
    ../fplib/dcmpi.s                         0x00000000   Number         0  dcmpi.o ABSOLUTE
    ../fplib/ddiv.s                          0x00000000   Number         0  ddiv.o ABSOLUTE
    ../fplib/deqf.s                          0x00000000   Number         0  deqf.o ABSOLUTE
    ../fplib/dleqf.s                         0x00000000   Number         0  dleqf.o ABSOLUTE
    ../fplib/dmul.s                          0x00000000   Number         0  dmul.o ABSOLUTE
    ../fplib/dnaninf.s                       0x00000000   Number         0  dnaninf.o ABSOLUTE
    ../fplib/dretinf.s                       0x00000000   Number         0  dretinf.o ABSOLUTE
    ../fplib/drleqf.s                        0x00000000   Number         0  drleqf.o ABSOLUTE
    ../fplib/f2d.s                           0x00000000   Number         0  f2d.o ABSOLUTE
    ../fplib/faddsub.s                       0x00000000   Number         0  faddsub_clz.o ABSOLUTE
    ../fplib/fdiv.s                          0x00000000   Number         0  fdiv.o ABSOLUTE
    ../fplib/ffixu.s                         0x00000000   Number         0  ffixu.o ABSOLUTE
    ../fplib/fflt.s                          0x00000000   Number         0  fflt_clz.o ABSOLUTE
    ../fplib/fmul.s                          0x00000000   Number         0  fmul.o ABSOLUTE
    ../fplib/fnaninf.s                       0x00000000   Number         0  fnaninf.o ABSOLUTE
    ../fplib/fpconst.s                       0x00000000   Number         0  fpconst.o ABSOLUTE
    ../fplib/fpinit.s                        0x00000000   Number         0  fpinit.o ABSOLUTE
    ../fplib/fretinf.s                       0x00000000   Number         0  fretinf.o ABSOLUTE
    ../fplib/istatus.s                       0x00000000   Number         0  istatus.o ABSOLUTE
    ../fplib/retnan.s                        0x00000000   Number         0  retnan.o ABSOLUTE
    ../fplib/scalbn.s                        0x00000000   Number         0  scalbn.o ABSOLUTE
    ../fplib/scanf1.s                        0x00000000   Number         0  scanf1.o ABSOLUTE
    ../fplib/scanf2.s                        0x00000000   Number         0  scanf2.o ABSOLUTE
    ../fplib/scanf2a.s                       0x00000000   Number         0  scanf2a.o ABSOLUTE
    ../fplib/scanf2b.s                       0x00000000   Number         0  scanf2b.o ABSOLUTE
    ../fplib/trapv.s                         0x00000000   Number         0  trapv.o ABSOLUTE
    ../fplib/usenofp.s                       0x00000000   Number         0  usenofp.o ABSOLUTE
    ../mathlib/atof.c                        0x00000000   Number         0  atof.o ABSOLUTE
    ../mathlib/dunder.c                      0x00000000   Number         0  dunder.o ABSOLUTE
    ../mathlib/frexp.c                       0x00000000   Number         0  frexp.o ABSOLUTE
    ../mathlib/ldexp.c                       0x00000000   Number         0  ldexp_x.o ABSOLUTE
    ../mathlib/ldexp.c                       0x00000000   Number         0  ldexp.o ABSOLUTE
    ../mathlib/narrow.c                      0x00000000   Number         0  narrow.o ABSOLUTE
    ../mathlib/qnan.c                        0x00000000   Number         0  qnan.o ABSOLUTE
    LCD.c                                    0x00000000   Number         0  lcd.o ABSOLUTE
    LCD.c                                    0x00000000   Number         0  lcd.o ABSOLUTE
    RTE\Device\STM32F100RB\startup_stm32f10x_md_vl.s 0x00000000   Number         0  startup_stm32f10x_md_vl.o ABSOLUTE
    RTE\Device\STM32F100RB\system_stm32f10x.c 0x00000000   Number         0  system_stm32f10x.o ABSOLUTE
    RTE\\Device\\STM32F100RB\\system_stm32f10x.c 0x00000000   Number         0  system_stm32f10x.o ABSOLUTE
    dc.s                                     0x00000000   Number         0  dc.o ABSOLUTE
    init_lib.c                               0x00000000   Number         0  init_lib.o ABSOLUTE
    init_lib.c                               0x00000000   Number         0  init_lib.o ABSOLUTE
    main.c                                   0x00000000   Number         0  main.o ABSOLUTE
    main.c                                   0x00000000   Number         0  main.o ABSOLUTE
    sin.c                                    0x00000000   Number         0  sin.o ABSOLUTE
    sin.c                                    0x00000000   Number         0  sin.o ABSOLUTE
    sleep_lib.c                              0x00000000   Number         0  sleep_lib.o ABSOLUTE
    sleep_lib.c                              0x00000000   Number         0  sleep_lib.o ABSOLUTE
    xbee.c                                   0x00000000   Number         0  xbee.o ABSOLUTE
    xbee.c                                   0x00000000   Number         0  xbee.o ABSOLUTE
    RESET                                    0x08000000   Section      288  startup_stm32f10x_md_vl.o(RESET)
    !!!main                                  0x08000120   Section        8  __main.o(!!!main)
    !!!scatter                               0x08000128   Section       52  __scatter.o(!!!scatter)
    !!handler_copy                           0x0800015c   Section       26  __scatter_copy.o(!!handler_copy)
    !!handler_zi                             0x08000178   Section       28  __scatter_zi.o(!!handler_zi)
    .ARM.Collect$$libinit$$00000000          0x08000194   Section        2  libinit.o(.ARM.Collect$$libinit$$00000000)
    .ARM.Collect$$libinit$$00000002          0x08000196   Section        0  libinit2.o(.ARM.Collect$$libinit$$00000002)
    .ARM.Collect$$libinit$$00000004          0x08000196   Section        0  libinit2.o(.ARM.Collect$$libinit$$00000004)
    .ARM.Collect$$libinit$$0000000A          0x08000196   Section        0  libinit2.o(.ARM.Collect$$libinit$$0000000A)
    .ARM.Collect$$libinit$$0000000C          0x08000196   Section        0  libinit2.o(.ARM.Collect$$libinit$$0000000C)
    .ARM.Collect$$libinit$$0000000E          0x08000196   Section        0  libinit2.o(.ARM.Collect$$libinit$$0000000E)
    .ARM.Collect$$libinit$$0000000F          0x08000196   Section        6  libinit2.o(.ARM.Collect$$libinit$$0000000F)
    .ARM.Collect$$libinit$$00000011          0x0800019c   Section        0  libinit2.o(.ARM.Collect$$libinit$$00000011)
    .ARM.Collect$$libinit$$00000012          0x0800019c   Section       12  libinit2.o(.ARM.Collect$$libinit$$00000012)
    .ARM.Collect$$libinit$$00000013          0x080001a8   Section        0  libinit2.o(.ARM.Collect$$libinit$$00000013)
    .ARM.Collect$$libinit$$00000015          0x080001a8   Section        0  libinit2.o(.ARM.Collect$$libinit$$00000015)
    .ARM.Collect$$libinit$$00000016          0x080001a8   Section       10  libinit2.o(.ARM.Collect$$libinit$$00000016)
    .ARM.Collect$$libinit$$00000017          0x080001b2   Section        0  libinit2.o(.ARM.Collect$$libinit$$00000017)
    .ARM.Collect$$libinit$$00000019          0x080001b2   Section        0  libinit2.o(.ARM.Collect$$libinit$$00000019)
    .ARM.Collect$$libinit$$0000001B          0x080001b2   Section        0  libinit2.o(.ARM.Collect$$libinit$$0000001B)
    .ARM.Collect$$libinit$$0000001D          0x080001b2   Section        0  libinit2.o(.ARM.Collect$$libinit$$0000001D)
    .ARM.Collect$$libinit$$0000001F          0x080001b2   Section        0  libinit2.o(.ARM.Collect$$libinit$$0000001F)
    .ARM.Collect$$libinit$$00000021          0x080001b2   Section        0  libinit2.o(.ARM.Collect$$libinit$$00000021)
    .ARM.Collect$$libinit$$00000023          0x080001b2   Section        0  libinit2.o(.ARM.Collect$$libinit$$00000023)
    .ARM.Collect$$libinit$$00000025          0x080001b2   Section        0  libinit2.o(.ARM.Collect$$libinit$$00000025)
    .ARM.Collect$$libinit$$0000002C          0x080001b2   Section        0  libinit2.o(.ARM.Collect$$libinit$$0000002C)
    .ARM.Collect$$libinit$$0000002E          0x080001b2   Section        0  libinit2.o(.ARM.Collect$$libinit$$0000002E)
    .ARM.Collect$$libinit$$00000030          0x080001b2   Section        0  libinit2.o(.ARM.Collect$$libinit$$00000030)
    .ARM.Collect$$libinit$$00000032          0x080001b2   Section        0  libinit2.o(.ARM.Collect$$libinit$$00000032)
    .ARM.Collect$$libinit$$00000033          0x080001b2   Section        2  libinit2.o(.ARM.Collect$$libinit$$00000033)
    .ARM.Collect$$libshutdown$$00000000      0x080001b4   Section        2  libshutdown.o(.ARM.Collect$$libshutdown$$00000000)
    .ARM.Collect$$libshutdown$$00000002      0x080001b6   Section        0  libshutdown2.o(.ARM.Collect$$libshutdown$$00000002)
    .ARM.Collect$$libshutdown$$00000004      0x080001b6   Section        0  libshutdown2.o(.ARM.Collect$$libshutdown$$00000004)
    .ARM.Collect$$libshutdown$$00000007      0x080001b6   Section        0  libshutdown2.o(.ARM.Collect$$libshutdown$$00000007)
    .ARM.Collect$$libshutdown$$0000000A      0x080001b6   Section        0  libshutdown2.o(.ARM.Collect$$libshutdown$$0000000A)
    .ARM.Collect$$libshutdown$$0000000C      0x080001b6   Section        0  libshutdown2.o(.ARM.Collect$$libshutdown$$0000000C)
    .ARM.Collect$$libshutdown$$0000000F      0x080001b6   Section        0  libshutdown2.o(.ARM.Collect$$libshutdown$$0000000F)
    .ARM.Collect$$libshutdown$$00000010      0x080001b6   Section        2  libshutdown2.o(.ARM.Collect$$libshutdown$$00000010)
    .ARM.Collect$$rtentry$$00000000          0x080001b8   Section        0  __rtentry.o(.ARM.Collect$$rtentry$$00000000)
    .ARM.Collect$$rtentry$$00000002          0x080001b8   Section        0  __rtentry2.o(.ARM.Collect$$rtentry$$00000002)
    .ARM.Collect$$rtentry$$00000004          0x080001b8   Section        6  __rtentry4.o(.ARM.Collect$$rtentry$$00000004)
    .ARM.Collect$$rtentry$$00000009          0x080001be   Section        0  __rtentry2.o(.ARM.Collect$$rtentry$$00000009)
    .ARM.Collect$$rtentry$$0000000A          0x080001be   Section        4  __rtentry2.o(.ARM.Collect$$rtentry$$0000000A)
    .ARM.Collect$$rtentry$$0000000C          0x080001c2   Section        0  __rtentry2.o(.ARM.Collect$$rtentry$$0000000C)
    .ARM.Collect$$rtentry$$0000000D          0x080001c2   Section        8  __rtentry2.o(.ARM.Collect$$rtentry$$0000000D)
    .ARM.Collect$$rtexit$$00000000           0x080001ca   Section        2  rtexit.o(.ARM.Collect$$rtexit$$00000000)
    .ARM.Collect$$rtexit$$00000002           0x080001cc   Section        0  rtexit2.o(.ARM.Collect$$rtexit$$00000002)
    .ARM.Collect$$rtexit$$00000003           0x080001cc   Section        4  rtexit2.o(.ARM.Collect$$rtexit$$00000003)
    .ARM.Collect$$rtexit$$00000004           0x080001d0   Section        6  rtexit2.o(.ARM.Collect$$rtexit$$00000004)
    .text                                    0x080001d8   Section       64  startup_stm32f10x_md_vl.o(.text)
    .text                                    0x08000218   Section        0  strlen.o(.text)
    .text                                    0x08000256   Section        0  heapauxi.o(.text)
    .text                                    0x0800025c   Section        0  _rserrno.o(.text)
    .text                                    0x08000274   Section        0  strtod.o(.text)
    _local_sscanf                            0x08000275   Thumb Code    60  strtod.o(.text)
    .text                                    0x08000318   Section        8  rt_errno_addr_intlibspace.o(.text)
    .text                                    0x08000320   Section        0  isspace.o(.text)
    .text                                    0x08000332   Section        0  _sgetc.o(.text)
    .text                                    0x08000374   Section        8  libspace.o(.text)
    .text                                    0x0800037c   Section       74  sys_stackheap_outer.o(.text)
    .text                                    0x080003c8   Section       16  rt_ctype_table.o(.text)
    .text                                    0x080003d8   Section        0  scanf_fp.o(.text)
    _fp_value                                0x080003d9   Thumb Code   588  scanf_fp.o(.text)
    .text                                    0x080008d0   Section        0  exit.o(.text)
    .text                                    0x080008e4   Section      128  strcmpv7m.o(.text)
    .text                                    0x08000964   Section        8  rt_locale_intlibspace.o(.text)
    .text                                    0x0800096c   Section        0  bigflt0.o(.text)
    .text                                    0x08000a50   Section        0  scanf_hexfp.o(.text)
    .text                                    0x08000d70   Section        0  scanf_infnan.o(.text)
    .text                                    0x08000ea4   Section        0  sys_exit.o(.text)
    .text                                    0x08000eb0   Section       38  llshl.o(.text)
    .text                                    0x08000ed6   Section        0  _chval.o(.text)
    .text                                    0x08000ef2   Section        2  use_no_semi.o(.text)
    .text                                    0x08000ef4   Section        0  indicate_semi.o(.text)
    CL$$btod_div_common                      0x08000ef4   Section      824  btod.o(CL$$btod_div_common)
    CL$$btod_e2d                             0x0800122c   Section      132  btod.o(CL$$btod_e2d)
    CL$$btod_e2e                             0x080012b0   Section      220  btod.o(CL$$btod_e2e)
    CL$$btod_ediv                            0x0800138c   Section       42  btod.o(CL$$btod_ediv)
    CL$$btod_edivd                           0x080013b6   Section       42  btod.o(CL$$btod_edivd)
    CL$$btod_emul                            0x080013e0   Section       42  btod.o(CL$$btod_emul)
    CL$$btod_emuld                           0x0800140a   Section       42  btod.o(CL$$btod_emuld)
    CL$$btod_mult_common                     0x08001434   Section      580  btod.o(CL$$btod_mult_common)
    i.ComputeSinusPolynomialApprox           0x08001678   Section        0  sin.o(i.ComputeSinusPolynomialApprox)
    i.ConfigureDAC                           0x08001744   Section        0  sin.o(i.ConfigureDAC)
    i.ConfigureDMA                           0x0800177c   Section        0  sin.o(i.ConfigureDMA)
    i.ConfigureTIM6                          0x080017f0   Section        0  sin.o(i.ConfigureTIM6)
    i.Configure_RTC                          0x08001828   Section        0  sleep_lib.o(i.Configure_RTC)
    i.Disable_RTC                            0x080019b0   Section        0  sleep_lib.o(i.Disable_RTC)
    i.GenerateWave                           0x08001a44   Section        0  sin.o(i.GenerateWave)
    i.RTCAlarm_IRQHandler                    0x08001afc   Section        0  sleep_lib.o(i.RTCAlarm_IRQHandler)
    i.SetSysClock                            0x08001b84   Section        0  system_stm32f10x.o(i.SetSysClock)
    SetSysClock                              0x08001b85   Thumb Code     8  system_stm32f10x.o(i.SetSysClock)
    i.SetSysClockTo24                        0x08001b8c   Section        0  system_stm32f10x.o(i.SetSysClockTo24)
    SetSysClockTo24                          0x08001b8d   Thumb Code   178  system_stm32f10x.o(i.SetSysClockTo24)
    i.SystemInit                             0x08001c44   Section        0  system_stm32f10x.o(i.SystemInit)
    i.USART3_IRQHandler                      0x08001ca8   Section        0  xbee.o(i.USART3_IRQHandler)
    i.XbeeReceive                            0x08001d34   Section        0  xbee.o(i.XbeeReceive)
    i.__NVIC_DisableIRQ                      0x08001dcc   Section        0  sin.o(i.__NVIC_DisableIRQ)
    __NVIC_DisableIRQ                        0x08001dcd   Thumb Code    54  sin.o(i.__NVIC_DisableIRQ)
    i.__NVIC_EnableIRQ                       0x08001e08   Section        0  sin.o(i.__NVIC_EnableIRQ)
    __NVIC_EnableIRQ                         0x08001e09   Thumb Code    34  sin.o(i.__NVIC_EnableIRQ)
    i.__mathlib_dbl_overflow                 0x08001e2a   Section        0  dunder.o(i.__mathlib_dbl_overflow)
    i.__mathlib_dbl_underflow                0x08001e38   Section        0  dunder.o(i.__mathlib_dbl_underflow)
    i.__mathlib_narrow                       0x08001e48   Section        0  narrow.o(i.__mathlib_narrow)
    i.__mathlib_tofloat                      0x08001e58   Section        0  narrow.o(i.__mathlib_tofloat)
    i.__support_ldexp                        0x08001f14   Section        0  ldexp.o(i.__support_ldexp)
    i._is_digit                              0x08001f2a   Section        0  scanf_fp.o(i._is_digit)
    i.analyze                                0x08001f38   Section        0  main.o(i.analyze)
    i.atof                                   0x08002100   Section        0  atof.o(i.atof)
    i.clockInit                              0x0800212c   Section        0  init_lib.o(i.clockInit)
    i.commandToLCD                           0x08002154   Section        0  lcd.o(i.commandToLCD)
    i.dataToLCD                              0x080021a0   Section        0  lcd.o(i.dataToLCD)
    i.delay                                  0x080021ec   Section        0  lcd.o(i.delay)
    i.frexp                                  0x080021f8   Section        0  frexp.o(i.frexp)
    i.indexED                                0x08002250   Section        0  main.o(i.indexED)
    i.initLCD                                0x080022f8   Section        0  lcd.o(i.initLCD)
    i.initLCDsequence                        0x0800232c   Section        0  lcd.o(i.initLCDsequence)
    i.init_usart                             0x08002390   Section        0  xbee.o(i.init_usart)
    i.ldexp                                  0x0800242c   Section        0  ldexp.o(i.ldexp)
    i.listen                                 0x080024a0   Section        0  main.o(i.listen)
    i.main                                   0x0800269c   Section        0  main.o(i.main)
    i.receive_usart                          0x080027ec   Section        0  xbee.o(i.receive_usart)
    i.send_usart                             0x08002808   Section        0  xbee.o(i.send_usart)
    i.sinGen                                 0x08002824   Section        0  sin.o(i.sinGen)
    i.sine                                   0x0800287c   Section        0  sin.o(i.sine)
    i.sineOff                                0x08002888   Section        0  sin.o(i.sineOff)
    i.stagger                                0x080028fc   Section        0  main.o(i.stagger)
    i.stringToLCD                            0x08002a00   Section        0  lcd.o(i.stringToLCD)
    i.xbeeSend                               0x08002a3a   Section        0  xbee.o(i.xbeeSend)
    locale$$code                             0x08002afc   Section       44  lc_numeric_c.o(locale$$code)
    locale$$code                             0x08002b28   Section       44  lc_ctype_c.o(locale$$code)
    x$fpl$d2f                                0x08002b54   Section       98  d2f.o(x$fpl$d2f)
    x$fpl$dcheck1                            0x08002bb8   Section       16  dcheck1.o(x$fpl$dcheck1)
    x$fpl$dcmpinf                            0x08002bc8   Section       24  dcmpi.o(x$fpl$dcmpinf)
    x$fpl$ddiv                               0x08002be0   Section      688  ddiv.o(x$fpl$ddiv)
    ddiv_entry                               0x08002be7   Thumb Code     0  ddiv.o(x$fpl$ddiv)
    x$fpl$deqf                               0x08002e90   Section      120  deqf.o(x$fpl$deqf)
    x$fpl$dleqf                              0x08002f08   Section      120  dleqf.o(x$fpl$dleqf)
    x$fpl$dmul                               0x08002f80   Section      340  dmul.o(x$fpl$dmul)
    x$fpl$dnaninf                            0x080030d4   Section      156  dnaninf.o(x$fpl$dnaninf)
    x$fpl$dretinf                            0x08003170   Section       12  dretinf.o(x$fpl$dretinf)
    x$fpl$drleqf                             0x0800317c   Section      108  drleqf.o(x$fpl$drleqf)
    x$fpl$f2d                                0x080031e8   Section       86  f2d.o(x$fpl$f2d)
    x$fpl$fadd                               0x08003240   Section      196  faddsub_clz.o(x$fpl$fadd)
    _fadd1                                   0x0800324f   Thumb Code     0  faddsub_clz.o(x$fpl$fadd)
    x$fpl$fdiv                               0x08003304   Section      388  fdiv.o(x$fpl$fdiv)
    _fdiv1                                   0x08003305   Thumb Code     0  fdiv.o(x$fpl$fdiv)
    x$fpl$ffixu                              0x08003488   Section       62  ffixu.o(x$fpl$ffixu)
    x$fpl$ffltu                              0x080034c8   Section       38  fflt_clz.o(x$fpl$ffltu)
    x$fpl$fmul                               0x080034f0   Section      258  fmul.o(x$fpl$fmul)
    x$fpl$fnaninf                            0x080035f2   Section      140  fnaninf.o(x$fpl$fnaninf)
    x$fpl$fretinf                            0x0800367e   Section       10  fretinf.o(x$fpl$fretinf)
    x$fpl$frsb                               0x08003688   Section       20  faddsub_clz.o(x$fpl$frsb)
    x$fpl$fsub                               0x0800369c   Section      234  faddsub_clz.o(x$fpl$fsub)
    _fsub1                                   0x080036ab   Thumb Code     0  faddsub_clz.o(x$fpl$fsub)
    x$fpl$ieeestatus                         0x08003786   Section        6  istatus.o(x$fpl$ieeestatus)
    x$fpl$retnan                             0x0800378c   Section      100  retnan.o(x$fpl$retnan)
    x$fpl$scalbn                             0x080037f0   Section       92  scalbn.o(x$fpl$scalbn)
    x$fpl$scanf1                             0x0800384c   Section        4  scanf1.o(x$fpl$scanf1)
    x$fpl$scanf2                             0x08003850   Section        8  scanf2.o(x$fpl$scanf2)
    x$fpl$trapveneer                         0x08003858   Section       48  trapv.o(x$fpl$trapveneer)
    .constdata                               0x08003888   Section      148  bigflt0.o(.constdata)
    x$fpl$usenofp                            0x08003888   Section        0  usenofp.o(x$fpl$usenofp)
    tenpwrs_x                                0x08003888   Data          60  bigflt0.o(.constdata)
    tenpwrs_i                                0x080038c4   Data          64  bigflt0.o(.constdata)
    c$$dinf                                  0x0800393c   Section        8  fpconst.o(c$$dinf)
    c$$dmax                                  0x08003944   Section        8  fpconst.o(c$$dmax)
    locale$$data                             0x0800394c   Section       28  lc_numeric_c.o(locale$$data)
    __lcnum_c_name                           0x08003950   Data           2  lc_numeric_c.o(locale$$data)
    __lcnum_c_start                          0x08003958   Data           0  lc_numeric_c.o(locale$$data)
    __lcnum_c_point                          0x08003964   Data           0  lc_numeric_c.o(locale$$data)
    __lcnum_c_thousands                      0x08003966   Data           0  lc_numeric_c.o(locale$$data)
    __lcnum_c_grouping                       0x08003967   Data           0  lc_numeric_c.o(locale$$data)
    locale$$data                             0x08003968   Section      272  lc_ctype_c.o(locale$$data)
    __lcnum_c_end                            0x08003968   Data           0  lc_numeric_c.o(locale$$data)
    __lcctype_c_name                         0x0800396c   Data           2  lc_ctype_c.o(locale$$data)
    __lcctype_c_start                        0x08003974   Data           0  lc_ctype_c.o(locale$$data)
    __lcctype_c_end                          0x08003a78   Data           0  lc_ctype_c.o(locale$$data)
    .data                                    0x20000000   Section        2  main.o(.data)
    cur_state                                0x20000000   Data           1  main.o(.data)
    next_state                               0x20000001   Data           1  main.o(.data)
    .data                                    0x20000004   Section       24  xbee.o(.data)
    k                                        0x20000008   Data           4  xbee.o(.data)
    .data                                    0x2000001c   Section        1  sleep_lib.o(.data)
    .data                                    0x2000001e   Section        2  sin.o(.data)
    i                                        0x2000001e   Data           2  sin.o(.data)
    .bss                                     0x20000020   Section       40  main.o(.bss)
    Tilt                                     0x20000020   Data          40  main.o(.bss)
    .bss                                     0x20000048   Section       30  xbee.o(.bss)
    .bss                                     0x20000066   Section      144  sin.o(.bss)
    .bss                                     0x200000f8   Section       96  libspace.o(.bss)
    HEAP                                     0x20000158   Section      512  startup_stm32f10x_md_vl.o(HEAP)
    Heap_Mem                                 0x20000158   Data         512  startup_stm32f10x_md_vl.o(HEAP)
    STACK                                    0x20000358   Section     1024  startup_stm32f10x_md_vl.o(STACK)
    Stack_Mem                                0x20000358   Data        1024  startup_stm32f10x_md_vl.o(STACK)
    __initial_sp                             0x20000758   Data           0  startup_stm32f10x_md_vl.o(STACK)

    Global Symbols

    Symbol Name                              Value     Ov Type        Size  Object(Section)

    BuildAttributes$$THM_ISAv4$P$D$K$B$S$PE$A:L22UL41UL21$X:L11$S22US41US21$IEEE1$IW$USESV6$~STKCKD$USESV7$~SHL$OTIME$ROPI$IEEEX$EBA8$UX$STANDARDLIB$REQ8$PRES8$EABIv2 0x00000000   Number         0  anon$$obj.o ABSOLUTE
    __ARM_use_no_argv                        0x00000000   Number         0  main.o ABSOLUTE
    __ARM_exceptions_init                     - Undefined Weak Reference
    __alloca_initialize                       - Undefined Weak Reference
    __arm_preinit_                            - Undefined Weak Reference
    __cpp_initialize__aeabi_                  - Undefined Weak Reference
    __cxa_finalize                            - Undefined Weak Reference
    __sigvec_lookup                           - Undefined Weak Reference
    _atexit_init                              - Undefined Weak Reference
    _call_atexit_fns                          - Undefined Weak Reference
    _clock_init                               - Undefined Weak Reference
    _fp_trap_init                             - Undefined Weak Reference
    _fp_trap_shutdown                         - Undefined Weak Reference
    _get_lc_collate                           - Undefined Weak Reference
    _get_lc_monetary                          - Undefined Weak Reference
    _get_lc_time                              - Undefined Weak Reference
    _getenv_init                              - Undefined Weak Reference
    _handle_redirection                       - Undefined Weak Reference
    _init_alloc                               - Undefined Weak Reference
    _init_user_alloc                          - Undefined Weak Reference
    _initio                                   - Undefined Weak Reference
    _rand_init                                - Undefined Weak Reference
    _signal_finish                            - Undefined Weak Reference
    _signal_init                              - Undefined Weak Reference
    _terminate_alloc                          - Undefined Weak Reference
    _terminate_user_alloc                     - Undefined Weak Reference
    _terminateio                              - Undefined Weak Reference
    __Vectors_Size                           0x00000120   Number         0  startup_stm32f10x_md_vl.o ABSOLUTE
    __Vectors                                0x08000000   Data           4  startup_stm32f10x_md_vl.o(RESET)
    __Vectors_End                            0x08000120   Data           0  startup_stm32f10x_md_vl.o(RESET)
    __main                                   0x08000121   Thumb Code     8  __main.o(!!!main)
    __scatterload                            0x08000129   Thumb Code     0  __scatter.o(!!!scatter)
    __scatterload_rt2                        0x08000129   Thumb Code    44  __scatter.o(!!!scatter)
    __scatterload_rt2_thumb_only             0x08000129   Thumb Code     0  __scatter.o(!!!scatter)
    __scatterload_null                       0x08000137   Thumb Code     0  __scatter.o(!!!scatter)
    __scatterload_copy                       0x0800015d   Thumb Code    26  __scatter_copy.o(!!handler_copy)
    __scatterload_zeroinit                   0x08000179   Thumb Code    28  __scatter_zi.o(!!handler_zi)
    __rt_lib_init                            0x08000195   Thumb Code     0  libinit.o(.ARM.Collect$$libinit$$00000000)
    __rt_lib_init_fp_1                       0x08000197   Thumb Code     0  libinit2.o(.ARM.Collect$$libinit$$00000002)
    __rt_lib_init_heap_1                     0x08000197   Thumb Code     0  libinit2.o(.ARM.Collect$$libinit$$0000000A)
    __rt_lib_init_lc_common                  0x08000197   Thumb Code     0  libinit2.o(.ARM.Collect$$libinit$$0000000F)
    __rt_lib_init_preinit_1                  0x08000197   Thumb Code     0  libinit2.o(.ARM.Collect$$libinit$$00000004)
    __rt_lib_init_rand_1                     0x08000197   Thumb Code     0  libinit2.o(.ARM.Collect$$libinit$$0000000E)
    __rt_lib_init_user_alloc_1               0x08000197   Thumb Code     0  libinit2.o(.ARM.Collect$$libinit$$0000000C)
    __rt_lib_init_lc_collate_1               0x0800019d   Thumb Code     0  libinit2.o(.ARM.Collect$$libinit$$00000011)
    __rt_lib_init_lc_ctype_2                 0x0800019d   Thumb Code     0  libinit2.o(.ARM.Collect$$libinit$$00000012)
    __rt_lib_init_lc_ctype_1                 0x080001a9   Thumb Code     0  libinit2.o(.ARM.Collect$$libinit$$00000013)
    __rt_lib_init_lc_monetary_1              0x080001a9   Thumb Code     0  libinit2.o(.ARM.Collect$$libinit$$00000015)
    __rt_lib_init_lc_numeric_2               0x080001a9   Thumb Code     0  libinit2.o(.ARM.Collect$$libinit$$00000016)
    __rt_lib_init_alloca_1                   0x080001b3   Thumb Code     0  libinit2.o(.ARM.Collect$$libinit$$0000002E)
    __rt_lib_init_argv_1                     0x080001b3   Thumb Code     0  libinit2.o(.ARM.Collect$$libinit$$0000002C)
    __rt_lib_init_atexit_1                   0x080001b3   Thumb Code     0  libinit2.o(.ARM.Collect$$libinit$$0000001B)
    __rt_lib_init_clock_1                    0x080001b3   Thumb Code     0  libinit2.o(.ARM.Collect$$libinit$$00000021)
    __rt_lib_init_cpp_1                      0x080001b3   Thumb Code     0  libinit2.o(.ARM.Collect$$libinit$$00000032)
    __rt_lib_init_exceptions_1               0x080001b3   Thumb Code     0  libinit2.o(.ARM.Collect$$libinit$$00000030)
    __rt_lib_init_fp_trap_1                  0x080001b3   Thumb Code     0  libinit2.o(.ARM.Collect$$libinit$$0000001F)
    __rt_lib_init_getenv_1                   0x080001b3   Thumb Code     0  libinit2.o(.ARM.Collect$$libinit$$00000023)
    __rt_lib_init_lc_numeric_1               0x080001b3   Thumb Code     0  libinit2.o(.ARM.Collect$$libinit$$00000017)
    __rt_lib_init_lc_time_1                  0x080001b3   Thumb Code     0  libinit2.o(.ARM.Collect$$libinit$$00000019)
    __rt_lib_init_return                     0x080001b3   Thumb Code     0  libinit2.o(.ARM.Collect$$libinit$$00000033)
    __rt_lib_init_signal_1                   0x080001b3   Thumb Code     0  libinit2.o(.ARM.Collect$$libinit$$0000001D)
    __rt_lib_init_stdio_1                    0x080001b3   Thumb Code     0  libinit2.o(.ARM.Collect$$libinit$$00000025)
    __rt_lib_shutdown                        0x080001b5   Thumb Code     0  libshutdown.o(.ARM.Collect$$libshutdown$$00000000)
    __rt_lib_shutdown_cpp_1                  0x080001b7   Thumb Code     0  libshutdown2.o(.ARM.Collect$$libshutdown$$00000002)
    __rt_lib_shutdown_fp_trap_1              0x080001b7   Thumb Code     0  libshutdown2.o(.ARM.Collect$$libshutdown$$00000007)
    __rt_lib_shutdown_heap_1                 0x080001b7   Thumb Code     0  libshutdown2.o(.ARM.Collect$$libshutdown$$0000000F)
    __rt_lib_shutdown_return                 0x080001b7   Thumb Code     0  libshutdown2.o(.ARM.Collect$$libshutdown$$00000010)
    __rt_lib_shutdown_signal_1               0x080001b7   Thumb Code     0  libshutdown2.o(.ARM.Collect$$libshutdown$$0000000A)
    __rt_lib_shutdown_stdio_1                0x080001b7   Thumb Code     0  libshutdown2.o(.ARM.Collect$$libshutdown$$00000004)
    __rt_lib_shutdown_user_alloc_1           0x080001b7   Thumb Code     0  libshutdown2.o(.ARM.Collect$$libshutdown$$0000000C)
    __rt_entry                               0x080001b9   Thumb Code     0  __rtentry.o(.ARM.Collect$$rtentry$$00000000)
    __rt_entry_presh_1                       0x080001b9   Thumb Code     0  __rtentry2.o(.ARM.Collect$$rtentry$$00000002)
    __rt_entry_sh                            0x080001b9   Thumb Code     0  __rtentry4.o(.ARM.Collect$$rtentry$$00000004)
    __rt_entry_li                            0x080001bf   Thumb Code     0  __rtentry2.o(.ARM.Collect$$rtentry$$0000000A)
    __rt_entry_postsh_1                      0x080001bf   Thumb Code     0  __rtentry2.o(.ARM.Collect$$rtentry$$00000009)
    __rt_entry_main                          0x080001c3   Thumb Code     0  __rtentry2.o(.ARM.Collect$$rtentry$$0000000D)
    __rt_entry_postli_1                      0x080001c3   Thumb Code     0  __rtentry2.o(.ARM.Collect$$rtentry$$0000000C)
    __rt_exit                                0x080001cb   Thumb Code     0  rtexit.o(.ARM.Collect$$rtexit$$00000000)
    __rt_exit_ls                             0x080001cd   Thumb Code     0  rtexit2.o(.ARM.Collect$$rtexit$$00000003)
    __rt_exit_prels_1                        0x080001cd   Thumb Code     0  rtexit2.o(.ARM.Collect$$rtexit$$00000002)
    __rt_exit_exit                           0x080001d1   Thumb Code     0  rtexit2.o(.ARM.Collect$$rtexit$$00000004)
    Reset_Handler                            0x080001d9   Thumb Code     8  startup_stm32f10x_md_vl.o(.text)
    NMI_Handler                              0x080001e1   Thumb Code     2  startup_stm32f10x_md_vl.o(.text)
    HardFault_Handler                        0x080001e3   Thumb Code     2  startup_stm32f10x_md_vl.o(.text)
    MemManage_Handler                        0x080001e5   Thumb Code     2  startup_stm32f10x_md_vl.o(.text)
    BusFault_Handler                         0x080001e7   Thumb Code     2  startup_stm32f10x_md_vl.o(.text)
    UsageFault_Handler                       0x080001e9   Thumb Code     2  startup_stm32f10x_md_vl.o(.text)
    SVC_Handler                              0x080001eb   Thumb Code     2  startup_stm32f10x_md_vl.o(.text)
    DebugMon_Handler                         0x080001ed   Thumb Code     2  startup_stm32f10x_md_vl.o(.text)
    PendSV_Handler                           0x080001ef   Thumb Code     2  startup_stm32f10x_md_vl.o(.text)
    SysTick_Handler                          0x080001f1   Thumb Code     2  startup_stm32f10x_md_vl.o(.text)
    ADC1_IRQHandler                          0x080001f3   Thumb Code     0  startup_stm32f10x_md_vl.o(.text)
    CEC_IRQHandler                           0x080001f3   Thumb Code     0  startup_stm32f10x_md_vl.o(.text)
    DMA1_Channel1_IRQHandler                 0x080001f3   Thumb Code     0  startup_stm32f10x_md_vl.o(.text)
    DMA1_Channel2_IRQHandler                 0x080001f3   Thumb Code     0  startup_stm32f10x_md_vl.o(.text)
    DMA1_Channel3_IRQHandler                 0x080001f3   Thumb Code     0  startup_stm32f10x_md_vl.o(.text)
    DMA1_Channel4_IRQHandler                 0x080001f3   Thumb Code     0  startup_stm32f10x_md_vl.o(.text)
    DMA1_Channel5_IRQHandler                 0x080001f3   Thumb Code     0  startup_stm32f10x_md_vl.o(.text)
    DMA1_Channel6_IRQHandler                 0x080001f3   Thumb Code     0  startup_stm32f10x_md_vl.o(.text)
    DMA1_Channel7_IRQHandler                 0x080001f3   Thumb Code     0  startup_stm32f10x_md_vl.o(.text)
    EXTI0_IRQHandler                         0x080001f3   Thumb Code     0  startup_stm32f10x_md_vl.o(.text)
    EXTI15_10_IRQHandler                     0x080001f3   Thumb Code     0  startup_stm32f10x_md_vl.o(.text)
    EXTI1_IRQHandler                         0x080001f3   Thumb Code     0  startup_stm32f10x_md_vl.o(.text)
    EXTI2_IRQHandler                         0x080001f3   Thumb Code     0  startup_stm32f10x_md_vl.o(.text)
    EXTI3_IRQHandler                         0x080001f3   Thumb Code     0  startup_stm32f10x_md_vl.o(.text)
    EXTI4_IRQHandler                         0x080001f3   Thumb Code     0  startup_stm32f10x_md_vl.o(.text)
    EXTI9_5_IRQHandler                       0x080001f3   Thumb Code     0  startup_stm32f10x_md_vl.o(.text)
    FLASH_IRQHandler                         0x080001f3   Thumb Code     0  startup_stm32f10x_md_vl.o(.text)
    I2C1_ER_IRQHandler                       0x080001f3   Thumb Code     0  startup_stm32f10x_md_vl.o(.text)
    I2C1_EV_IRQHandler                       0x080001f3   Thumb Code     0  startup_stm32f10x_md_vl.o(.text)
    I2C2_ER_IRQHandler                       0x080001f3   Thumb Code     0  startup_stm32f10x_md_vl.o(.text)
    I2C2_EV_IRQHandler                       0x080001f3   Thumb Code     0  startup_stm32f10x_md_vl.o(.text)
    PVD_IRQHandler                           0x080001f3   Thumb Code     0  startup_stm32f10x_md_vl.o(.text)
    RCC_IRQHandler                           0x080001f3   Thumb Code     0  startup_stm32f10x_md_vl.o(.text)
    RTC_IRQHandler                           0x080001f3   Thumb Code     0  startup_stm32f10x_md_vl.o(.text)
    SPI1_IRQHandler                          0x080001f3   Thumb Code     0  startup_stm32f10x_md_vl.o(.text)
    SPI2_IRQHandler                          0x080001f3   Thumb Code     0  startup_stm32f10x_md_vl.o(.text)
    TAMPER_IRQHandler                        0x080001f3   Thumb Code     0  startup_stm32f10x_md_vl.o(.text)
    TIM1_BRK_TIM15_IRQHandler                0x080001f3   Thumb Code     0  startup_stm32f10x_md_vl.o(.text)
    TIM1_CC_IRQHandler                       0x080001f3   Thumb Code     0  startup_stm32f10x_md_vl.o(.text)
    TIM1_TRG_COM_TIM17_IRQHandler            0x080001f3   Thumb Code     0  startup_stm32f10x_md_vl.o(.text)
    TIM1_UP_TIM16_IRQHandler                 0x080001f3   Thumb Code     0  startup_stm32f10x_md_vl.o(.text)
    TIM2_IRQHandler                          0x080001f3   Thumb Code     0  startup_stm32f10x_md_vl.o(.text)
    TIM3_IRQHandler                          0x080001f3   Thumb Code     0  startup_stm32f10x_md_vl.o(.text)
    TIM4_IRQHandler                          0x080001f3   Thumb Code     0  startup_stm32f10x_md_vl.o(.text)
    TIM6_DAC_IRQHandler                      0x080001f3   Thumb Code     0  startup_stm32f10x_md_vl.o(.text)
    TIM7_IRQHandler                          0x080001f3   Thumb Code     0  startup_stm32f10x_md_vl.o(.text)
    USART1_IRQHandler                        0x080001f3   Thumb Code     0  startup_stm32f10x_md_vl.o(.text)
    USART2_IRQHandler                        0x080001f3   Thumb Code     0  startup_stm32f10x_md_vl.o(.text)
    WWDG_IRQHandler                          0x080001f3   Thumb Code     0  startup_stm32f10x_md_vl.o(.text)
    __user_initial_stackheap                 0x080001f5   Thumb Code     0  startup_stm32f10x_md_vl.o(.text)
    strlen                                   0x08000219   Thumb Code    62  strlen.o(.text)
    __use_two_region_memory                  0x08000257   Thumb Code     2  heapauxi.o(.text)
    __rt_heap_escrow$2region                 0x08000259   Thumb Code     2  heapauxi.o(.text)
    __rt_heap_expand$2region                 0x0800025b   Thumb Code     2  heapauxi.o(.text)
    __read_errno                             0x0800025d   Thumb Code    10  _rserrno.o(.text)
    __set_errno                              0x08000267   Thumb Code    12  _rserrno.o(.text)
    __strtod_int                             0x080002b1   Thumb Code    90  strtod.o(.text)
    __aeabi_errno_addr                       0x08000319   Thumb Code     8  rt_errno_addr_intlibspace.o(.text)
    __errno$intlibspace                      0x08000319   Thumb Code     0  rt_errno_addr_intlibspace.o(.text)
    __rt_errno_addr$intlibspace              0x08000319   Thumb Code     0  rt_errno_addr_intlibspace.o(.text)
    isspace                                  0x08000321   Thumb Code    18  isspace.o(.text)
    _sgetc                                   0x08000333   Thumb Code    30  _sgetc.o(.text)
    _sbackspace                              0x08000351   Thumb Code    34  _sgetc.o(.text)
    __user_libspace                          0x08000375   Thumb Code     8  libspace.o(.text)
    __user_perproc_libspace                  0x08000375   Thumb Code     0  libspace.o(.text)
    __user_perthread_libspace                0x08000375   Thumb Code     0  libspace.o(.text)
    __user_setup_stackheap                   0x0800037d   Thumb Code    74  sys_stackheap_outer.o(.text)
    __rt_ctype_table                         0x080003c9   Thumb Code    16  rt_ctype_table.o(.text)
    _scanf_really_real                       0x08000625   Thumb Code   684  scanf_fp.o(.text)
    exit                                     0x080008d1   Thumb Code    18  exit.o(.text)
    strcmp                                   0x080008e5   Thumb Code   128  strcmpv7m.o(.text)
    __rt_locale                              0x08000965   Thumb Code     8  rt_locale_intlibspace.o(.text)
    _btod_etento                             0x0800096d   Thumb Code   224  bigflt0.o(.text)
    _scanf_really_hex_real                   0x08000a51   Thumb Code   786  scanf_hexfp.o(.text)
    _scanf_really_infnan                     0x08000d71   Thumb Code   292  scanf_infnan.o(.text)
    _sys_exit                                0x08000ea5   Thumb Code     8  sys_exit.o(.text)
    __aeabi_llsl                             0x08000eb1   Thumb Code     0  llshl.o(.text)
    _ll_shift_l                              0x08000eb1   Thumb Code    38  llshl.o(.text)
    _chval                                   0x08000ed7   Thumb Code    28  _chval.o(.text)
    __I$use$semihosting                      0x08000ef3   Thumb Code     0  use_no_semi.o(.text)
    __use_no_semihosting_swi                 0x08000ef3   Thumb Code     2  use_no_semi.o(.text)
    __btod_div_common                        0x08000ef5   Thumb Code   696  btod.o(CL$$btod_div_common)
    __semihosting_library_function           0x08000ef5   Thumb Code     0  indicate_semi.o(.text)
    _e2d                                     0x0800122d   Thumb Code   122  btod.o(CL$$btod_e2d)
    _e2e                                     0x080012b1   Thumb Code   220  btod.o(CL$$btod_e2e)
    _btod_ediv                               0x0800138d   Thumb Code    42  btod.o(CL$$btod_ediv)
    _btod_edivd                              0x080013b7   Thumb Code    42  btod.o(CL$$btod_edivd)
    _btod_emul                               0x080013e1   Thumb Code    42  btod.o(CL$$btod_emul)
    _btod_emuld                              0x0800140b   Thumb Code    42  btod.o(CL$$btod_emuld)
    __btod_mult_common                       0x08001435   Thumb Code   580  btod.o(CL$$btod_mult_common)
    ComputeSinusPolynomialApprox             0x08001679   Thumb Code   180  sin.o(i.ComputeSinusPolynomialApprox)
    ConfigureDAC                             0x08001745   Thumb Code    46  sin.o(i.ConfigureDAC)
    ConfigureDMA                             0x0800177d   Thumb Code    90  sin.o(i.ConfigureDMA)
    ConfigureTIM6                            0x080017f1   Thumb Code    46  sin.o(i.ConfigureTIM6)
    Configure_RTC                            0x08001829   Thumb Code   366  sleep_lib.o(i.Configure_RTC)
    Disable_RTC                              0x080019b1   Thumb Code   136  sleep_lib.o(i.Disable_RTC)
    GenerateWave                             0x08001a45   Thumb Code   178  sin.o(i.GenerateWave)
    RTCAlarm_IRQHandler                      0x08001afd   Thumb Code   118  sleep_lib.o(i.RTCAlarm_IRQHandler)
    SystemInit                               0x08001c45   Thumb Code    82  system_stm32f10x.o(i.SystemInit)
    USART3_IRQHandler                        0x08001ca9   Thumb Code   120  xbee.o(i.USART3_IRQHandler)
    XbeeReceive                              0x08001d35   Thumb Code   136  xbee.o(i.XbeeReceive)
    __mathlib_dbl_overflow                   0x08001e2b   Thumb Code    14  dunder.o(i.__mathlib_dbl_overflow)
    __mathlib_dbl_underflow                  0x08001e39   Thumb Code    10  dunder.o(i.__mathlib_dbl_underflow)
    __mathlib_narrow                         0x08001e49   Thumb Code    16  narrow.o(i.__mathlib_narrow)
    __mathlib_tofloat                        0x08001e59   Thumb Code   184  narrow.o(i.__mathlib_tofloat)
    __support_ldexp                          0x08001f15   Thumb Code    22  ldexp.o(i.__support_ldexp)
    _is_digit                                0x08001f2b   Thumb Code    14  scanf_fp.o(i._is_digit)
    analyze                                  0x08001f39   Thumb Code   374  main.o(i.analyze)
    atof                                     0x08002101   Thumb Code    42  atof.o(i.atof)
    clockInit                                0x0800212d   Thumb Code    32  init_lib.o(i.clockInit)
    commandToLCD                             0x08002155   Thumb Code    58  lcd.o(i.commandToLCD)
    dataToLCD                                0x080021a1   Thumb Code    56  lcd.o(i.dataToLCD)
    delay                                    0x080021ed   Thumb Code    12  lcd.o(i.delay)
    frexp                                    0x080021f9   Thumb Code    80  frexp.o(i.frexp)
    indexED                                  0x08002251   Thumb Code   144  main.o(i.indexED)
    initLCD                                  0x080022f9   Thumb Code    34  lcd.o(i.initLCD)
    initLCDsequence                          0x0800232d   Thumb Code    96  lcd.o(i.initLCDsequence)
    init_usart                               0x08002391   Thumb Code   136  xbee.o(i.init_usart)
    ldexp                                    0x0800242d   Thumb Code   116  ldexp.o(i.ldexp)
    listen                                   0x080024a1   Thumb Code   424  main.o(i.listen)
    main                                     0x0800269d   Thumb Code   232  main.o(i.main)
    receive_usart                            0x080027ed   Thumb Code    24  xbee.o(i.receive_usart)
    send_usart                               0x08002809   Thumb Code    22  xbee.o(i.send_usart)
    sinGen                                   0x08002825   Thumb Code    74  sin.o(i.sinGen)
    sine                                     0x0800287d   Thumb Code    12  sin.o(i.sine)
    sineOff                                  0x08002889   Thumb Code   100  sin.o(i.sineOff)
    stagger                                  0x080028fd   Thumb Code   200  main.o(i.stagger)
    stringToLCD                              0x08002a01   Thumb Code    58  lcd.o(i.stringToLCD)
    xbeeSend                                 0x08002a3b   Thumb Code   192  xbee.o(i.xbeeSend)
    _get_lc_numeric                          0x08002afd   Thumb Code    44  lc_numeric_c.o(locale$$code)
    _get_lc_ctype                            0x08002b29   Thumb Code    44  lc_ctype_c.o(locale$$code)
    __aeabi_d2f                              0x08002b55   Thumb Code     0  d2f.o(x$fpl$d2f)
    _d2f                                     0x08002b55   Thumb Code    98  d2f.o(x$fpl$d2f)
    __fpl_dcheck_NaN1                        0x08002bb9   Thumb Code    10  dcheck1.o(x$fpl$dcheck1)
    __fpl_dcmp_Inf                           0x08002bc9   Thumb Code    24  dcmpi.o(x$fpl$dcmpinf)
    __aeabi_ddiv                             0x08002be1   Thumb Code     0  ddiv.o(x$fpl$ddiv)
    _ddiv                                    0x08002be1   Thumb Code   552  ddiv.o(x$fpl$ddiv)
    __aeabi_cdcmpeq                          0x08002e91   Thumb Code     0  deqf.o(x$fpl$deqf)
    _dcmpeq                                  0x08002e91   Thumb Code   120  deqf.o(x$fpl$deqf)
    __aeabi_cdcmple                          0x08002f09   Thumb Code     0  dleqf.o(x$fpl$dleqf)
    _dcmple                                  0x08002f09   Thumb Code   120  dleqf.o(x$fpl$dleqf)
    __fpl_dcmple_InfNaN                      0x08002f6b   Thumb Code     0  dleqf.o(x$fpl$dleqf)
    __aeabi_dmul                             0x08002f81   Thumb Code     0  dmul.o(x$fpl$dmul)
    _dmul                                    0x08002f81   Thumb Code   332  dmul.o(x$fpl$dmul)
    __fpl_dnaninf                            0x080030d5   Thumb Code   156  dnaninf.o(x$fpl$dnaninf)
    __fpl_dretinf                            0x08003171   Thumb Code    12  dretinf.o(x$fpl$dretinf)
    __aeabi_cdrcmple                         0x0800317d   Thumb Code     0  drleqf.o(x$fpl$drleqf)
    _drcmple                                 0x0800317d   Thumb Code   108  drleqf.o(x$fpl$drleqf)
    __aeabi_f2d                              0x080031e9   Thumb Code     0  f2d.o(x$fpl$f2d)
    _f2d                                     0x080031e9   Thumb Code    86  f2d.o(x$fpl$f2d)
    __aeabi_fadd                             0x08003241   Thumb Code     0  faddsub_clz.o(x$fpl$fadd)
    _fadd                                    0x08003241   Thumb Code   196  faddsub_clz.o(x$fpl$fadd)
    __aeabi_fdiv                             0x08003305   Thumb Code     0  fdiv.o(x$fpl$fdiv)
    _fdiv                                    0x08003305   Thumb Code   384  fdiv.o(x$fpl$fdiv)
    __aeabi_f2uiz                            0x08003489   Thumb Code     0  ffixu.o(x$fpl$ffixu)
    _ffixu                                   0x08003489   Thumb Code    62  ffixu.o(x$fpl$ffixu)
    __aeabi_ui2f                             0x080034c9   Thumb Code     0  fflt_clz.o(x$fpl$ffltu)
    _ffltu                                   0x080034c9   Thumb Code    38  fflt_clz.o(x$fpl$ffltu)
    __aeabi_fmul                             0x080034f1   Thumb Code     0  fmul.o(x$fpl$fmul)
    _fmul                                    0x080034f1   Thumb Code   258  fmul.o(x$fpl$fmul)
    __fpl_fnaninf                            0x080035f3   Thumb Code   140  fnaninf.o(x$fpl$fnaninf)
    __fpl_fretinf                            0x0800367f   Thumb Code    10  fretinf.o(x$fpl$fretinf)
    __aeabi_frsub                            0x08003689   Thumb Code     0  faddsub_clz.o(x$fpl$frsb)
    _frsb                                    0x08003689   Thumb Code    20  faddsub_clz.o(x$fpl$frsb)
    __aeabi_fsub                             0x0800369d   Thumb Code     0  faddsub_clz.o(x$fpl$fsub)
    _fsub                                    0x0800369d   Thumb Code   234  faddsub_clz.o(x$fpl$fsub)
    __ieee_status                            0x08003787   Thumb Code     6  istatus.o(x$fpl$ieeestatus)
    __fpl_return_NaN                         0x0800378d   Thumb Code   100  retnan.o(x$fpl$retnan)
    __ARM_scalbn                             0x080037f1   Thumb Code    92  scalbn.o(x$fpl$scalbn)
    _scanf_real                              0x0800384d   Thumb Code     4  scanf1.o(x$fpl$scanf1)
    _scanf_hex_real                          0x08003851   Thumb Code     4  scanf2.o(x$fpl$scanf2)
    _scanf_infnan                            0x08003855   Thumb Code     4  scanf2.o(x$fpl$scanf2)
    __fpl_cmpreturn                          0x08003859   Thumb Code    48  trapv.o(x$fpl$trapveneer)
    __I$use$fp                               0x08003888   Number         0  usenofp.o(x$fpl$usenofp)
    Region$$Table$$Base                      0x0800391c   Number         0  anon$$obj.o(Region$$Table)
    Region$$Table$$Limit                     0x0800393c   Number         0  anon$$obj.o(Region$$Table)
    __aeabi_HUGE_VAL                         0x0800393c   Data           0  fpconst.o(c$$dinf)
    __aeabi_HUGE_VALL                        0x0800393c   Data           0  fpconst.o(c$$dinf)
    __aeabi_INFINITY                         0x0800393c   Data           0  fpconst.o(c$$dinf)
    __dInf                                   0x0800393c   Data           0  fpconst.o(c$$dinf)
    __huge_val                               0x0800393c   Data           0  fpconst.o(c$$dinf)
    __dbl_max                                0x08003944   Data           0  fpconst.o(c$$dmax)
    __ctype                                  0x08003975   Data           0  lc_ctype_c.o(locale$$data)
    bsize                                    0x20000004   Data           1  xbee.o(.data)
    bfull                                    0x20000005   Data           1  xbee.o(.data)
    ED1                                      0x2000000c   Data           8  xbee.o(.data)
    ED2                                      0x20000014   Data           8  xbee.o(.data)
    alarm                                    0x2000001c   Data           1  sleep_lib.o(.data)
    buffer                                   0x20000048   Data          30  xbee.o(.bss)
    sin_data                                 0x20000066   Data         144  sin.o(.bss)
    __libspace_start                         0x200000f8   Data          96  libspace.o(.bss)
    __temporary_stack_top$libspace           0x20000158   Data           0  libspace.o(.bss)



==============================================================================

Memory Map of the image

  Image Entry point : 0x08000121

  Load Region LR_IROM1 (Base: 0x08000000, Size: 0x00003a98, Max: 0x00020000, ABSOLUTE)

    Execution Region ER_IROM1 (Exec base: 0x08000000, Load base: 0x08000000, Size: 0x00003a78, Max: 0x00020000, ABSOLUTE)

    Exec Addr    Load Addr    Size         Type   Attr      Idx    E Section Name        Object

    0x08000000   0x08000000   0x00000120   Data   RO          402    RESET               startup_stm32f10x_md_vl.o
    0x08000120   0x08000120   0x00000008   Code   RO          459  * !!!main             c_w.l(__main.o)
    0x08000128   0x08000128   0x00000034   Code   RO          799    !!!scatter          c_w.l(__scatter.o)
    0x0800015c   0x0800015c   0x0000001a   Code   RO          801    !!handler_copy      c_w.l(__scatter_copy.o)
    0x08000176   0x08000176   0x00000002   PAD
    0x08000178   0x08000178   0x0000001c   Code   RO          803    !!handler_zi        c_w.l(__scatter_zi.o)
    0x08000194   0x08000194   0x00000002   Code   RO          560    .ARM.Collect$$libinit$$00000000  c_w.l(libinit.o)
    0x08000196   0x08000196   0x00000000   Code   RO          562    .ARM.Collect$$libinit$$00000002  c_w.l(libinit2.o)
    0x08000196   0x08000196   0x00000000   Code   RO          564    .ARM.Collect$$libinit$$00000004  c_w.l(libinit2.o)
    0x08000196   0x08000196   0x00000000   Code   RO          567    .ARM.Collect$$libinit$$0000000A  c_w.l(libinit2.o)
    0x08000196   0x08000196   0x00000000   Code   RO          569    .ARM.Collect$$libinit$$0000000C  c_w.l(libinit2.o)
    0x08000196   0x08000196   0x00000000   Code   RO          571    .ARM.Collect$$libinit$$0000000E  c_w.l(libinit2.o)
    0x08000196   0x08000196   0x00000006   Code   RO          572    .ARM.Collect$$libinit$$0000000F  c_w.l(libinit2.o)
    0x0800019c   0x0800019c   0x00000000   Code   RO          574    .ARM.Collect$$libinit$$00000011  c_w.l(libinit2.o)
    0x0800019c   0x0800019c   0x0000000c   Code   RO          575    .ARM.Collect$$libinit$$00000012  c_w.l(libinit2.o)
    0x080001a8   0x080001a8   0x00000000   Code   RO          576    .ARM.Collect$$libinit$$00000013  c_w.l(libinit2.o)
    0x080001a8   0x080001a8   0x00000000   Code   RO          578    .ARM.Collect$$libinit$$00000015  c_w.l(libinit2.o)
    0x080001a8   0x080001a8   0x0000000a   Code   RO          579    .ARM.Collect$$libinit$$00000016  c_w.l(libinit2.o)
    0x080001b2   0x080001b2   0x00000000   Code   RO          580    .ARM.Collect$$libinit$$00000017  c_w.l(libinit2.o)
    0x080001b2   0x080001b2   0x00000000   Code   RO          582    .ARM.Collect$$libinit$$00000019  c_w.l(libinit2.o)
    0x080001b2   0x080001b2   0x00000000   Code   RO          584    .ARM.Collect$$libinit$$0000001B  c_w.l(libinit2.o)
    0x080001b2   0x080001b2   0x00000000   Code   RO          586    .ARM.Collect$$libinit$$0000001D  c_w.l(libinit2.o)
    0x080001b2   0x080001b2   0x00000000   Code   RO          588    .ARM.Collect$$libinit$$0000001F  c_w.l(libinit2.o)
    0x080001b2   0x080001b2   0x00000000   Code   RO          590    .ARM.Collect$$libinit$$00000021  c_w.l(libinit2.o)
    0x080001b2   0x080001b2   0x00000000   Code   RO          592    .ARM.Collect$$libinit$$00000023  c_w.l(libinit2.o)
    0x080001b2   0x080001b2   0x00000000   Code   RO          594    .ARM.Collect$$libinit$$00000025  c_w.l(libinit2.o)
    0x080001b2   0x080001b2   0x00000000   Code   RO          598    .ARM.Collect$$libinit$$0000002C  c_w.l(libinit2.o)
    0x080001b2   0x080001b2   0x00000000   Code   RO          600    .ARM.Collect$$libinit$$0000002E  c_w.l(libinit2.o)
    0x080001b2   0x080001b2   0x00000000   Code   RO          602    .ARM.Collect$$libinit$$00000030  c_w.l(libinit2.o)
    0x080001b2   0x080001b2   0x00000000   Code   RO          604    .ARM.Collect$$libinit$$00000032  c_w.l(libinit2.o)
    0x080001b2   0x080001b2   0x00000002   Code   RO          605    .ARM.Collect$$libinit$$00000033  c_w.l(libinit2.o)
    0x080001b4   0x080001b4   0x00000002   Code   RO          702    .ARM.Collect$$libshutdown$$00000000  c_w.l(libshutdown.o)
    0x080001b6   0x080001b6   0x00000000   Code   RO          731    .ARM.Collect$$libshutdown$$00000002  c_w.l(libshutdown2.o)
    0x080001b6   0x080001b6   0x00000000   Code   RO          733    .ARM.Collect$$libshutdown$$00000004  c_w.l(libshutdown2.o)
    0x080001b6   0x080001b6   0x00000000   Code   RO          736    .ARM.Collect$$libshutdown$$00000007  c_w.l(libshutdown2.o)
    0x080001b6   0x080001b6   0x00000000   Code   RO          739    .ARM.Collect$$libshutdown$$0000000A  c_w.l(libshutdown2.o)
    0x080001b6   0x080001b6   0x00000000   Code   RO          741    .ARM.Collect$$libshutdown$$0000000C  c_w.l(libshutdown2.o)
    0x080001b6   0x080001b6   0x00000000   Code   RO          744    .ARM.Collect$$libshutdown$$0000000F  c_w.l(libshutdown2.o)
    0x080001b6   0x080001b6   0x00000002   Code   RO          745    .ARM.Collect$$libshutdown$$00000010  c_w.l(libshutdown2.o)
    0x080001b8   0x080001b8   0x00000000   Code   RO          497    .ARM.Collect$$rtentry$$00000000  c_w.l(__rtentry.o)
    0x080001b8   0x080001b8   0x00000000   Code   RO          512    .ARM.Collect$$rtentry$$00000002  c_w.l(__rtentry2.o)
    0x080001b8   0x080001b8   0x00000006   Code   RO          524    .ARM.Collect$$rtentry$$00000004  c_w.l(__rtentry4.o)
    0x080001be   0x080001be   0x00000000   Code   RO          514    .ARM.Collect$$rtentry$$00000009  c_w.l(__rtentry2.o)
    0x080001be   0x080001be   0x00000004   Code   RO          515    .ARM.Collect$$rtentry$$0000000A  c_w.l(__rtentry2.o)
    0x080001c2   0x080001c2   0x00000000   Code   RO          517    .ARM.Collect$$rtentry$$0000000C  c_w.l(__rtentry2.o)
    0x080001c2   0x080001c2   0x00000008   Code   RO          518    .ARM.Collect$$rtentry$$0000000D  c_w.l(__rtentry2.o)
    0x080001ca   0x080001ca   0x00000002   Code   RO          606    .ARM.Collect$$rtexit$$00000000  c_w.l(rtexit.o)
    0x080001cc   0x080001cc   0x00000000   Code   RO          664    .ARM.Collect$$rtexit$$00000002  c_w.l(rtexit2.o)
    0x080001cc   0x080001cc   0x00000004   Code   RO          665    .ARM.Collect$$rtexit$$00000003  c_w.l(rtexit2.o)
    0x080001d0   0x080001d0   0x00000006   Code   RO          666    .ARM.Collect$$rtexit$$00000004  c_w.l(rtexit2.o)
    0x080001d6   0x080001d6   0x00000002   PAD
    0x080001d8   0x080001d8   0x00000040   Code   RO          403    .text               startup_stm32f10x_md_vl.o
    0x08000218   0x08000218   0x0000003e   Code   RO          455    .text               c_w.l(strlen.o)
    0x08000256   0x08000256   0x00000006   Code   RO          457    .text               c_w.l(heapauxi.o)
    0x0800025c   0x0800025c   0x00000016   Code   RO          498    .text               c_w.l(_rserrno.o)
    0x08000272   0x08000272   0x00000002   PAD
    0x08000274   0x08000274   0x000000a4   Code   RO          500    .text               c_w.l(strtod.o)
    0x08000318   0x08000318   0x00000008   Code   RO          529    .text               c_w.l(rt_errno_addr_intlibspace.o)
    0x08000320   0x08000320   0x00000012   Code   RO          531    .text               c_w.l(isspace.o)
    0x08000332   0x08000332   0x00000040   Code   RO          533    .text               c_w.l(_sgetc.o)
    0x08000372   0x08000372   0x00000002   PAD
    0x08000374   0x08000374   0x00000008   Code   RO          540    .text               c_w.l(libspace.o)
    0x0800037c   0x0800037c   0x0000004a   Code   RO          543    .text               c_w.l(sys_stackheap_outer.o)
    0x080003c6   0x080003c6   0x00000002   PAD
    0x080003c8   0x080003c8   0x00000010   Code   RO          545    .text               c_w.l(rt_ctype_table.o)
    0x080003d8   0x080003d8   0x000004f8   Code   RO          547    .text               c_w.l(scanf_fp.o)
    0x080008d0   0x080008d0   0x00000012   Code   RO          551    .text               c_w.l(exit.o)
    0x080008e2   0x080008e2   0x00000002   PAD
    0x080008e4   0x080008e4   0x00000080   Code   RO          553    .text               c_w.l(strcmpv7m.o)
    0x08000964   0x08000964   0x00000008   Code   RO          611    .text               c_w.l(rt_locale_intlibspace.o)
    0x0800096c   0x0800096c   0x000000e4   Code   RO          613    .text               c_w.l(bigflt0.o)
    0x08000a50   0x08000a50   0x00000320   Code   RO          670    .text               c_w.l(scanf_hexfp.o)
    0x08000d70   0x08000d70   0x00000134   Code   RO          672    .text               c_w.l(scanf_infnan.o)
    0x08000ea4   0x08000ea4   0x0000000c   Code   RO          688    .text               c_w.l(sys_exit.o)
    0x08000eb0   0x08000eb0   0x00000026   Code   RO          692    .text               c_w.l(llshl.o)
    0x08000ed6   0x08000ed6   0x0000001c   Code   RO          694    .text               c_w.l(_chval.o)
    0x08000ef2   0x08000ef2   0x00000002   Code   RO          721    .text               c_w.l(use_no_semi.o)
    0x08000ef4   0x08000ef4   0x00000000   Code   RO          723    .text               c_w.l(indicate_semi.o)
    0x08000ef4   0x08000ef4   0x00000338   Code   RO          626    CL$$btod_div_common  c_w.l(btod.o)
    0x0800122c   0x0800122c   0x00000084   Code   RO          624    CL$$btod_e2d        c_w.l(btod.o)
    0x080012b0   0x080012b0   0x000000dc   Code   RO          623    CL$$btod_e2e        c_w.l(btod.o)
    0x0800138c   0x0800138c   0x0000002a   Code   RO          620    CL$$btod_ediv       c_w.l(btod.o)
    0x080013b6   0x080013b6   0x0000002a   Code   RO          622    CL$$btod_edivd      c_w.l(btod.o)
    0x080013e0   0x080013e0   0x0000002a   Code   RO          619    CL$$btod_emul       c_w.l(btod.o)
    0x0800140a   0x0800140a   0x0000002a   Code   RO          621    CL$$btod_emuld      c_w.l(btod.o)
    0x08001434   0x08001434   0x00000244   Code   RO          625    CL$$btod_mult_common  c_w.l(btod.o)
    0x08001678   0x08001678   0x000000cc   Code   RO          311    i.ComputeSinusPolynomialApprox  sin.o
    0x08001744   0x08001744   0x00000038   Code   RO          312    i.ConfigureDAC      sin.o
    0x0800177c   0x0800177c   0x00000074   Code   RO          313    i.ConfigureDMA      sin.o
    0x080017f0   0x080017f0   0x00000038   Code   RO          314    i.ConfigureTIM6     sin.o
    0x08001828   0x08001828   0x00000188   Code   RO          262    i.Configure_RTC     sleep_lib.o
    0x080019b0   0x080019b0   0x00000094   Code   RO          263    i.Disable_RTC       sleep_lib.o
    0x08001a44   0x08001a44   0x000000b8   Code   RO          315    i.GenerateWave      sin.o
    0x08001afc   0x08001afc   0x00000088   Code   RO          264    i.RTCAlarm_IRQHandler  sleep_lib.o
    0x08001b84   0x08001b84   0x00000008   Code   RO          410    i.SetSysClock       system_stm32f10x.o
    0x08001b8c   0x08001b8c   0x000000b8   Code   RO          411    i.SetSysClockTo24   system_stm32f10x.o
    0x08001c44   0x08001c44   0x00000064   Code   RO          413    i.SystemInit        system_stm32f10x.o
    0x08001ca8   0x08001ca8   0x0000008c   Code   RO          194    i.USART3_IRQHandler  xbee.o
    0x08001d34   0x08001d34   0x00000098   Code   RO          195    i.XbeeReceive       xbee.o
    0x08001dcc   0x08001dcc   0x0000003c   Code   RO          316    i.__NVIC_DisableIRQ  sin.o
    0x08001e08   0x08001e08   0x00000022   Code   RO          317    i.__NVIC_EnableIRQ  sin.o
    0x08001e2a   0x08001e2a   0x0000000e   Code   RO          752    i.__mathlib_dbl_overflow  m_ws.l(dunder.o)
    0x08001e38   0x08001e38   0x00000010   Code   RO          754    i.__mathlib_dbl_underflow  m_ws.l(dunder.o)
    0x08001e48   0x08001e48   0x00000010   Code   RO          657    i.__mathlib_narrow  m_ws.l(narrow.o)
    0x08001e58   0x08001e58   0x000000bc   Code   RO          658    i.__mathlib_tofloat  m_ws.l(narrow.o)
    0x08001f14   0x08001f14   0x00000016   Code   RO          710    i.__support_ldexp   m_ws.l(ldexp.o)
    0x08001f2a   0x08001f2a   0x0000000e   Code   RO          549    i._is_digit         c_w.l(scanf_fp.o)
    0x08001f38   0x08001f38   0x000001c8   Code   RO            4    i.analyze           main.o
    0x08002100   0x08002100   0x0000002a   Code   RO          494    i.atof              m_ws.l(atof.o)
    0x0800212a   0x0800212a   0x00000002   PAD
    0x0800212c   0x0800212c   0x00000028   Code   RO          170    i.clockInit         init_lib.o
    0x08002154   0x08002154   0x0000004c   Code   RO          116    i.commandToLCD      lcd.o
    0x080021a0   0x080021a0   0x0000004c   Code   RO          117    i.dataToLCD         lcd.o
    0x080021ec   0x080021ec   0x0000000c   Code   RO          118    i.delay             lcd.o
    0x080021f8   0x080021f8   0x00000058   Code   RO          683    i.frexp             m_ws.l(frexp.o)
    0x08002250   0x08002250   0x000000a8   Code   RO            5    i.indexED           main.o
    0x080022f8   0x080022f8   0x00000034   Code   RO          119    i.initLCD           lcd.o
    0x0800232c   0x0800232c   0x00000064   Code   RO          120    i.initLCDsequence   lcd.o
    0x08002390   0x08002390   0x0000009c   Code   RO          197    i.init_usart        xbee.o
    0x0800242c   0x0800242c   0x00000074   Code   RO          711    i.ldexp             m_ws.l(ldexp.o)
    0x080024a0   0x080024a0   0x000001fc   Code   RO            6    i.listen            main.o
    0x0800269c   0x0800269c   0x00000150   Code   RO            7    i.main              main.o
    0x080027ec   0x080027ec   0x0000001c   Code   RO          198    i.receive_usart     xbee.o
    0x08002808   0x08002808   0x0000001c   Code   RO          199    i.send_usart        xbee.o
    0x08002824   0x08002824   0x00000058   Code   RO          318    i.sinGen            sin.o
    0x0800287c   0x0800287c   0x0000000c   Code   RO          319    i.sine              sin.o
    0x08002888   0x08002888   0x00000074   Code   RO          320    i.sineOff           sin.o
    0x080028fc   0x080028fc   0x00000104   Code   RO            8    i.stagger           main.o
    0x08002a00   0x08002a00   0x0000003a   Code   RO          121    i.stringToLCD       lcd.o
    0x08002a3a   0x08002a3a   0x000000c0   Code   RO          200    i.xbeeSend          xbee.o
    0x08002afa   0x08002afa   0x00000002   PAD
    0x08002afc   0x08002afc   0x0000002c   Code   RO          536    locale$$code        c_w.l(lc_numeric_c.o)
    0x08002b28   0x08002b28   0x0000002c   Code   RO          639    locale$$code        c_w.l(lc_ctype_c.o)
    0x08002b54   0x08002b54   0x00000062   Code   RO          461    x$fpl$d2f           fz_ws.l(d2f.o)
    0x08002bb6   0x08002bb6   0x00000002   PAD
    0x08002bb8   0x08002bb8   0x00000010   Code   RO          746    x$fpl$dcheck1       fz_ws.l(dcheck1.o)
    0x08002bc8   0x08002bc8   0x00000018   Code   RO          703    x$fpl$dcmpinf       fz_ws.l(dcmpi.o)
    0x08002be0   0x08002be0   0x000002b0   Code   RO          464    x$fpl$ddiv          fz_ws.l(ddiv.o)
    0x08002e90   0x08002e90   0x00000078   Code   RO          678    x$fpl$deqf          fz_ws.l(deqf.o)
    0x08002f08   0x08002f08   0x00000078   Code   RO          705    x$fpl$dleqf         fz_ws.l(dleqf.o)
    0x08002f80   0x08002f80   0x00000154   Code   RO          467    x$fpl$dmul          fz_ws.l(dmul.o)
    0x080030d4   0x080030d4   0x0000009c   Code   RO          502    x$fpl$dnaninf       fz_ws.l(dnaninf.o)
    0x08003170   0x08003170   0x0000000c   Code   RO          504    x$fpl$dretinf       fz_ws.l(dretinf.o)
    0x0800317c   0x0800317c   0x0000006c   Code   RO          680    x$fpl$drleqf        fz_ws.l(drleqf.o)
    0x080031e8   0x080031e8   0x00000056   Code   RO          469    x$fpl$f2d           fz_ws.l(f2d.o)
    0x0800323e   0x0800323e   0x00000002   PAD
    0x08003240   0x08003240   0x000000c4   Code   RO          471    x$fpl$fadd          fz_ws.l(faddsub_clz.o)
    0x08003304   0x08003304   0x00000184   Code   RO          478    x$fpl$fdiv          fz_ws.l(fdiv.o)
    0x08003488   0x08003488   0x0000003e   Code   RO          481    x$fpl$ffixu         fz_ws.l(ffixu.o)
    0x080034c6   0x080034c6   0x00000002   PAD
    0x080034c8   0x080034c8   0x00000026   Code   RO          485    x$fpl$ffltu         fz_ws.l(fflt_clz.o)
    0x080034ee   0x080034ee   0x00000002   PAD
    0x080034f0   0x080034f0   0x00000102   Code   RO          491    x$fpl$fmul          fz_ws.l(fmul.o)
    0x080035f2   0x080035f2   0x0000008c   Code   RO          506    x$fpl$fnaninf       fz_ws.l(fnaninf.o)
    0x0800367e   0x0800367e   0x0000000a   Code   RO          508    x$fpl$fretinf       fz_ws.l(fretinf.o)
    0x08003688   0x08003688   0x00000014   Code   RO          472    x$fpl$frsb          fz_ws.l(faddsub_clz.o)
    0x0800369c   0x0800369c   0x000000ea   Code   RO          473    x$fpl$fsub          fz_ws.l(faddsub_clz.o)
    0x08003786   0x08003786   0x00000006   Code   RO          649    x$fpl$ieeestatus    fz_ws.l(istatus.o)
    0x0800378c   0x0800378c   0x00000064   Code   RO          773    x$fpl$retnan        fz_ws.l(retnan.o)
    0x080037f0   0x080037f0   0x0000005c   Code   RO          707    x$fpl$scalbn        fz_ws.l(scalbn.o)
    0x0800384c   0x0800384c   0x00000004   Code   RO          538    x$fpl$scanf1        fz_ws.l(scanf1.o)
    0x08003850   0x08003850   0x00000008   Code   RO          651    x$fpl$scanf2        fz_ws.l(scanf2.o)
    0x08003858   0x08003858   0x00000030   Code   RO          779    x$fpl$trapveneer    fz_ws.l(trapv.o)
    0x08003888   0x08003888   0x00000000   Code   RO          510    x$fpl$usenofp       fz_ws.l(usenofp.o)
    0x08003888   0x08003888   0x00000094   Data   RO          614    .constdata          c_w.l(bigflt0.o)
    0x0800391c   0x0800391c   0x00000020   Data   RO          797    Region$$Table       anon$$obj.o
    0x0800393c   0x0800393c   0x00000008   Data   RO          643    c$$dinf             fz_ws.l(fpconst.o)
    0x08003944   0x08003944   0x00000008   Data   RO          646    c$$dmax             fz_ws.l(fpconst.o)
    0x0800394c   0x0800394c   0x0000001c   Data   RO          535    locale$$data        c_w.l(lc_numeric_c.o)
    0x08003968   0x08003968   0x00000110   Data   RO          638    locale$$data        c_w.l(lc_ctype_c.o)


    Execution Region RW_IRAM1 (Exec base: 0x20000000, Load base: 0x08003a78, Size: 0x00000758, Max: 0x00002000, ABSOLUTE)

    Exec Addr    Load Addr    Size         Type   Attr      Idx    E Section Name        Object

    0x20000000   0x08003a78   0x00000002   Data   RW           10    .data               main.o
    0x20000002   0x08003a7a   0x00000002   PAD
    0x20000004   0x08003a7c   0x00000018   Data   RW          202    .data               xbee.o
    0x2000001c   0x08003a94   0x00000001   Data   RW          266    .data               sleep_lib.o
    0x2000001d   0x08003a95   0x00000001   PAD
    0x2000001e   0x08003a96   0x00000002   Data   RW          322    .data               sin.o
    0x20000020        -       0x00000028   Zero   RW            9    .bss                main.o
    0x20000048        -       0x0000001e   Zero   RW          201    .bss                xbee.o
    0x20000066        -       0x00000090   Zero   RW          321    .bss                sin.o
    0x200000f6   0x08003a98   0x00000002   PAD
    0x200000f8        -       0x00000060   Zero   RW          541    .bss                c_w.l(libspace.o)
    0x20000158        -       0x00000200   Zero   RW          401    HEAP                startup_stm32f10x_md_vl.o
    0x20000358        -       0x00000400   Zero   RW          400    STACK               startup_stm32f10x_md_vl.o


==============================================================================

Image component sizes


      Code (inc. data)   RO Data    RW Data    ZI Data      Debug   Object Name

        40          8          0          0          0        436   init_lib.o
       374         60          0          0          0       2953   lcd.o
      1728        360          0          2         40     214366   main.o
       926        112          0          2        144      30436   sin.o
       676         56          0          1          0      27063   sleep_lib.o
        64         26        288          0       1536        836   startup_stm32f10x_md_vl.o
       292         24          0          0          0       2161   system_stm32f10x.o
       696         66          0         24         30       5456   xbee.o

    ----------------------------------------------------------------------
      4798        712        320         32       1752     283707   Object Totals
         0          0         32          0          0          0   (incl. Generated)
         2          0          0          3          2          0   (incl. Padding)

    ----------------------------------------------------------------------

      Code (inc. data)   RO Data    RW Data    ZI Data      Debug   Library Member Name

         8          0          0          0          0         68   __main.o
         0          0          0          0          0          0   __rtentry.o
        12          0          0          0          0          0   __rtentry2.o
         6          0          0          0          0          0   __rtentry4.o
        52          8          0          0          0          0   __scatter.o
        26          0          0          0          0          0   __scatter_copy.o
        28          0          0          0          0          0   __scatter_zi.o
        28          0          0          0          0         68   _chval.o
        22          0          0          0          0        100   _rserrno.o
        64          0          0          0          0         84   _sgetc.o
       228          4        148          0          0         96   bigflt0.o
      1924        136          0          0          0        756   btod.o
        18          0          0          0          0         80   exit.o
         6          0          0          0          0        152   heapauxi.o
         0          0          0          0          0          0   indicate_semi.o
        18          0          0          0          0         76   isspace.o
        44         10        272          0          0         76   lc_ctype_c.o
        44         10         28          0          0         76   lc_numeric_c.o
         2          0          0          0          0          0   libinit.o
        30          0          0          0          0          0   libinit2.o
         2          0          0          0          0          0   libshutdown.o
         2          0          0          0          0          0   libshutdown2.o
         8          4          0          0         96         68   libspace.o
        38          0          0          0          0         68   llshl.o
        16          4          0          0          0         76   rt_ctype_table.o
         8          4          0          0          0         68   rt_errno_addr_intlibspace.o
         8          4          0          0          0         68   rt_locale_intlibspace.o
         2          0          0          0          0          0   rtexit.o
        10          0          0          0          0          0   rtexit2.o
      1286         16          0          0          0        236   scanf_fp.o
       800         14          0          0          0        100   scanf_hexfp.o
       308         16          0          0          0        100   scanf_infnan.o
       128          0          0          0          0         68   strcmpv7m.o
        62          0          0          0          0         76   strlen.o
       164         14          0          0          0        120   strtod.o
        12          4          0          0          0         68   sys_exit.o
        74          0          0          0          0         80   sys_stackheap_outer.o
         2          0          0          0          0         68   use_no_semi.o
        98          4          0          0          0         92   d2f.o
        16          4          0          0          0         68   dcheck1.o
        24          0          0          0          0         68   dcmpi.o
       688        140          0          0          0        208   ddiv.o
       120          4          0          0          0         92   deqf.o
       120          4          0          0          0         92   dleqf.o
       340         12          0          0          0        104   dmul.o
       156          4          0          0          0         92   dnaninf.o
        12          0          0          0          0         68   dretinf.o
       108          0          0          0          0         80   drleqf.o
        86          4          0          0          0         84   f2d.o
       450          8          0          0          0        236   faddsub_clz.o
       388         76          0          0          0         96   fdiv.o
        62          4          0          0          0         84   ffixu.o
        38          0          0          0          0         68   fflt_clz.o
       258          4          0          0          0         84   fmul.o
       140          4          0          0          0         84   fnaninf.o
         0          0         16          0          0          0   fpconst.o
        10          0          0          0          0         68   fretinf.o
         6          0          0          0          0         68   istatus.o
       100          0          0          0          0         68   retnan.o
        92          0          0          0          0         68   scalbn.o
         4          0          0          0          0         68   scanf1.o
         8          0          0          0          0         84   scanf2.o
        48          0          0          0          0         68   trapv.o
         0          0          0          0          0          0   usenofp.o
        42          0          0          0          0         84   atof.o
        30          6          0          0          0        136   dunder.o
        88          8          0          0          0         76   frexp.o
       138          0          0          0          0        160   ldexp.o
       204          4          0          0          0        168   narrow.o

    ----------------------------------------------------------------------
      9386        538        464          0         96       5712   Library Totals
        22          0          0          0          0          0   (incl. Padding)

    ----------------------------------------------------------------------

      Code (inc. data)   RO Data    RW Data    ZI Data      Debug   Library Name

      5490        248        448          0         96       2896   c_w.l
      3372        272         16          0          0       2192   fz_ws.l
       502         18          0          0          0        624   m_ws.l

    ----------------------------------------------------------------------
      9386        538        464          0         96       5712   Library Totals

    ----------------------------------------------------------------------

==============================================================================


      Code (inc. data)   RO Data    RW Data    ZI Data      Debug   

     14184       1250        784         32       1848     284579   Grand Totals
     14184       1250        784         32       1848     284579   ELF Image Totals
     14184       1250        784         32          0          0   ROM Totals

==============================================================================

    Total RO  Size (Code + RO Data)                14968 (  14.62kB)
    Total RW  Size (RW Data + ZI Data)              1880 (   1.84kB)
    Total ROM Size (Code + RO Data + RW Data)      15000 (  14.65kB)

==============================================================================

