Component: ARM Compiler 5.06 update 6 (build 750) Tool: armlink [4d35ed]

==============================================================================

Section Cross References

    main.o(i.RTCAlarm_IRQHandler) refers to sleep.o(.data) for alarm
    main.o(i.calcSignal) refers to _printf_percent.o(.ARM.Collect$$_printf_percent$$00000000) for _printf_percent
    main.o(i.calcSignal) refers to _printf_f.o(.ARM.Collect$$_printf_percent$$00000003) for _printf_f
    main.o(i.calcSignal) refers to printf1.o(x$fpl$printf1) for _printf_fp_dec
    main.o(i.calcSignal) refers to adc.o(i.readADC) for readADC
    main.o(i.calcSignal) refers to dflt_clz.o(x$fpl$dfltu) for __aeabi_ui2d
    main.o(i.calcSignal) refers to drleqf.o(x$fpl$drleqf) for __aeabi_cdrcmple
    main.o(i.calcSignal) refers to dleqf.o(x$fpl$dleqf) for __aeabi_cdcmple
    main.o(i.calcSignal) refers to dmul.o(x$fpl$dmul) for __aeabi_dmul
    main.o(i.calcSignal) refers to ddiv.o(x$fpl$ddiv) for __aeabi_ddiv
    main.o(i.calcSignal) refers to daddsub_clz.o(x$fpl$dsub) for __aeabi_dsub
    main.o(i.calcSignal) refers to lcd.o(i.ToLCD) for ToLCD
    main.o(i.calcSignal) refers to lcd.o(i.stringToLCD) for stringToLCD
    main.o(i.calcSignal) refers to noretval__2sprintf.o(.text) for __2sprintf
    main.o(i.calcSignal) refers to sleep.o(i.Configure_RTC) for Configure_RTC
    main.o(i.calcSignal) refers to sleep.o(i.Disable_RTC) for Disable_RTC
    main.o(i.calcSignal) refers to lcd.o(i.delay) for delay
    main.o(i.calcSignal) refers to sleep.o(.data) for alarm
    main.o(i.getMedian) refers to drleqf.o(x$fpl$drleqf) for __aeabi_cdrcmple
    main.o(i.getSignal) refers to main.o(i.calcSignal) for calcSignal
    main.o(i.getSignal) refers to main.o(i.getMedian) for getMedian
    main.o(i.main) refers to _printf_percent.o(.ARM.Collect$$_printf_percent$$00000000) for _printf_percent
    main.o(i.main) refers to _printf_d.o(.ARM.Collect$$_printf_percent$$00000009) for _printf_d
    main.o(i.main) refers to _printf_dec.o(.text) for _printf_int_dec
    main.o(i.main) refers to clocks.o(i.clockInit) for clockInit
    main.o(i.main) refers to clocks.o(i.portInit) for portInit
    main.o(i.main) refers to lcd.o(i.LCDInit) for LCDInit
    main.o(i.main) refers to adc.o(i.ADCInit) for ADCInit
    main.o(i.main) refers to clocks.o(i.timerInit) for timerInit
    main.o(i.main) refers to xbee.o(i.usartInit) for usartInit
    main.o(i.main) refers to xbee.o(i.XbeeSetUp) for XbeeSetUp
    main.o(i.main) refers to lcd.o(i.ToLCD) for ToLCD
    main.o(i.main) refers to lcd.o(i.stringToLCD) for stringToLCD
    main.o(i.main) refers to lcd.o(i.delay) for delay
    main.o(i.main) refers to xbee.o(i.XbeeRecieve) for XbeeRecieve
    main.o(i.main) refers to noretval__2sprintf.o(.text) for __2sprintf
    main.o(i.main) refers to xbee.o(i.xbeeSend) for xbeeSend
    main.o(i.main) refers to main.o(i.getSignal) for getSignal
    main.o(i.main) refers to dfixu.o(x$fpl$dfixu) for __aeabi_d2uiz
    main.o(i.main) refers to main.o(.data) for cur_state
    lcd.o(i.LCDInit) refers to lcd.o(i.ToLCD) for ToLCD
    lcd.o(i.ToLCD) refers to lcd.o(i.delay) for delay
    lcd.o(i.stringToLCD) refers to strlen.o(.text) for strlen
    lcd.o(i.stringToLCD) refers to lcd.o(i.ToLCD) for ToLCD
    dac.o(i.ComputeSinusPolynomialApprox) refers to fflt_clz.o(x$fpl$ffltu) for __aeabi_ui2f
    dac.o(i.ComputeSinusPolynomialApprox) refers to f2d.o(x$fpl$f2d) for __aeabi_f2d
    dac.o(i.ComputeSinusPolynomialApprox) refers to dmul.o(x$fpl$dmul) for __aeabi_dmul
    dac.o(i.ComputeSinusPolynomialApprox) refers to ddiv.o(x$fpl$ddiv) for __aeabi_ddiv
    dac.o(i.ComputeSinusPolynomialApprox) refers to d2f.o(x$fpl$d2f) for __aeabi_d2f
    dac.o(i.ComputeSinusPolynomialApprox) refers to fmul.o(x$fpl$fmul) for __aeabi_fmul
    dac.o(i.ComputeSinusPolynomialApprox) refers to fdiv.o(x$fpl$fdiv) for __aeabi_fdiv
    dac.o(i.ComputeSinusPolynomialApprox) refers to faddsub_clz.o(x$fpl$frsb) for __aeabi_frsub
    dac.o(i.ComputeSinusPolynomialApprox) refers to faddsub_clz.o(x$fpl$fadd) for __aeabi_fadd
    dac.o(i.ComputeSinusPolynomialApprox) refers to ffixu.o(x$fpl$ffixu) for __aeabi_f2uiz
    dac.o(i.ConfigureDAC) refers to dac.o(i.__NVIC_EnableIRQ) for __NVIC_EnableIRQ
    dac.o(i.ConfigureDAC) refers to dac.o(i.__NVIC_SetPriority) for __NVIC_SetPriority
    dac.o(i.ConfigureDMA) refers to dac.o(i.__NVIC_EnableIRQ) for __NVIC_EnableIRQ
    dac.o(i.ConfigureDMA) refers to dac.o(i.__NVIC_SetPriority) for __NVIC_SetPriority
    dac.o(i.ConfigureDMA) refers to dac.o(.bss) for sin_data
    dac.o(i.DMA1_Channel3_IRQHandler) refers to dac.o(.data) for error
    dac.o(i.GenerateWave) refers to dac.o(i.ComputeSinusPolynomialApprox) for ComputeSinusPolynomialApprox
    dac.o(i.GenerateWave) refers to dflt_clz.o(x$fpl$dfltu) for __aeabi_ui2d
    dac.o(i.GenerateWave) refers to dmul.o(x$fpl$dmul) for __aeabi_dmul
    dac.o(i.GenerateWave) refers to dfixu.o(x$fpl$dfixu) for __aeabi_d2uiz
[...]
    __rtentry.o(.ARM.Collect$$rtentry$$00000000) refers (Special) to __rtentry2.o(.ARM.Collect$$rtentry$$0000000D) for __rt_entry_main
    __rtentry.o(.ARM.Collect$$rtentry$$00000000) refers (Special) to __rtentry2.o(.ARM.Collect$$rtentry$$0000000C) for __rt_entry_postli_1
    __rtentry.o(.ARM.Collect$$rtentry$$00000000) refers (Special) to __rtentry2.o(.ARM.Collect$$rtentry$$00000009) for __rt_entry_postsh_1
    __rtentry.o(.ARM.Collect$$rtentry$$00000000) refers (Special) to __rtentry2.o(.ARM.Collect$$rtentry$$00000002) for __rt_entry_presh_1
    __rtentry.o(.ARM.Collect$$rtentry$$00000000) refers (Special) to __rtentry4.o(.ARM.Collect$$rtentry$$00000004) for __rt_entry_sh
    _printf_fp_dec.o(.text) refers (Special) to usenofp.o(x$fpl$usenofp) for __I$use$fp
    _printf_fp_dec.o(.text) refers (Special) to lc_numeric_c.o(locale$$code) for _get_lc_numeric
    _printf_fp_dec.o(.text) refers to bigflt0.o(.text) for _btod_etento
    _printf_fp_dec.o(.text) refers to btod.o(CL$$btod_d2e) for _btod_d2e
    _printf_fp_dec.o(.text) refers to btod.o(CL$$btod_ediv) for _btod_ediv
    _printf_fp_dec.o(.text) refers to btod.o(CL$$btod_emul) for _btod_emul
    _printf_fp_dec.o(.text) refers to lludiv10.o(.text) for _ll_udiv10
    _printf_fp_dec.o(.text) refers to fpclassify.o(i.__ARM_fpclassify) for __ARM_fpclassify
    _printf_fp_dec.o(.text) refers to _printf_fp_infnan.o(.text) for _printf_fp_infnan
    _printf_fp_dec.o(.text) refers to rt_locale_intlibspace.o(.text) for __rt_locale
    _printf_char_common.o(.text) refers to __printf_wp.o(.text) for __printf
    dcmpi.o(x$fpl$dcmpinf) refers (Special) to usenofp.o(x$fpl$usenofp) for __I$use$fp
    dnaninf.o(x$fpl$dnaninf) refers (Special) to usenofp.o(x$fpl$usenofp) for __I$use$fp
    dretinf.o(x$fpl$dretinf) refers (Special) to usenofp.o(x$fpl$usenofp) for __I$use$fp
    fnaninf.o(x$fpl$fnaninf) refers (Special) to usenofp.o(x$fpl$usenofp) for __I$use$fp
    fretinf.o(x$fpl$fretinf) refers (Special) to usenofp.o(x$fpl$usenofp) for __I$use$fp
    __rtentry2.o(.ARM.Collect$$rtentry$$00000008) refers to boardinit2.o(.text) for _platform_post_stackheap_init
    __rtentry2.o(.ARM.Collect$$rtentry$$0000000A) refers to libinit.o(.ARM.Collect$$libinit$$00000000) for __rt_lib_init
    __rtentry2.o(.ARM.Collect$$rtentry$$0000000B) refers to boardinit3.o(.text) for _platform_post_lib_init
    __rtentry2.o(.ARM.Collect$$rtentry$$0000000D) refers to main.o(i.main) for main
    __rtentry2.o(.ARM.Collect$$rtentry$$0000000D) refers to exit.o(.text) for exit
    __rtentry2.o(.ARM.exidx) refers to __rtentry2.o(.ARM.Collect$$rtentry$$00000001) for .ARM.Collect$$rtentry$$00000001
    __rtentry2.o(.ARM.exidx) refers to __rtentry2.o(.ARM.Collect$$rtentry$$00000008) for .ARM.Collect$$rtentry$$00000008
    __rtentry2.o(.ARM.exidx) refers to __rtentry2.o(.ARM.Collect$$rtentry$$0000000A) for .ARM.Collect$$rtentry$$0000000A
    __rtentry2.o(.ARM.exidx) refers to __rtentry2.o(.ARM.Collect$$rtentry$$0000000B) for .ARM.Collect$$rtentry$$0000000B
    __rtentry2.o(.ARM.exidx) refers to __rtentry2.o(.ARM.Collect$$rtentry$$0000000D) for .ARM.Collect$$rtentry$$0000000D
    __rtentry4.o(.ARM.Collect$$rtentry$$00000004) refers to sys_stackheap_outer.o(.text) for __user_setup_stackheap
    __rtentry4.o(.ARM.exidx) refers to __rtentry4.o(.ARM.Collect$$rtentry$$00000004) for .ARM.Collect$$rtentry$$00000004
    rt_locale.o(.text) refers to rt_locale.o(.bss) for __rt_locale_data
    rt_locale_intlibspace.o(.text) refers to libspace.o(.bss) for __libspace_start
    bigflt0.o(.text) refers (Special) to usenofp.o(x$fpl$usenofp) for __I$use$fp
    bigflt0.o(.text) refers to btod.o(CL$$btod_emul) for _btod_emul
    bigflt0.o(.text) refers to btod.o(CL$$btod_ediv) for _btod_ediv
    bigflt0.o(.text) refers to bigflt0.o(.constdata) for .constdata
    bigflt0.o(.constdata) refers (Special) to usenofp.o(x$fpl$usenofp) for __I$use$fp
    btod.o(CL$$btod_d2e) refers (Special) to usenofp.o(x$fpl$usenofp) for __I$use$fp
    btod.o(CL$$btod_d2e) refers to btod.o(CL$$btod_d2e_norm_op1) for _d2e_norm_op1
    btod.o(CL$$btod_d2e_norm_op1) refers (Special) to usenofp.o(x$fpl$usenofp) for __I$use$fp
    btod.o(CL$$btod_d2e_norm_op1) refers to btod.o(CL$$btod_d2e_denorm_low) for _d2e_denorm_low
    btod.o(CL$$btod_d2e_denorm_low) refers (Special) to usenofp.o(x$fpl$usenofp) for __I$use$fp
    btod.o(CL$$btod_emul) refers (Special) to usenofp.o(x$fpl$usenofp) for __I$use$fp
    btod.o(CL$$btod_emul) refers to btod.o(CL$$btod_mult_common) for __btod_mult_common
    btod.o(CL$$btod_emul) refers to btod.o(CL$$btod_e2e) for _e2e
    btod.o(CL$$btod_ediv) refers (Special) to usenofp.o(x$fpl$usenofp) for __I$use$fp
    btod.o(CL$$btod_ediv) refers to btod.o(CL$$btod_div_common) for __btod_div_common
    btod.o(CL$$btod_ediv) refers to btod.o(CL$$btod_e2e) for _e2e
    btod.o(CL$$btod_emuld) refers (Special) to usenofp.o(x$fpl$usenofp) for __I$use$fp
    btod.o(CL$$btod_emuld) refers to btod.o(CL$$btod_mult_common) for __btod_mult_common
    btod.o(CL$$btod_emuld) refers to btod.o(CL$$btod_e2d) for _e2d
    btod.o(CL$$btod_edivd) refers (Special) to usenofp.o(x$fpl$usenofp) for __I$use$fp
    btod.o(CL$$btod_edivd) refers to btod.o(CL$$btod_div_common) for __btod_div_common
    btod.o(CL$$btod_edivd) refers to btod.o(CL$$btod_e2d) for _e2d
    btod.o(CL$$btod_e2e) refers (Special) to usenofp.o(x$fpl$usenofp) for __I$use$fp
    btod.o(CL$$btod_e2d) refers (Special) to usenofp.o(x$fpl$usenofp) for __I$use$fp
    btod.o(CL$$btod_e2d) refers to btod.o(CL$$btod_e2e) for _e2e
    btod.o(CL$$btod_mult_common) refers (Special) to usenofp.o(x$fpl$usenofp) for __I$use$fp
    btod.o(CL$$btod_div_common) refers (Special) to usenofp.o(x$fpl$usenofp) for __I$use$fp
    lc_numeric_c.o(locale$$data) refers (Special) to libinit2.o(.ARM.Collect$$libinit$$00000016) for __rt_lib_init_lc_numeric_2
    lc_numeric_c.o(locale$$code) refers (Special) to libinit2.o(.ARM.Collect$$libinit$$00000016) for __rt_lib_init_lc_numeric_2
    lc_numeric_c.o(locale$$code) refers to strcmpv7m.o(.text) for strcmp
    lc_numeric_c.o(locale$$code) refers to lc_numeric_c.o(locale$$data) for __lcnum_c_name
    istatus.o(x$fpl$ieeestatus) refers (Special) to usenofp.o(x$fpl$usenofp) for __I$use$fp
    fpclassify.o(i.__ARM_fpclassify) refers (Special) to usenofp.o(x$fpl$usenofp) for __I$use$fp
    libspace.o(.text) refers to libspace.o(.bss) for __libspace_start
    sys_stackheap_outer.o(.text) refers to libspace.o(.text) for __user_perproc_libspace
    sys_stackheap_outer.o(.text) refers to startup_stm32f10x_md_vl.o(.text) for __user_initial_stackheap
    exit.o(.text) refers to rtexit.o(.ARM.Collect$$rtexit$$00000000) for __rt_exit
    libinit.o(.ARM.Collect$$libinit$$00000000) refers (Special) to libinit2.o(.ARM.Collect$$libinit$$0000002E) for __rt_lib_init_alloca_1
    libinit.o(.ARM.Collect$$libinit$$00000000) refers (Special) to libinit2.o(.ARM.Collect$$libinit$$0000002C) for __rt_lib_init_argv_1
    libinit.o(.ARM.Collect$$libinit$$00000000) refers (Special) to libinit2.o(.ARM.Collect$$libinit$$0000001B) for __rt_lib_init_atexit_1
    libinit.o(.ARM.Collect$$libinit$$00000000) refers (Special) to libinit2.o(.ARM.Collect$$libinit$$00000021) for __rt_lib_init_clock_1
    libinit.o(.ARM.Collect$$libinit$$00000000) refers (Special) to libinit2.o(.ARM.Collect$$libinit$$00000032) for __rt_lib_init_cpp_1
    libinit.o(.ARM.Collect$$libinit$$00000000) refers (Special) to libinit2.o(.ARM.Collect$$libinit$$00000030) for __rt_lib_init_exceptions_1
    libinit.o(.ARM.Collect$$libinit$$00000000) refers (Special) to libinit2.o(.ARM.Collect$$libinit$$00000002) for __rt_lib_init_fp_1
    libinit.o(.ARM.Collect$$libinit$$00000000) refers (Special) to libinit2.o(.ARM.Collect$$libinit$$0000001F) for __rt_lib_init_fp_trap_1
    libinit.o(.ARM.Collect$$libinit$$00000000) refers (Special) to libinit2.o(.ARM.Collect$$libinit$$00000023) for __rt_lib_init_getenv_1
    libinit.o(.ARM.Collect$$libinit$$00000000) refers (Special) to libinit2.o(.ARM.Collect$$libinit$$0000000A) for __rt_lib_init_heap_1
    libinit.o(.ARM.Collect$$libinit$$00000000) refers (Special) to libinit2.o(.ARM.Collect$$libinit$$00000011) for __rt_lib_init_lc_collate_1
    libinit.o(.ARM.Collect$$libinit$$00000000) refers (Special) to libinit2.o(.ARM.Collect$$libinit$$00000013) for __rt_lib_init_lc_ctype_1
    libinit.o(.ARM.Collect$$libinit$$00000000) refers (Special) to libinit2.o(.ARM.Collect$$libinit$$00000015) for __rt_lib_init_lc_monetary_1
    libinit.o(.ARM.Collect$$libinit$$00000000) refers (Special) to libinit2.o(.ARM.Collect$$libinit$$00000017) for __rt_lib_init_lc_numeric_1
    libinit.o(.ARM.Collect$$libinit$$00000000) refers (Special) to libinit2.o(.ARM.Collect$$libinit$$00000019) for __rt_lib_init_lc_time_1
    libinit.o(.ARM.Collect$$libinit$$00000000) refers (Special) to libinit2.o(.ARM.Collect$$libinit$$00000004) for __rt_lib_init_preinit_1
    libinit.o(.ARM.Collect$$libinit$$00000000) refers (Special) to libinit2.o(.ARM.Collect$$libinit$$0000000E) for __rt_lib_init_rand_1
    libinit.o(.ARM.Collect$$libinit$$00000000) refers (Special) to libinit2.o(.ARM.Collect$$libinit$$00000033) for __rt_lib_init_return
    libinit.o(.ARM.Collect$$libinit$$00000000) refers (Special) to libinit2.o(.ARM.Collect$$libinit$$0000001D) for __rt_lib_init_signal_1
    libinit.o(.ARM.Collect$$libinit$$00000000) refers (Special) to libinit2.o(.ARM.Collect$$libinit$$00000025) for __rt_lib_init_stdio_1
    libinit.o(.ARM.Collect$$libinit$$00000000) refers (Special) to libinit2.o(.ARM.Collect$$libinit$$0000000C) for __rt_lib_init_user_alloc_1
    libinit2.o(.ARM.Collect$$libinit$$0000000F) refers (Weak) to rt_locale_intlibspace.o(.text) for __rt_locale
    libinit2.o(.ARM.Collect$$libinit$$00000010) refers to libinit2.o(.ARM.Collect$$libinit$$0000000F) for .ARM.Collect$$libinit$$0000000F
    libinit2.o(.ARM.Collect$$libinit$$00000012) refers to libinit2.o(.ARM.Collect$$libinit$$0000000F) for .ARM.Collect$$libinit$$0000000F
    libinit2.o(.ARM.Collect$$libinit$$00000014) refers to libinit2.o(.ARM.Collect$$libinit$$0000000F) for .ARM.Collect$$libinit$$0000000F
    libinit2.o(.ARM.Collect$$libinit$$00000016) refers to libinit2.o(.ARM.Collect$$libinit$$0000000F) for .ARM.Collect$$libinit$$0000000F
    libinit2.o(.ARM.Collect$$libinit$$00000016) refers (Weak) to lc_numeric_c.o(locale$$code) for _get_lc_numeric
    libinit2.o(.ARM.Collect$$libinit$$00000018) refers to libinit2.o(.ARM.Collect$$libinit$$0000000F) for .ARM.Collect$$libinit$$0000000F
    libinit2.o(.ARM.Collect$$libinit$$00000026) refers to argv_veneer.o(.emb_text) for __ARM_argv_veneer
    libinit2.o(.ARM.Collect$$libinit$$00000027) refers to argv_veneer.o(.emb_text) for __ARM_argv_veneer
    rtexit.o(.ARM.Collect$$rtexit$$00000000) refers (Special) to rtexit2.o(.ARM.Collect$$rtexit$$00000004) for __rt_exit_exit
    rtexit.o(.ARM.Collect$$rtexit$$00000000) refers (Special) to rtexit2.o(.ARM.Collect$$rtexit$$00000003) for __rt_exit_ls
    rtexit.o(.ARM.Collect$$rtexit$$00000000) refers (Special) to rtexit2.o(.ARM.Collect$$rtexit$$00000002) for __rt_exit_prels_1
    rtexit.o(.ARM.exidx) refers (Special) to rtexit2.o(.ARM.Collect$$rtexit$$00000004) for __rt_exit_exit
    rtexit.o(.ARM.exidx) refers (Special) to rtexit2.o(.ARM.Collect$$rtexit$$00000003) for __rt_exit_ls
    rtexit.o(.ARM.exidx) refers (Special) to rtexit2.o(.ARM.Collect$$rtexit$$00000002) for __rt_exit_prels_1
    rtexit.o(.ARM.exidx) refers to rtexit.o(.ARM.Collect$$rtexit$$00000000) for .ARM.Collect$$rtexit$$00000000
    argv_veneer.o(.emb_text) refers to no_argv.o(.text) for __ARM_get_argv
    rtexit2.o(.ARM.Collect$$rtexit$$00000003) refers to libshutdown.o(.ARM.Collect$$libshutdown$$00000000) for __rt_lib_shutdown
    rtexit2.o(.ARM.Collect$$rtexit$$00000004) refers to sys_exit.o(.text) for _sys_exit
    rtexit2.o(.ARM.exidx) refers to rtexit2.o(.ARM.Collect$$rtexit$$00000001) for .ARM.Collect$$rtexit$$00000001
    rtexit2.o(.ARM.exidx) refers to rtexit2.o(.ARM.Collect$$rtexit$$00000003) for .ARM.Collect$$rtexit$$00000003
    rtexit2.o(.ARM.exidx) refers to rtexit2.o(.ARM.Collect$$rtexit$$00000004) for .ARM.Collect$$rtexit$$00000004
    _get_argv_nomalloc.o(.text) refers (Special) to hrguard.o(.text) for __heap_region$guard
    _get_argv_nomalloc.o(.text) refers to defsig_rtmem_outer.o(.text) for __rt_SIGRTMEM
    _get_argv_nomalloc.o(.text) refers to sys_command.o(.text) for _sys_command_string
    sys_command.o(.text) refers (Special) to use_no_semi.o(.text) for __I$use$semihosting
    sys_command.o(.text) refers (Special) to indicate_semi.o(.text) for __semihosting_library_function
    sys_exit.o(.text) refers (Special) to use_no_semi.o(.text) for __I$use$semihosting
    sys_exit.o(.text) refers (Special) to indicate_semi.o(.text) for __semihosting_library_function
    defsig_rtmem_outer.o(.text) refers to defsig_rtmem_inner.o(.text) for __rt_SIGRTMEM_inner
    defsig_rtmem_outer.o(.text) refers to defsig_exit.o(.text) for __sig_exit
    defsig_rtmem_formal.o(.text) refers to rt_raise.o(.text) for __rt_raise
    libshutdown.o(.ARM.Collect$$libshutdown$$00000000) refers (Special) to libshutdown2.o(.ARM.Collect$$libshutdown$$00000002) for __rt_lib_shutdown_cpp_1
    libshutdown.o(.ARM.Collect$$libshutdown$$00000000) refers (Special) to libshutdown2.o(.ARM.Collect$$libshutdown$$00000007) for __rt_lib_shutdown_fp_trap_1
    libshutdown.o(.ARM.Collect$$libshutdown$$00000000) refers (Special) to libshutdown2.o(.ARM.Collect$$libshutdown$$0000000F) for __rt_lib_shutdown_heap_1
    libshutdown.o(.ARM.Collect$$libshutdown$$00000000) refers (Special) to libshutdown2.o(.ARM.Collect$$libshutdown$$00000010) for __rt_lib_shutdown_return
    libshutdown.o(.ARM.Collect$$libshutdown$$00000000) refers (Special) to libshutdown2.o(.ARM.Collect$$libshutdown$$0000000A) for __rt_lib_shutdown_signal_1
    libshutdown.o(.ARM.Collect$$libshutdown$$00000000) refers (Special) to libshutdown2.o(.ARM.Collect$$libshutdown$$00000004) for __rt_lib_shutdown_stdio_1
    libshutdown.o(.ARM.Collect$$libshutdown$$00000000) refers (Special) to libshutdown2.o(.ARM.Collect$$libshutdown$$0000000C) for __rt_lib_shutdown_user_alloc_1
    rt_raise.o(.text) refers to __raise.o(.text) for __raise
    rt_raise.o(.text) refers to sys_exit.o(.text) for _sys_exit
    defsig_exit.o(.text) refers to sys_exit.o(.text) for _sys_exit
    defsig_rtmem_inner.o(.text) refers to defsig_general.o(.text) for __default_signal_display
    __raise.o(.text) refers to defsig.o(CL$$defsig) for __default_signal_handler
    defsig_general.o(.text) refers to sys_wrch.o(.text) for _ttywrch
    sys_wrch.o(.text) refers (Special) to use_no_semi.o(.text) for __I$use$semihosting
    sys_wrch.o(.text) refers (Special) to indicate_semi.o(.text) for __semihosting_library_function
    defsig.o(CL$$defsig) refers to defsig_rtmem_inner.o(.text) for __rt_SIGRTMEM_inner
    defsig_abrt_inner.o(.text) refers to defsig_general.o(.text) for __default_signal_display
    defsig_fpe_inner.o(.text) refers to defsig_general.o(.text) for __default_signal_display
    defsig_rtred_inner.o(.text) refers to defsig_general.o(.text) for __default_signal_display
    defsig_stak_inner.o(.text) refers to defsig_general.o(.text) for __default_signal_display
    defsig_pvfn_inner.o(.text) refers to defsig_general.o(.text) for __default_signal_display
    defsig_cppl_inner.o(.text) refers to defsig_general.o(.text) for __default_signal_display
    defsig_segv_inner.o(.text) refers to defsig_general.o(.text) for __default_signal_display
    defsig_other.o(.text) refers to defsig_general.o(.text) for __default_signal_display


==============================================================================

Removing Unused input sections from the image.

    Removing main.o(.rev16_text), (4 bytes).
    Removing main.o(.revsh_text), (4 bytes).
    Removing main.o(.rrx_text), (6 bytes).
    Removing main.o(i.detect_btn_press), (56 bytes).
    Removing lcd.o(.rev16_text), (4 bytes).
    Removing lcd.o(.revsh_text), (4 bytes).
    Removing lcd.o(.rrx_text), (6 bytes).
    Removing clocks.o(.rev16_text), (4 bytes).
    Removing clocks.o(.revsh_text), (4 bytes).
    Removing clocks.o(.rrx_text), (6 bytes).
    Removing adc.o(.rev16_text), (4 bytes).
    Removing adc.o(.revsh_text), (4 bytes).
    Removing adc.o(.rrx_text), (6 bytes).
    Removing dac.o(.rev16_text), (4 bytes).
    Removing dac.o(.revsh_text), (4 bytes).
    Removing dac.o(.rrx_text), (6 bytes).
    Removing dac.o(i.ComputeSinusPolynomialApprox), (204 bytes).
    Removing dac.o(i.ConfigureDAC), (64 bytes).
    Removing dac.o(i.ConfigureDMA), (84 bytes).
    Removing dac.o(i.ConfigureGPIO), (28 bytes).
    Removing dac.o(i.ConfigureGPIOasAnalog), (44 bytes).
    Removing dac.o(i.ConfigureTIM6), (60 bytes).
    Removing dac.o(i.GenerateWave), (216 bytes).
    Removing dac.o(i.__NVIC_EnableIRQ), (34 bytes).
    Removing dac.o(i.__NVIC_SetPriority), (40 bytes).
    Removing dac.o(i.dacInit), (68 bytes).
    Removing dac.o(.bss), (720 bytes).
    Removing xbee.o(.rev16_text), (4 bytes).
    Removing xbee.o(.revsh_text), (4 bytes).
    Removing xbee.o(.rrx_text), (6 bytes).
    Removing sleep.o(.rev16_text), (4 bytes).
    Removing sleep.o(.revsh_text), (4 bytes).
    Removing sleep.o(.rrx_text), (6 bytes).
    Removing sleep.o(i.sleep), (216 bytes).
    Removing system_stm32f10x.o(.rev16_text), (4 bytes).
    Removing system_stm32f10x.o(.revsh_text), (4 bytes).
    Removing system_stm32f10x.o(.rrx_text), (6 bytes).
    Removing system_stm32f10x.o(i.SystemCoreClockUpdate), (160 bytes).
    Removing system_stm32f10x.o(.data), (20 bytes).

39 unused section(s) (total 2126 bytes) removed from the image.

==============================================================================

Image Symbol Table

    Local Symbols

    Symbol Name                              Value     Ov Type        Size  Object(Section)

    ../clib/angel/boardlib.s                 0x00000000   Number         0  boardinit2.o ABSOLUTE
    ../clib/angel/boardlib.s                 0x00000000   Number         0  boardinit3.o ABSOLUTE
    ../clib/angel/boardlib.s                 0x00000000   Number         0  boardshut.o ABSOLUTE
    ../clib/angel/boardlib.s                 0x00000000   Number         0  boardinit1.o ABSOLUTE
    ../clib/angel/handlers.s                 0x00000000   Number         0  __scatter_copy.o ABSOLUTE
    ../clib/angel/handlers.s                 0x00000000   Number         0  __scatter_zi.o ABSOLUTE
    ../clib/angel/kernel.s                   0x00000000   Number         0  __rtentry.o ABSOLUTE
    ../clib/angel/kernel.s                   0x00000000   Number         0  __rtentry4.o ABSOLUTE
    ../clib/angel/kernel.s                   0x00000000   Number         0  rtexit2.o ABSOLUTE
    ../clib/angel/kernel.s                   0x00000000   Number         0  __rtentry2.o ABSOLUTE
    ../clib/angel/kernel.s                   0x00000000   Number         0  rtexit.o ABSOLUTE
    ../clib/angel/rt.s                       0x00000000   Number         0  rt_locale_intlibspace.o ABSOLUTE
    ../clib/angel/rt.s                       0x00000000   Number         0  rt_locale.o ABSOLUTE
    ../clib/angel/rt.s                       0x00000000   Number         0  rt_raise.o ABSOLUTE
    ../clib/angel/scatter.s                  0x00000000   Number         0  __scatter.o ABSOLUTE
    ../clib/angel/startup.s                  0x00000000   Number         0  __main.o ABSOLUTE
    ../clib/angel/sys.s                      0x00000000   Number         0  use_no_semi.o ABSOLUTE
    ../clib/angel/sys.s                      0x00000000   Number         0  indicate_semi.o ABSOLUTE
    ../clib/angel/sys.s                      0x00000000   Number         0  libspace.o ABSOLUTE
    ../clib/angel/sys.s                      0x00000000   Number         0  sys_stackheap_outer.o ABSOLUTE
    ../clib/angel/sysapp.c                   0x00000000   Number         0  sys_wrch.o ABSOLUTE
    ../clib/angel/sysapp.c                   0x00000000   Number         0  sys_exit.o ABSOLUTE
    ../clib/angel/sysapp.c                   0x00000000   Number         0  sys_command.o ABSOLUTE
    ../clib/armsys.c                         0x00000000   Number         0  argv_veneer.o ABSOLUTE
    ../clib/armsys.c                         0x00000000   Number         0  argv_veneer.o ABSOLUTE
    ../clib/armsys.c                         0x00000000   Number         0  _get_argv_nomalloc.o ABSOLUTE
    ../clib/armsys.c                         0x00000000   Number         0  no_argv.o ABSOLUTE
    ../clib/bigflt.c                         0x00000000   Number         0  bigflt0.o ABSOLUTE
    ../clib/btod.s                           0x00000000   Number         0  btod.o ABSOLUTE
    ../clib/heapalloc.c                      0x00000000   Number         0  hrguard.o ABSOLUTE
    ../clib/heapaux.c                        0x00000000   Number         0  heapauxi.o ABSOLUTE
    ../clib/libinit.s                        0x00000000   Number         0  libshutdown2.o ABSOLUTE
    ../clib/libinit.s                        0x00000000   Number         0  libshutdown.o ABSOLUTE
    ../clib/libinit.s                        0x00000000   Number         0  libinit.o ABSOLUTE
    ../clib/libinit.s                        0x00000000   Number         0  libinit2.o ABSOLUTE
    ../clib/locale.s                         0x00000000   Number         0  lc_numeric_c.o ABSOLUTE
    ../clib/longlong.s                       0x00000000   Number         0  lludiv10.o ABSOLUTE
    ../clib/memcpset.s                       0x00000000   Number         0  strcmpv7m.o ABSOLUTE
    ../clib/misc.s                           0x00000000   Number         0  printf_stubs.o ABSOLUTE
    ../clib/printf.c                         0x00000000   Number         0  __printf_ss_wp.o ABSOLUTE
    ../clib/printf.c                         0x00000000   Number         0  _printf_intcommon.o ABSOLUTE
    ../clib/printf.c                         0x00000000   Number         0  _printf_fp_dec.o ABSOLUTE
    ../clib/printf.c                         0x00000000   Number         0  _printf_char_common.o ABSOLUTE
    ../clib/printf.c                         0x00000000   Number         0  __printf_flags_ss_wp.o ABSOLUTE
    ../clib/printf.c                         0x00000000   Number         0  __printf_wp.o ABSOLUTE
    ../clib/printf.c                         0x00000000   Number         0  __printf_nopercent.o ABSOLUTE
    ../clib/printf.c                         0x00000000   Number         0  _sputc.o ABSOLUTE
    ../clib/printf.c                         0x00000000   Number         0  _printf_fp_infnan.o ABSOLUTE
    ../clib/printf.c                         0x00000000   Number         0  noretval__2sprintf.o ABSOLUTE
    ../clib/printf.c                         0x00000000   Number         0  __2sprintf.o ABSOLUTE
    ../clib/printf.c                         0x00000000   Number         0  __printf.o ABSOLUTE
    ../clib/printf.c                         0x00000000   Number         0  _printf_dec.o ABSOLUTE
    ../clib/printf.c                         0x00000000   Number         0  __printf_flags.o ABSOLUTE
    ../clib/printf.c                         0x00000000   Number         0  __printf_ss.o ABSOLUTE
    ../clib/printf.c                         0x00000000   Number         0  __printf_flags_ss.o ABSOLUTE
    ../clib/printf.c                         0x00000000   Number         0  __printf_flags_wp.o ABSOLUTE
    ../clib/printf_percent.s                 0x00000000   Number         0  _printf_d.o ABSOLUTE
    ../clib/printf_percent.s                 0x00000000   Number         0  _printf_f.o ABSOLUTE
    ../clib/printf_percent.s                 0x00000000   Number         0  _printf_percent.o ABSOLUTE
    ../clib/printf_percent.s                 0x00000000   Number         0  _printf_percent_end.o ABSOLUTE
    ../clib/signal.c                         0x00000000   Number         0  defsig_rtmem_inner.o ABSOLUTE
    ../clib/signal.c                         0x00000000   Number         0  __raise.o ABSOLUTE
    ../clib/signal.c                         0x00000000   Number         0  defsig_stak_inner.o ABSOLUTE
    ../clib/signal.c                         0x00000000   Number         0  defsig_rtmem_outer.o ABSOLUTE
    ../clib/signal.c                         0x00000000   Number         0  defsig_rtmem_formal.o ABSOLUTE
    ../clib/signal.c                         0x00000000   Number         0  defsig_segv_inner.o ABSOLUTE
    ../clib/signal.c                         0x00000000   Number         0  defsig_cppl_inner.o ABSOLUTE
    ../clib/signal.c                         0x00000000   Number         0  defsig_other.o ABSOLUTE
    ../clib/signal.c                         0x00000000   Number         0  defsig_pvfn_inner.o ABSOLUTE
    ../clib/signal.c                         0x00000000   Number         0  defsig_rtred_inner.o ABSOLUTE
    ../clib/signal.c                         0x00000000   Number         0  defsig_exit.o ABSOLUTE
    ../clib/signal.c                         0x00000000   Number         0  defsig_fpe_inner.o ABSOLUTE
    ../clib/signal.c                         0x00000000   Number         0  defsig_abrt_inner.o ABSOLUTE
    ../clib/signal.c                         0x00000000   Number         0  defsig_general.o ABSOLUTE
    ../clib/signal.s                         0x00000000   Number         0  defsig.o ABSOLUTE
    ../clib/stdlib.c                         0x00000000   Number         0  exit.o ABSOLUTE
    ../clib/string.c                         0x00000000   Number         0  strlen.o ABSOLUTE
    ../fplib/d2f.s                           0x00000000   Number         0  d2f.o ABSOLUTE
    ../fplib/daddsub.s                       0x00000000   Number         0  daddsub_clz.o ABSOLUTE
    ../fplib/dcmpi.s                         0x00000000   Number         0  dcmpi.o ABSOLUTE
    ../fplib/ddiv.s                          0x00000000   Number         0  ddiv.o ABSOLUTE
    ../fplib/dfixu.s                         0x00000000   Number         0  dfixu.o ABSOLUTE
    ../fplib/dflt.s                          0x00000000   Number         0  dflt_clz.o ABSOLUTE
    ../fplib/dleqf.s                         0x00000000   Number         0  dleqf.o ABSOLUTE
    ../fplib/dmul.s                          0x00000000   Number         0  dmul.o ABSOLUTE
    ../fplib/dnaninf.s                       0x00000000   Number         0  dnaninf.o ABSOLUTE
    ../fplib/dretinf.s                       0x00000000   Number         0  dretinf.o ABSOLUTE
    ../fplib/drleqf.s                        0x00000000   Number         0  drleqf.o ABSOLUTE
    ../fplib/f2d.s                           0x00000000   Number         0  f2d.o ABSOLUTE
    ../fplib/faddsub.s                       0x00000000   Number         0  faddsub_clz.o ABSOLUTE
    ../fplib/fdiv.s                          0x00000000   Number         0  fdiv.o ABSOLUTE
    ../fplib/ffixu.s                         0x00000000   Number         0  ffixu.o ABSOLUTE
    ../fplib/fflt.s                          0x00000000   Number         0  fflt_clz.o ABSOLUTE
    ../fplib/fmul.s                          0x00000000   Number         0  fmul.o ABSOLUTE
    ../fplib/fnaninf.s                       0x00000000   Number         0  fnaninf.o ABSOLUTE
    ../fplib/fpinit.s                        0x00000000   Number         0  fpinit.o ABSOLUTE
    ../fplib/fretinf.s                       0x00000000   Number         0  fretinf.o ABSOLUTE
    ../fplib/istatus.s                       0x00000000   Number         0  istatus.o ABSOLUTE
    ../fplib/printf1.s                       0x00000000   Number         0  printf1.o ABSOLUTE
    ../fplib/usenofp.s                       0x00000000   Number         0  usenofp.o ABSOLUTE
    ../mathlib/fpclassify.c                  0x00000000   Number         0  fpclassify.o ABSOLUTE
    RTE\Device\STM32F100RB\startup_stm32f10x_md_vl.s 0x00000000   Number         0  startup_stm32f10x_md_vl.o ABSOLUTE
    RTE\Device\STM32F100RB\system_stm32f10x.c 0x00000000   Number         0  system_stm32f10x.o ABSOLUTE
    RTE\\Device\\STM32F100RB\\system_stm32f10x.c 0x00000000   Number         0  system_stm32f10x.o ABSOLUTE
    adc.c                                    0x00000000   Number         0  adc.o ABSOLUTE
    adc.c                                    0x00000000   Number         0  adc.o ABSOLUTE
    clocks.c                                 0x00000000   Number         0  clocks.o ABSOLUTE
    clocks.c                                 0x00000000   Number         0  clocks.o ABSOLUTE
    dac.c                                    0x00000000   Number         0  dac.o ABSOLUTE
    dac.c                                    0x00000000   Number         0  dac.o ABSOLUTE
    dc.s                                     0x00000000   Number         0  dc.o ABSOLUTE
    lcd.c                                    0x00000000   Number         0  lcd.o ABSOLUTE
    lcd.c                                    0x00000000   Number         0  lcd.o ABSOLUTE
    main.c                                   0x00000000   Number         0  main.o ABSOLUTE
    main.c                                   0x00000000   Number         0  main.o ABSOLUTE
    sleep.c                                  0x00000000   Number         0  sleep.o ABSOLUTE
    sleep.c                                  0x00000000   Number         0  sleep.o ABSOLUTE
    xbee.c                                   0x00000000   Number         0  xbee.o ABSOLUTE
    xbee.c                                   0x00000000   Number         0  xbee.o ABSOLUTE
    RESET                                    0x08000000   Section      288  startup_stm32f10x_md_vl.o(RESET)
    !!!main                                  0x08000120   Section        8  __main.o(!!!main)
    !!!scatter                               0x08000128   Section       52  __scatter.o(!!!scatter)
    !!handler_copy                           0x0800015c   Section       26  __scatter_copy.o(!!handler_copy)
    !!handler_zi                             0x08000178   Section       28  __scatter_zi.o(!!handler_zi)
    .ARM.Collect$$_printf_percent$$00000000  0x08000194   Section        0  _printf_percent.o(.ARM.Collect$$_printf_percent$$00000000)
    .ARM.Collect$$_printf_percent$$00000003  0x08000194   Section        6  _printf_f.o(.ARM.Collect$$_printf_percent$$00000003)
    .ARM.Collect$$_printf_percent$$00000009  0x0800019a   Section        6  _printf_d.o(.ARM.Collect$$_printf_percent$$00000009)
    .ARM.Collect$$_printf_percent$$00000017  0x080001a0   Section        4  _printf_percent_end.o(.ARM.Collect$$_printf_percent$$00000017)
    .ARM.Collect$$libinit$$00000000          0x080001a4   Section        2  libinit.o(.ARM.Collect$$libinit$$00000000)
    .ARM.Collect$$libinit$$00000002          0x080001a6   Section        0  libinit2.o(.ARM.Collect$$libinit$$00000002)
    .ARM.Collect$$libinit$$00000004          0x080001a6   Section        0  libinit2.o(.ARM.Collect$$libinit$$00000004)
    .ARM.Collect$$libinit$$0000000A          0x080001a6   Section        0  libinit2.o(.ARM.Collect$$libinit$$0000000A)
    .ARM.Collect$$libinit$$0000000C          0x080001a6   Section        0  libinit2.o(.ARM.Collect$$libinit$$0000000C)
    .ARM.Collect$$libinit$$0000000E          0x080001a6   Section        0  libinit2.o(.ARM.Collect$$libinit$$0000000E)
    .ARM.Collect$$libinit$$0000000F          0x080001a6   Section        6  libinit2.o(.ARM.Collect$$libinit$$0000000F)
    .ARM.Collect$$libinit$$00000011          0x080001ac   Section        0  libinit2.o(.ARM.Collect$$libinit$$00000011)
    .ARM.Collect$$libinit$$00000013          0x080001ac   Section        0  libinit2.o(.ARM.Collect$$libinit$$00000013)
    .ARM.Collect$$libinit$$00000015          0x080001ac   Section        0  libinit2.o(.ARM.Collect$$libinit$$00000015)
    .ARM.Collect$$libinit$$00000016          0x080001ac   Section       10  libinit2.o(.ARM.Collect$$libinit$$00000016)
    .ARM.Collect$$libinit$$00000017          0x080001b6   Section        0  libinit2.o(.ARM.Collect$$libinit$$00000017)
    .ARM.Collect$$libinit$$00000019          0x080001b6   Section        0  libinit2.o(.ARM.Collect$$libinit$$00000019)
    .ARM.Collect$$libinit$$0000001B          0x080001b6   Section        0  libinit2.o(.ARM.Collect$$libinit$$0000001B)
    .ARM.Collect$$libinit$$0000001D          0x080001b6   Section        0  libinit2.o(.ARM.Collect$$libinit$$0000001D)
    .ARM.Collect$$libinit$$0000001F          0x080001b6   Section        0  libinit2.o(.ARM.Collect$$libinit$$0000001F)
    .ARM.Collect$$libinit$$00000021          0x080001b6   Section        0  libinit2.o(.ARM.Collect$$libinit$$00000021)
    .ARM.Collect$$libinit$$00000023          0x080001b6   Section        0  libinit2.o(.ARM.Collect$$libinit$$00000023)
    .ARM.Collect$$libinit$$00000025          0x080001b6   Section        0  libinit2.o(.ARM.Collect$$libinit$$00000025)
    .ARM.Collect$$libinit$$0000002C          0x080001b6   Section        0  libinit2.o(.ARM.Collect$$libinit$$0000002C)
    .ARM.Collect$$libinit$$0000002E          0x080001b6   Section        0  libinit2.o(.ARM.Collect$$libinit$$0000002E)
    .ARM.Collect$$libinit$$00000030          0x080001b6   Section        0  libinit2.o(.ARM.Collect$$libinit$$00000030)
    .ARM.Collect$$libinit$$00000032          0x080001b6   Section        0  libinit2.o(.ARM.Collect$$libinit$$00000032)
    .ARM.Collect$$libinit$$00000033          0x080001b6   Section        2  libinit2.o(.ARM.Collect$$libinit$$00000033)
    .ARM.Collect$$libshutdown$$00000000      0x080001b8   Section        2  libshutdown.o(.ARM.Collect$$libshutdown$$00000000)
    .ARM.Collect$$libshutdown$$00000002      0x080001ba   Section        0  libshutdown2.o(.ARM.Collect$$libshutdown$$00000002)
    .ARM.Collect$$libshutdown$$00000004      0x080001ba   Section        0  libshutdown2.o(.ARM.Collect$$libshutdown$$00000004)
    .ARM.Collect$$libshutdown$$00000007      0x080001ba   Section        0  libshutdown2.o(.ARM.Collect$$libshutdown$$00000007)
    .ARM.Collect$$libshutdown$$0000000A      0x080001ba   Section        0  libshutdown2.o(.ARM.Collect$$libshutdown$$0000000A)
    .ARM.Collect$$libshutdown$$0000000C      0x080001ba   Section        0  libshutdown2.o(.ARM.Collect$$libshutdown$$0000000C)
    .ARM.Collect$$libshutdown$$0000000F      0x080001ba   Section        0  libshutdown2.o(.ARM.Collect$$libshutdown$$0000000F)
    .ARM.Collect$$libshutdown$$00000010      0x080001ba   Section        2  libshutdown2.o(.ARM.Collect$$libshutdown$$00000010)
    .ARM.Collect$$rtentry$$00000000          0x080001bc   Section        0  __rtentry.o(.ARM.Collect$$rtentry$$00000000)
    .ARM.Collect$$rtentry$$00000002          0x080001bc   Section        0  __rtentry2.o(.ARM.Collect$$rtentry$$00000002)
    .ARM.Collect$$rtentry$$00000004          0x080001bc   Section        6  __rtentry4.o(.ARM.Collect$$rtentry$$00000004)
    .ARM.Collect$$rtentry$$00000009          0x080001c2   Section        0  __rtentry2.o(.ARM.Collect$$rtentry$$00000009)
    .ARM.Collect$$rtentry$$0000000A          0x080001c2   Section        4  __rtentry2.o(.ARM.Collect$$rtentry$$0000000A)
    .ARM.Collect$$rtentry$$0000000C          0x080001c6   Section        0  __rtentry2.o(.ARM.Collect$$rtentry$$0000000C)
    .ARM.Collect$$rtentry$$0000000D          0x080001c6   Section        8  __rtentry2.o(.ARM.Collect$$rtentry$$0000000D)
    .ARM.Collect$$rtexit$$00000000           0x080001ce   Section        2  rtexit.o(.ARM.Collect$$rtexit$$00000000)
    .ARM.Collect$$rtexit$$00000002           0x080001d0   Section        0  rtexit2.o(.ARM.Collect$$rtexit$$00000002)
    .ARM.Collect$$rtexit$$00000003           0x080001d0   Section        4  rtexit2.o(.ARM.Collect$$rtexit$$00000003)
    .ARM.Collect$$rtexit$$00000004           0x080001d4   Section        6  rtexit2.o(.ARM.Collect$$rtexit$$00000004)
    .text                                    0x080001dc   Section       64  startup_stm32f10x_md_vl.o(.text)
    .text                                    0x0800021c   Section        0  noretval__2sprintf.o(.text)
    .text                                    0x08000244   Section        0  _printf_dec.o(.text)
    .text                                    0x080002bc   Section        0  __printf_wp.o(.text)
    .text                                    0x080003ca   Section        0  strlen.o(.text)
    .text                                    0x08000408   Section        0  heapauxi.o(.text)
    .text                                    0x0800040e   Section        0  _printf_intcommon.o(.text)
    .text                                    0x080004c0   Section        0  _printf_fp_dec.o(.text)
    _fp_digits                               0x080004c3   Thumb Code   432  _printf_fp_dec.o(.text)
    .text                                    0x080008e0   Section        0  _printf_char_common.o(.text)
    _printf_input_char                       0x080008e1   Thumb Code    10  _printf_char_common.o(.text)
    .text                                    0x08000910   Section        0  _sputc.o(.text)
    .text                                    0x0800091c   Section        8  rt_locale_intlibspace.o(.text)
    .text                                    0x08000924   Section      138  lludiv10.o(.text)
    .text                                    0x080009b0   Section        0  _printf_fp_infnan.o(.text)
    .text                                    0x08000a30   Section        0  bigflt0.o(.text)
    .text                                    0x08000b14   Section        8  libspace.o(.text)
    .text                                    0x08000b1c   Section       74  sys_stackheap_outer.o(.text)
    .text                                    0x08000b66   Section        0  exit.o(.text)
    .text                                    0x08000b78   Section      128  strcmpv7m.o(.text)
    .text                                    0x08000bf8   Section        0  sys_exit.o(.text)
    .text                                    0x08000c04   Section        2  use_no_semi.o(.text)
    .text                                    0x08000c06   Section        0  indicate_semi.o(.text)
    CL$$btod_d2e                             0x08000c06   Section       62  btod.o(CL$$btod_d2e)
    CL$$btod_d2e_denorm_low                  0x08000c44   Section       70  btod.o(CL$$btod_d2e_denorm_low)
    CL$$btod_d2e_norm_op1                    0x08000c8a   Section       96  btod.o(CL$$btod_d2e_norm_op1)
    CL$$btod_div_common                      0x08000cea   Section      824  btod.o(CL$$btod_div_common)
    CL$$btod_e2e                             0x08001022   Section      220  btod.o(CL$$btod_e2e)
    CL$$btod_ediv                            0x080010fe   Section       42  btod.o(CL$$btod_ediv)
    CL$$btod_emul                            0x08001128   Section       42  btod.o(CL$$btod_emul)
    CL$$btod_mult_common                     0x08001152   Section      580  btod.o(CL$$btod_mult_common)
    i.ADCInit                                0x08001398   Section        0  adc.o(i.ADCInit)
    i.Configure_RTC                          0x080013c8   Section        0  sleep.o(i.Configure_RTC)
    i.DMA1_Channel3_IRQHandler               0x08001550   Section        0  dac.o(i.DMA1_Channel3_IRQHandler)
    i.Disable_RTC                            0x0800158c   Section        0  sleep.o(i.Disable_RTC)
    i.LCDInit                                0x08001620   Section        0  lcd.o(i.LCDInit)
    i.RTCAlarm_IRQHandler                    0x080016b8   Section        0  main.o(i.RTCAlarm_IRQHandler)
    i.SetSysClock                            0x08001740   Section        0  system_stm32f10x.o(i.SetSysClock)
    SetSysClock                              0x08001741   Thumb Code     8  system_stm32f10x.o(i.SetSysClock)
    i.SetSysClockTo24                        0x08001748   Section        0  system_stm32f10x.o(i.SetSysClockTo24)
    SetSysClockTo24                          0x08001749   Thumb Code   178  system_stm32f10x.o(i.SetSysClockTo24)
    i.SysTick_Handler                        0x08001800   Section        0  dac.o(i.SysTick_Handler)
    i.SystemInit                             0x080018a4   Section        0  system_stm32f10x.o(i.SystemInit)
    i.TIM6_DAC_IRQHandler                    0x08001908   Section        0  dac.o(i.TIM6_DAC_IRQHandler)
    i.ToLCD                                  0x08001944   Section        0  lcd.o(i.ToLCD)
    i.USART3_IRQHandler                      0x080019cc   Section        0  xbee.o(i.USART3_IRQHandler)
    i.XbeeRecieve                            0x08001a58   Section        0  xbee.o(i.XbeeRecieve)
    i.XbeeSetUp                              0x08001b80   Section        0  xbee.o(i.XbeeSetUp)
    i.__ARM_fpclassify                       0x08001bcc   Section        0  fpclassify.o(i.__ARM_fpclassify)
    i._is_digit                              0x08001bf4   Section        0  __printf_wp.o(i._is_digit)
    i.calcSignal                             0x08001c04   Section        0  main.o(i.calcSignal)
    i.clockInit                              0x08001eac   Section        0  clocks.o(i.clockInit)
    i.delay                                  0x08001ed4   Section        0  lcd.o(i.delay)
    i.getMedian                              0x08001ee2   Section        0  main.o(i.getMedian)
    i.getSignal                              0x08001f5c   Section        0  main.o(i.getSignal)
    i.main                                   0x08001fb0   Section        0  main.o(i.main)
    i.portInit                               0x080023f0   Section        0  clocks.o(i.portInit)
    i.readADC                                0x0800244c   Section        0  adc.o(i.readADC)
    i.recieve_usart                          0x08002478   Section        0  xbee.o(i.recieve_usart)
    i.send_usart                             0x08002494   Section        0  xbee.o(i.send_usart)
    i.stringToLCD                            0x080024b0   Section        0  lcd.o(i.stringToLCD)
    i.timerInit                              0x080024d4   Section        0  clocks.o(i.timerInit)
    i.usartInit                              0x08002504   Section        0  xbee.o(i.usartInit)
    i.xbeeSend                               0x080025a0   Section        0  xbee.o(i.xbeeSend)
    locale$$code                             0x08002660   Section       44  lc_numeric_c.o(locale$$code)
    x$fpl$dadd                               0x0800268c   Section      336  daddsub_clz.o(x$fpl$dadd)
    _dadd1                                   0x0800269d   Thumb Code     0  daddsub_clz.o(x$fpl$dadd)
    x$fpl$dcmpinf                            0x080027dc   Section       24  dcmpi.o(x$fpl$dcmpinf)
    x$fpl$ddiv                               0x080027f4   Section      688  ddiv.o(x$fpl$ddiv)
    ddiv_entry                               0x080027fb   Thumb Code     0  ddiv.o(x$fpl$ddiv)
    x$fpl$dfixu                              0x08002aa4   Section       90  dfixu.o(x$fpl$dfixu)
    x$fpl$dfltu                              0x08002afe   Section       38  dflt_clz.o(x$fpl$dfltu)
    x$fpl$dleqf                              0x08002b24   Section      120  dleqf.o(x$fpl$dleqf)
    x$fpl$dmul                               0x08002b9c   Section      340  dmul.o(x$fpl$dmul)
    x$fpl$dnaninf                            0x08002cf0   Section      156  dnaninf.o(x$fpl$dnaninf)
    x$fpl$dretinf                            0x08002d8c   Section       12  dretinf.o(x$fpl$dretinf)
    x$fpl$drleqf                             0x08002d98   Section      108  drleqf.o(x$fpl$drleqf)
    x$fpl$dsub                               0x08002e04   Section      468  daddsub_clz.o(x$fpl$dsub)
    _dsub1                                   0x08002e15   Thumb Code     0  daddsub_clz.o(x$fpl$dsub)
    x$fpl$printf1                            0x08002fd8   Section        4  printf1.o(x$fpl$printf1)
    .constdata                               0x08002fdc   Section      148  bigflt0.o(.constdata)
    x$fpl$usenofp                            0x08002fdc   Section        0  usenofp.o(x$fpl$usenofp)
    tenpwrs_x                                0x08002fdc   Data          60  bigflt0.o(.constdata)
    tenpwrs_i                                0x08003018   Data          64  bigflt0.o(.constdata)
    locale$$data                             0x08003090   Section       28  lc_numeric_c.o(locale$$data)
    __lcnum_c_name                           0x08003094   Data           2  lc_numeric_c.o(locale$$data)
    __lcnum_c_start                          0x0800309c   Data           0  lc_numeric_c.o(locale$$data)
    __lcnum_c_point                          0x080030a8   Data           0  lc_numeric_c.o(locale$$data)
    __lcnum_c_thousands                      0x080030aa   Data           0  lc_numeric_c.o(locale$$data)
    __lcnum_c_grouping                       0x080030ab   Data           0  lc_numeric_c.o(locale$$data)
    __lcnum_c_end                            0x080030ac   Data           0  lc_numeric_c.o(locale$$data)
    .data                                    0x20000000   Section        3  main.o(.data)
    cur_state                                0x20000001   Data           1  main.o(.data)
    .data                                    0x20000004   Section       14  dac.o(.data)
    i                                        0x20000006   Data           2  dac.o(.data)
    long_counter                             0x20000008   Data           4  dac.o(.data)
    short_counter                            0x2000000c   Data           4  dac.o(.data)
    error_temp                               0x20000010   Data           2  dac.o(.data)
    .data                                    0x20000014   Section       24  xbee.o(.data)
    k                                        0x20000018   Data           4  xbee.o(.data)
    .data                                    0x2000002c   Section        1  sleep.o(.data)
    .bss                                     0x20000030   Section       30  xbee.o(.bss)
    .bss                                     0x20000050   Section       96  libspace.o(.bss)
    HEAP                                     0x200000b0   Section      512  startup_stm32f10x_md_vl.o(HEAP)
    Heap_Mem                                 0x200000b0   Data         512  startup_stm32f10x_md_vl.o(HEAP)
    STACK                                    0x200002b0   Section     1024  startup_stm32f10x_md_vl.o(STACK)
    Stack_Mem                                0x200002b0   Data        1024  startup_stm32f10x_md_vl.o(STACK)
    __initial_sp                             0x200006b0   Data           0  startup_stm32f10x_md_vl.o(STACK)

    Global Symbols

    Symbol Name                              Value     Ov Type        Size  Object(Section)

    BuildAttributes$$THM_ISAv4$P$D$K$B$S$PE$A:L22UL41UL21$X:L11$S22US41US21$IEEE1$IW$USESV6$~STKCKD$USESV7$~SHL$OTIME$ROPI$IEEEJ$EBA8$UX$STANDARDLIB$REQ8$PRES8$EABIv2 0x00000000   Number         0  anon$$obj.o ABSOLUTE
    __ARM_use_no_argv                        0x00000000   Number         0  main.o ABSOLUTE
    _printf_flags                            0x00000000   Number         0  printf_stubs.o ABSOLUTE
    _printf_return_value                     0x00000000   Number         0  printf_stubs.o ABSOLUTE
    _printf_sizespec                         0x00000000   Number         0  printf_stubs.o ABSOLUTE
    _printf_widthprec                        0x00000000   Number         0  printf_stubs.o ABSOLUTE
    __ARM_exceptions_init                     - Undefined Weak Reference
    __alloca_initialize                       - Undefined Weak Reference
    __arm_preinit_                            - Undefined Weak Reference
    __cpp_initialize__aeabi_                  - Undefined Weak Reference
    __cxa_finalize                            - Undefined Weak Reference
    __sigvec_lookup                           - Undefined Weak Reference
    _atexit_init                              - Undefined Weak Reference
    _call_atexit_fns                          - Undefined Weak Reference
    _clock_init                               - Undefined Weak Reference
    _fp_trap_init                             - Undefined Weak Reference
    _fp_trap_shutdown                         - Undefined Weak Reference
    _get_lc_collate                           - Undefined Weak Reference
    _get_lc_ctype                             - Undefined Weak Reference
    _get_lc_monetary                          - Undefined Weak Reference
    _get_lc_time                              - Undefined Weak Reference
    _getenv_init                              - Undefined Weak Reference
    _handle_redirection                       - Undefined Weak Reference
    _init_alloc                               - Undefined Weak Reference
    _init_user_alloc                          - Undefined Weak Reference
    _initio                                   - Undefined Weak Reference
    _printf_post_padding                      - Undefined Weak Reference
    _printf_pre_padding                       - Undefined Weak Reference
    _printf_truncate_signed                   - Undefined Weak Reference
    _printf_truncate_unsigned                 - Undefined Weak Reference
    _rand_init                                - Undefined Weak Reference
    _signal_finish                            - Undefined Weak Reference
    _signal_init                              - Undefined Weak Reference
    _terminate_alloc                          - Undefined Weak Reference
    _terminate_user_alloc                     - Undefined Weak Reference
    _terminateio                              - Undefined Weak Reference
    __Vectors_Size                           0x00000120   Number         0  startup_stm32f10x_md_vl.o ABSOLUTE
    __Vectors                                0x08000000   Data           4  startup_stm32f10x_md_vl.o(RESET)
    __Vectors_End                            0x08000120   Data           0  startup_stm32f10x_md_vl.o(RESET)
    __main                                   0x08000121   Thumb Code     8  __main.o(!!!main)
    __scatterload                            0x08000129   Thumb Code     0  __scatter.o(!!!scatter)
    __scatterload_rt2                        0x08000129   Thumb Code    44  __scatter.o(!!!scatter)
    __scatterload_rt2_thumb_only             0x08000129   Thumb Code     0  __scatter.o(!!!scatter)
    __scatterload_null                       0x08000137   Thumb Code     0  __scatter.o(!!!scatter)
    __scatterload_copy                       0x0800015d   Thumb Code    26  __scatter_copy.o(!!handler_copy)
    __scatterload_zeroinit                   0x08000179   Thumb Code    28  __scatter_zi.o(!!handler_zi)
    _printf_f                                0x08000195   Thumb Code     0  _printf_f.o(.ARM.Collect$$_printf_percent$$00000003)
    _printf_percent                          0x08000195   Thumb Code     0  _printf_percent.o(.ARM.Collect$$_printf_percent$$00000000)
    _printf_d                                0x0800019b   Thumb Code     0  _printf_d.o(.ARM.Collect$$_printf_percent$$00000009)
    _printf_percent_end                      0x080001a1   Thumb Code     0  _printf_percent_end.o(.ARM.Collect$$_printf_percent$$00000017)
    __rt_lib_init                            0x080001a5   Thumb Code     0  libinit.o(.ARM.Collect$$libinit$$00000000)
    __rt_lib_init_fp_1                       0x080001a7   Thumb Code     0  libinit2.o(.ARM.Collect$$libinit$$00000002)
    __rt_lib_init_heap_1                     0x080001a7   Thumb Code     0  libinit2.o(.ARM.Collect$$libinit$$0000000A)
    __rt_lib_init_lc_common                  0x080001a7   Thumb Code     0  libinit2.o(.ARM.Collect$$libinit$$0000000F)
    __rt_lib_init_preinit_1                  0x080001a7   Thumb Code     0  libinit2.o(.ARM.Collect$$libinit$$00000004)
    __rt_lib_init_rand_1                     0x080001a7   Thumb Code     0  libinit2.o(.ARM.Collect$$libinit$$0000000E)
    __rt_lib_init_user_alloc_1               0x080001a7   Thumb Code     0  libinit2.o(.ARM.Collect$$libinit$$0000000C)
    __rt_lib_init_lc_collate_1               0x080001ad   Thumb Code     0  libinit2.o(.ARM.Collect$$libinit$$00000011)
    __rt_lib_init_lc_ctype_1                 0x080001ad   Thumb Code     0  libinit2.o(.ARM.Collect$$libinit$$00000013)
    __rt_lib_init_lc_monetary_1              0x080001ad   Thumb Code     0  libinit2.o(.ARM.Collect$$libinit$$00000015)
    __rt_lib_init_lc_numeric_2               0x080001ad   Thumb Code     0  libinit2.o(.ARM.Collect$$libinit$$00000016)
    __rt_lib_init_alloca_1                   0x080001b7   Thumb Code     0  libinit2.o(.ARM.Collect$$libinit$$0000002E)
    __rt_lib_init_argv_1                     0x080001b7   Thumb Code     0  libinit2.o(.ARM.Collect$$libinit$$0000002C)
    __rt_lib_init_atexit_1                   0x080001b7   Thumb Code     0  libinit2.o(.ARM.Collect$$libinit$$0000001B)
    __rt_lib_init_clock_1                    0x080001b7   Thumb Code     0  libinit2.o(.ARM.Collect$$libinit$$00000021)
    __rt_lib_init_cpp_1                      0x080001b7   Thumb Code     0  libinit2.o(.ARM.Collect$$libinit$$00000032)
    __rt_lib_init_exceptions_1               0x080001b7   Thumb Code     0  libinit2.o(.ARM.Collect$$libinit$$00000030)
    __rt_lib_init_fp_trap_1                  0x080001b7   Thumb Code     0  libinit2.o(.ARM.Collect$$libinit$$0000001F)
    __rt_lib_init_getenv_1                   0x080001b7   Thumb Code     0  libinit2.o(.ARM.Collect$$libinit$$00000023)
    __rt_lib_init_lc_numeric_1               0x080001b7   Thumb Code     0  libinit2.o(.ARM.Collect$$libinit$$00000017)
    __rt_lib_init_lc_time_1                  0x080001b7   Thumb Code     0  libinit2.o(.ARM.Collect$$libinit$$00000019)
    __rt_lib_init_return                     0x080001b7   Thumb Code     0  libinit2.o(.ARM.Collect$$libinit$$00000033)
    __rt_lib_init_signal_1                   0x080001b7   Thumb Code     0  libinit2.o(.ARM.Collect$$libinit$$0000001D)
    __rt_lib_init_stdio_1                    0x080001b7   Thumb Code     0  libinit2.o(.ARM.Collect$$libinit$$00000025)
    __rt_lib_shutdown                        0x080001b9   Thumb Code     0  libshutdown.o(.ARM.Collect$$libshutdown$$00000000)
    __rt_lib_shutdown_cpp_1                  0x080001bb   Thumb Code     0  libshutdown2.o(.ARM.Collect$$libshutdown$$00000002)
    __rt_lib_shutdown_fp_trap_1              0x080001bb   Thumb Code     0  libshutdown2.o(.ARM.Collect$$libshutdown$$00000007)
    __rt_lib_shutdown_heap_1                 0x080001bb   Thumb Code     0  libshutdown2.o(.ARM.Collect$$libshutdown$$0000000F)
    __rt_lib_shutdown_return                 0x080001bb   Thumb Code     0  libshutdown2.o(.ARM.Collect$$libshutdown$$00000010)
    __rt_lib_shutdown_signal_1               0x080001bb   Thumb Code     0  libshutdown2.o(.ARM.Collect$$libshutdown$$0000000A)
    __rt_lib_shutdown_stdio_1                0x080001bb   Thumb Code     0  libshutdown2.o(.ARM.Collect$$libshutdown$$00000004)
    __rt_lib_shutdown_user_alloc_1           0x080001bb   Thumb Code     0  libshutdown2.o(.ARM.Collect$$libshutdown$$0000000C)
    __rt_entry                               0x080001bd   Thumb Code     0  __rtentry.o(.ARM.Collect$$rtentry$$00000000)
    __rt_entry_presh_1                       0x080001bd   Thumb Code     0  __rtentry2.o(.ARM.Collect$$rtentry$$00000002)
    __rt_entry_sh                            0x080001bd   Thumb Code     0  __rtentry4.o(.ARM.Collect$$rtentry$$00000004)
    __rt_entry_li                            0x080001c3   Thumb Code     0  __rtentry2.o(.ARM.Collect$$rtentry$$0000000A)
    __rt_entry_postsh_1                      0x080001c3   Thumb Code     0  __rtentry2.o(.ARM.Collect$$rtentry$$00000009)
    __rt_entry_main                          0x080001c7   Thumb Code     0  __rtentry2.o(.ARM.Collect$$rtentry$$0000000D)
    __rt_entry_postli_1                      0x080001c7   Thumb Code     0  __rtentry2.o(.ARM.Collect$$rtentry$$0000000C)
    __rt_exit                                0x080001cf   Thumb Code     0  rtexit.o(.ARM.Collect$$rtexit$$00000000)
    __rt_exit_ls                             0x080001d1   Thumb Code     0  rtexit2.o(.ARM.Collect$$rtexit$$00000003)
    __rt_exit_prels_1                        0x080001d1   Thumb Code     0  rtexit2.o(.ARM.Collect$$rtexit$$00000002)
    __rt_exit_exit                           0x080001d5   Thumb Code     0  rtexit2.o(.ARM.Collect$$rtexit$$00000004)
    Reset_Handler                            0x080001dd   Thumb Code     8  startup_stm32f10x_md_vl.o(.text)
    NMI_Handler                              0x080001e5   Thumb Code     2  startup_stm32f10x_md_vl.o(.text)
    HardFault_Handler                        0x080001e7   Thumb Code     2  startup_stm32f10x_md_vl.o(.text)
    MemManage_Handler                        0x080001e9   Thumb Code     2  startup_stm32f10x_md_vl.o(.text)
    BusFault_Handler                         0x080001eb   Thumb Code     2  startup_stm32f10x_md_vl.o(.text)
    UsageFault_Handler                       0x080001ed   Thumb Code     2  startup_stm32f10x_md_vl.o(.text)
    SVC_Handler                              0x080001ef   Thumb Code     2  startup_stm32f10x_md_vl.o(.text)
    DebugMon_Handler                         0x080001f1   Thumb Code     2  startup_stm32f10x_md_vl.o(.text)
    PendSV_Handler                           0x080001f3   Thumb Code     2  startup_stm32f10x_md_vl.o(.text)
    ADC1_IRQHandler                          0x080001f7   Thumb Code     0  startup_stm32f10x_md_vl.o(.text)
    CEC_IRQHandler                           0x080001f7   Thumb Code     0  startup_stm32f10x_md_vl.o(.text)
    DMA1_Channel1_IRQHandler                 0x080001f7   Thumb Code     0  startup_stm32f10x_md_vl.o(.text)
    DMA1_Channel2_IRQHandler                 0x080001f7   Thumb Code     0  startup_stm32f10x_md_vl.o(.text)
    DMA1_Channel4_IRQHandler                 0x080001f7   Thumb Code     0  startup_stm32f10x_md_vl.o(.text)
    DMA1_Channel5_IRQHandler                 0x080001f7   Thumb Code     0  startup_stm32f10x_md_vl.o(.text)
    DMA1_Channel6_IRQHandler                 0x080001f7   Thumb Code     0  startup_stm32f10x_md_vl.o(.text)
    DMA1_Channel7_IRQHandler                 0x080001f7   Thumb Code     0  startup_stm32f10x_md_vl.o(.text)
    EXTI0_IRQHandler                         0x080001f7   Thumb Code     0  startup_stm32f10x_md_vl.o(.text)
    EXTI15_10_IRQHandler                     0x080001f7   Thumb Code     0  startup_stm32f10x_md_vl.o(.text)
    EXTI1_IRQHandler                         0x080001f7   Thumb Code     0  startup_stm32f10x_md_vl.o(.text)
    EXTI2_IRQHandler                         0x080001f7   Thumb Code     0  startup_stm32f10x_md_vl.o(.text)
    EXTI3_IRQHandler                         0x080001f7   Thumb Code     0  startup_stm32f10x_md_vl.o(.text)
    EXTI4_IRQHandler                         0x080001f7   Thumb Code     0  startup_stm32f10x_md_vl.o(.text)
    EXTI9_5_IRQHandler                       0x080001f7   Thumb Code     0  startup_stm32f10x_md_vl.o(.text)
    FLASH_IRQHandler                         0x080001f7   Thumb Code     0  startup_stm32f10x_md_vl.o(.text)
    I2C1_ER_IRQHandler                       0x080001f7   Thumb Code     0  startup_stm32f10x_md_vl.o(.text)
    I2C1_EV_IRQHandler                       0x080001f7   Thumb Code     0  startup_stm32f10x_md_vl.o(.text)
    I2C2_ER_IRQHandler                       0x080001f7   Thumb Code     0  startup_stm32f10x_md_vl.o(.text)
    I2C2_EV_IRQHandler                       0x080001f7   Thumb Code     0  startup_stm32f10x_md_vl.o(.text)
    PVD_IRQHandler                           0x080001f7   Thumb Code     0  startup_stm32f10x_md_vl.o(.text)
    RCC_IRQHandler                           0x080001f7   Thumb Code     0  startup_stm32f10x_md_vl.o(.text)
    RTC_IRQHandler                           0x080001f7   Thumb Code     0  startup_stm32f10x_md_vl.o(.text)
    SPI1_IRQHandler                          0x080001f7   Thumb Code     0  startup_stm32f10x_md_vl.o(.text)
    SPI2_IRQHandler                          0x080001f7   Thumb Code     0  startup_stm32f10x_md_vl.o(.text)
    TAMPER_IRQHandler                        0x080001f7   Thumb Code     0  startup_stm32f10x_md_vl.o(.text)
    TIM1_BRK_TIM15_IRQHandler                0x080001f7   Thumb Code     0  startup_stm32f10x_md_vl.o(.text)
    TIM1_CC_IRQHandler                       0x080001f7   Thumb Code     0  startup_stm32f10x_md_vl.o(.text)
    TIM1_TRG_COM_TIM17_IRQHandler            0x080001f7   Thumb Code     0  startup_stm32f10x_md_vl.o(.text)
    TIM1_UP_TIM16_IRQHandler                 0x080001f7   Thumb Code     0  startup_stm32f10x_md_vl.o(.text)
    TIM2_IRQHandler                          0x080001f7   Thumb Code     0  startup_stm32f10x_md_vl.o(.text)
    TIM3_IRQHandler                          0x080001f7   Thumb Code     0  startup_stm32f10x_md_vl.o(.text)
    TIM4_IRQHandler                          0x080001f7   Thumb Code     0  startup_stm32f10x_md_vl.o(.text)
    TIM7_IRQHandler                          0x080001f7   Thumb Code     0  startup_stm32f10x_md_vl.o(.text)
    USART1_IRQHandler                        0x080001f7   Thumb Code     0  startup_stm32f10x_md_vl.o(.text)
    USART2_IRQHandler                        0x080001f7   Thumb Code     0  startup_stm32f10x_md_vl.o(.text)
    WWDG_IRQHandler                          0x080001f7   Thumb Code     0  startup_stm32f10x_md_vl.o(.text)
    __user_initial_stackheap                 0x080001f9   Thumb Code     0  startup_stm32f10x_md_vl.o(.text)
    __2sprintf                               0x0800021d   Thumb Code    34  noretval__2sprintf.o(.text)
    _printf_int_dec                          0x08000245   Thumb Code   104  _printf_dec.o(.text)
    __printf                                 0x080002bd   Thumb Code   270  __printf_wp.o(.text)
    strlen                                   0x080003cb   Thumb Code    62  strlen.o(.text)
    __use_two_region_memory                  0x08000409   Thumb Code     2  heapauxi.o(.text)
    __rt_heap_escrow$2region                 0x0800040b   Thumb Code     2  heapauxi.o(.text)
    __rt_heap_expand$2region                 0x0800040d   Thumb Code     2  heapauxi.o(.text)
    _printf_int_common                       0x0800040f   Thumb Code   178  _printf_intcommon.o(.text)
    __lib_sel_fp_printf                      0x080004c1   Thumb Code     2  _printf_fp_dec.o(.text)
    _printf_fp_dec_real                      0x08000673   Thumb Code   620  _printf_fp_dec.o(.text)
    _printf_char_common                      0x080008eb   Thumb Code    32  _printf_char_common.o(.text)
    _sputc                                   0x08000911   Thumb Code    10  _sputc.o(.text)
    __rt_locale                              0x0800091d   Thumb Code     8  rt_locale_intlibspace.o(.text)
    _ll_udiv10                               0x08000925   Thumb Code   138  lludiv10.o(.text)
    _printf_fp_infnan                        0x080009b1   Thumb Code   112  _printf_fp_infnan.o(.text)
    _btod_etento                             0x08000a31   Thumb Code   224  bigflt0.o(.text)
    __user_libspace                          0x08000b15   Thumb Code     8  libspace.o(.text)
    __user_perproc_libspace                  0x08000b15   Thumb Code     0  libspace.o(.text)
    __user_perthread_libspace                0x08000b15   Thumb Code     0  libspace.o(.text)
    __user_setup_stackheap                   0x08000b1d   Thumb Code    74  sys_stackheap_outer.o(.text)
    exit                                     0x08000b67   Thumb Code    18  exit.o(.text)
    strcmp                                   0x08000b79   Thumb Code   128  strcmpv7m.o(.text)
    _sys_exit                                0x08000bf9   Thumb Code     8  sys_exit.o(.text)
    __I$use$semihosting                      0x08000c05   Thumb Code     0  use_no_semi.o(.text)
    __use_no_semihosting_swi                 0x08000c05   Thumb Code     2  use_no_semi.o(.text)
    __semihosting_library_function           0x08000c07   Thumb Code     0  indicate_semi.o(.text)
    _btod_d2e                                0x08000c07   Thumb Code    62  btod.o(CL$$btod_d2e)
    _d2e_denorm_low                          0x08000c45   Thumb Code    70  btod.o(CL$$btod_d2e_denorm_low)
    _d2e_norm_op1                            0x08000c8b   Thumb Code    96  btod.o(CL$$btod_d2e_norm_op1)
    __btod_div_common                        0x08000ceb   Thumb Code   696  btod.o(CL$$btod_div_common)
    _e2e                                     0x08001023   Thumb Code   220  btod.o(CL$$btod_e2e)
    _btod_ediv                               0x080010ff   Thumb Code    42  btod.o(CL$$btod_ediv)
    _btod_emul                               0x08001129   Thumb Code    42  btod.o(CL$$btod_emul)
    __btod_mult_common                       0x08001153   Thumb Code   580  btod.o(CL$$btod_mult_common)
    ADCInit                                  0x08001399   Thumb Code    36  adc.o(i.ADCInit)
    Configure_RTC                            0x080013c9   Thumb Code   366  sleep.o(i.Configure_RTC)
    DMA1_Channel3_IRQHandler                 0x08001551   Thumb Code    50  dac.o(i.DMA1_Channel3_IRQHandler)
    Disable_RTC                              0x0800158d   Thumb Code   136  sleep.o(i.Disable_RTC)
    LCDInit                                  0x08001621   Thumb Code   144  lcd.o(i.LCDInit)
    RTCAlarm_IRQHandler                      0x080016b9   Thumb Code   118  main.o(i.RTCAlarm_IRQHandler)
    SysTick_Handler                          0x08001801   Thumb Code   142  dac.o(i.SysTick_Handler)
    SystemInit                               0x080018a5   Thumb Code    82  system_stm32f10x.o(i.SystemInit)
    TIM6_DAC_IRQHandler                      0x08001909   Thumb Code    50  dac.o(i.TIM6_DAC_IRQHandler)
    ToLCD                                    0x08001945   Thumb Code   110  lcd.o(i.ToLCD)
    USART3_IRQHandler                        0x080019cd   Thumb Code   120  xbee.o(i.USART3_IRQHandler)
    XbeeRecieve                              0x08001a59   Thumb Code   276  xbee.o(i.XbeeRecieve)
    XbeeSetUp                                0x08001b81   Thumb Code    66  xbee.o(i.XbeeSetUp)
    __ARM_fpclassify                         0x08001bcd   Thumb Code    40  fpclassify.o(i.__ARM_fpclassify)
    _is_digit                                0x08001bf5   Thumb Code    14  __printf_wp.o(i._is_digit)
    calcSignal                               0x08001c05   Thumb Code   598  main.o(i.calcSignal)
    clockInit                                0x08001ead   Thumb Code    28  clocks.o(i.clockInit)
    delay                                    0x08001ed5   Thumb Code    14  lcd.o(i.delay)
    getMedian                                0x08001ee3   Thumb Code   122  main.o(i.getMedian)
    getSignal                                0x08001f5d   Thumb Code    82  main.o(i.getSignal)
    main                                     0x08001fb1   Thumb Code   800  main.o(i.main)
    portInit                                 0x080023f1   Thumb Code    78  clocks.o(i.portInit)
    readADC                                  0x0800244d   Thumb Code    38  adc.o(i.readADC)
    recieve_usart                            0x08002479   Thumb Code    24  xbee.o(i.recieve_usart)
    send_usart                               0x08002495   Thumb Code    22  xbee.o(i.send_usart)
    stringToLCD                              0x080024b1   Thumb Code    36  lcd.o(i.stringToLCD)
    timerInit                                0x080024d5   Thumb Code    42  clocks.o(i.timerInit)
    usartInit                                0x08002505   Thumb Code   136  xbee.o(i.usartInit)
    xbeeSend                                 0x080025a1   Thumb Code   192  xbee.o(i.xbeeSend)
    _get_lc_numeric                          0x08002661   Thumb Code    44  lc_numeric_c.o(locale$$code)
    __aeabi_dadd                             0x0800268d   Thumb Code     0  daddsub_clz.o(x$fpl$dadd)
    _dadd                                    0x0800268d   Thumb Code   332  daddsub_clz.o(x$fpl$dadd)
    __fpl_dcmp_Inf                           0x080027dd   Thumb Code    24  dcmpi.o(x$fpl$dcmpinf)
    __aeabi_ddiv                             0x080027f5   Thumb Code     0  ddiv.o(x$fpl$ddiv)
    _ddiv                                    0x080027f5   Thumb Code   552  ddiv.o(x$fpl$ddiv)
    __aeabi_d2uiz                            0x08002aa5   Thumb Code     0  dfixu.o(x$fpl$dfixu)
    _dfixu                                   0x08002aa5   Thumb Code    90  dfixu.o(x$fpl$dfixu)
    __aeabi_ui2d                             0x08002aff   Thumb Code     0  dflt_clz.o(x$fpl$dfltu)
    _dfltu                                   0x08002aff   Thumb Code    38  dflt_clz.o(x$fpl$dfltu)
    __aeabi_cdcmple                          0x08002b25   Thumb Code     0  dleqf.o(x$fpl$dleqf)
    _dcmple                                  0x08002b25   Thumb Code   120  dleqf.o(x$fpl$dleqf)
    __fpl_dcmple_InfNaN                      0x08002b87   Thumb Code     0  dleqf.o(x$fpl$dleqf)
    __aeabi_dmul                             0x08002b9d   Thumb Code     0  dmul.o(x$fpl$dmul)
    _dmul                                    0x08002b9d   Thumb Code   332  dmul.o(x$fpl$dmul)
    __fpl_dnaninf                            0x08002cf1   Thumb Code   156  dnaninf.o(x$fpl$dnaninf)
    __fpl_dretinf                            0x08002d8d   Thumb Code    12  dretinf.o(x$fpl$dretinf)
    __aeabi_cdrcmple                         0x08002d99   Thumb Code     0  drleqf.o(x$fpl$drleqf)
    _drcmple                                 0x08002d99   Thumb Code   108  drleqf.o(x$fpl$drleqf)
    __aeabi_dsub                             0x08002e05   Thumb Code     0  daddsub_clz.o(x$fpl$dsub)
    _dsub                                    0x08002e05   Thumb Code   464  daddsub_clz.o(x$fpl$dsub)
    _printf_fp_dec                           0x08002fd9   Thumb Code     4  printf1.o(x$fpl$printf1)
    __I$use$fp                               0x08002fdc   Number         0  usenofp.o(x$fpl$usenofp)
    Region$$Table$$Base                      0x08003070   Number         0  anon$$obj.o(Region$$Table)
    Region$$Table$$Limit                     0x08003090   Number         0  anon$$obj.o(Region$$Table)
    pressedBtn                               0x20000000   Data           1  main.o(.data)
    next_state                               0x20000002   Data           1  main.o(.data)
    error                                    0x20000004   Data           2  dac.o(.data)
    bsize                                    0x20000014   Data           1  xbee.o(.data)
    bfull                                    0x20000015   Data           1  xbee.o(.data)
    ED1                                      0x2000001c   Data           8  xbee.o(.data)
    ED2                                      0x20000024   Data           8  xbee.o(.data)
    alarm                                    0x2000002c   Data           1  sleep.o(.data)
    buffer                                   0x20000030   Data          30  xbee.o(.bss)
    __libspace_start                         0x20000050   Data          96  libspace.o(.bss)
    __temporary_stack_top$libspace           0x200000b0   Data           0  libspace.o(.bss)



==============================================================================

Memory Map of the image

  Image Entry point : 0x080001dd

  Load Region LR_1 (Base: 0x08000000, Size: 0x000030dc, Max: 0xffffffff, ABSOLUTE)

    Execution Region ER_RO (Exec base: 0x08000000, Load base: 0x08000000, Size: 0x000030ac, Max: 0xffffffff, ABSOLUTE)

    Exec Addr    Load Addr    Size         Type   Attr      Idx    E Section Name        Object

    0x08000000   0x08000000   0x00000120   Data   RO          453    RESET               startup_stm32f10x_md_vl.o
    0x08000120   0x08000120   0x00000008   Code   RO          541  * !!!main             c_w.l(__main.o)
    0x08000128   0x08000128   0x00000034   Code   RO          817    !!!scatter          c_w.l(__scatter.o)
    0x0800015c   0x0800015c   0x0000001a   Code   RO          819    !!handler_copy      c_w.l(__scatter_copy.o)
    0x08000176   0x08000176   0x00000002   PAD
    0x08000178   0x08000178   0x0000001c   Code   RO          821    !!handler_zi        c_w.l(__scatter_zi.o)
    0x08000194   0x08000194   0x00000000   Code   RO          536    .ARM.Collect$$_printf_percent$$00000000  c_w.l(_printf_percent.o)
    0x08000194   0x08000194   0x00000006   Code   RO          535    .ARM.Collect$$_printf_percent$$00000003  c_w.l(_printf_f.o)
    0x0800019a   0x0800019a   0x00000006   Code   RO          534    .ARM.Collect$$_printf_percent$$00000009  c_w.l(_printf_d.o)
    0x080001a0   0x080001a0   0x00000004   Code   RO          606    .ARM.Collect$$_printf_percent$$00000017  c_w.l(_printf_percent_end.o)
    0x080001a4   0x080001a4   0x00000002   Code   RO          690    .ARM.Collect$$libinit$$00000000  c_w.l(libinit.o)
    0x080001a6   0x080001a6   0x00000000   Code   RO          692    .ARM.Collect$$libinit$$00000002  c_w.l(libinit2.o)
    0x080001a6   0x080001a6   0x00000000   Code   RO          694    .ARM.Collect$$libinit$$00000004  c_w.l(libinit2.o)
    0x080001a6   0x080001a6   0x00000000   Code   RO          697    .ARM.Collect$$libinit$$0000000A  c_w.l(libinit2.o)
    0x080001a6   0x080001a6   0x00000000   Code   RO          699    .ARM.Collect$$libinit$$0000000C  c_w.l(libinit2.o)
    0x080001a6   0x080001a6   0x00000000   Code   RO          701    .ARM.Collect$$libinit$$0000000E  c_w.l(libinit2.o)
    0x080001a6   0x080001a6   0x00000006   Code   RO          702    .ARM.Collect$$libinit$$0000000F  c_w.l(libinit2.o)
    0x080001ac   0x080001ac   0x00000000   Code   RO          704    .ARM.Collect$$libinit$$00000011  c_w.l(libinit2.o)
    0x080001ac   0x080001ac   0x00000000   Code   RO          706    .ARM.Collect$$libinit$$00000013  c_w.l(libinit2.o)
    0x080001ac   0x080001ac   0x00000000   Code   RO          708    .ARM.Collect$$libinit$$00000015  c_w.l(libinit2.o)
    0x080001ac   0x080001ac   0x0000000a   Code   RO          709    .ARM.Collect$$libinit$$00000016  c_w.l(libinit2.o)
    0x080001b6   0x080001b6   0x00000000   Code   RO          710    .ARM.Collect$$libinit$$00000017  c_w.l(libinit2.o)
    0x080001b6   0x080001b6   0x00000000   Code   RO          712    .ARM.Collect$$libinit$$00000019  c_w.l(libinit2.o)
    0x080001b6   0x080001b6   0x00000000   Code   RO          714    .ARM.Collect$$libinit$$0000001B  c_w.l(libinit2.o)
    0x080001b6   0x080001b6   0x00000000   Code   RO          716    .ARM.Collect$$libinit$$0000001D  c_w.l(libinit2.o)
    0x080001b6   0x080001b6   0x00000000   Code   RO          718    .ARM.Collect$$libinit$$0000001F  c_w.l(libinit2.o)
    0x080001b6   0x080001b6   0x00000000   Code   RO          720    .ARM.Collect$$libinit$$00000021  c_w.l(libinit2.o)
    0x080001b6   0x080001b6   0x00000000   Code   RO          722    .ARM.Collect$$libinit$$00000023  c_w.l(libinit2.o)
    0x080001b6   0x080001b6   0x00000000   Code   RO          724    .ARM.Collect$$libinit$$00000025  c_w.l(libinit2.o)
    0x080001b6   0x080001b6   0x00000000   Code   RO          728    .ARM.Collect$$libinit$$0000002C  c_w.l(libinit2.o)
    0x080001b6   0x080001b6   0x00000000   Code   RO          730    .ARM.Collect$$libinit$$0000002E  c_w.l(libinit2.o)
    0x080001b6   0x080001b6   0x00000000   Code   RO          732    .ARM.Collect$$libinit$$00000030  c_w.l(libinit2.o)
    0x080001b6   0x080001b6   0x00000000   Code   RO          734    .ARM.Collect$$libinit$$00000032  c_w.l(libinit2.o)
    0x080001b6   0x080001b6   0x00000002   Code   RO          735    .ARM.Collect$$libinit$$00000033  c_w.l(libinit2.o)
    0x080001b8   0x080001b8   0x00000002   Code   RO          765    .ARM.Collect$$libshutdown$$00000000  c_w.l(libshutdown.o)
    0x080001ba   0x080001ba   0x00000000   Code   RO          776    .ARM.Collect$$libshutdown$$00000002  c_w.l(libshutdown2.o)
    0x080001ba   0x080001ba   0x00000000   Code   RO          778    .ARM.Collect$$libshutdown$$00000004  c_w.l(libshutdown2.o)
    0x080001ba   0x080001ba   0x00000000   Code   RO          781    .ARM.Collect$$libshutdown$$00000007  c_w.l(libshutdown2.o)
    0x080001ba   0x080001ba   0x00000000   Code   RO          784    .ARM.Collect$$libshutdown$$0000000A  c_w.l(libshutdown2.o)
    0x080001ba   0x080001ba   0x00000000   Code   RO          786    .ARM.Collect$$libshutdown$$0000000C  c_w.l(libshutdown2.o)
    0x080001ba   0x080001ba   0x00000000   Code   RO          789    .ARM.Collect$$libshutdown$$0000000F  c_w.l(libshutdown2.o)
    0x080001ba   0x080001ba   0x00000002   Code   RO          790    .ARM.Collect$$libshutdown$$00000010  c_w.l(libshutdown2.o)
    0x080001bc   0x080001bc   0x00000000   Code   RO          597    .ARM.Collect$$rtentry$$00000000  c_w.l(__rtentry.o)
    0x080001bc   0x080001bc   0x00000000   Code   RO          619    .ARM.Collect$$rtentry$$00000002  c_w.l(__rtentry2.o)
    0x080001bc   0x080001bc   0x00000006   Code   RO          631    .ARM.Collect$$rtentry$$00000004  c_w.l(__rtentry4.o)
    0x080001c2   0x080001c2   0x00000000   Code   RO          621    .ARM.Collect$$rtentry$$00000009  c_w.l(__rtentry2.o)
    0x080001c2   0x080001c2   0x00000004   Code   RO          622    .ARM.Collect$$rtentry$$0000000A  c_w.l(__rtentry2.o)
    0x080001c6   0x080001c6   0x00000000   Code   RO          624    .ARM.Collect$$rtentry$$0000000C  c_w.l(__rtentry2.o)
    0x080001c6   0x080001c6   0x00000008   Code   RO          625    .ARM.Collect$$rtentry$$0000000D  c_w.l(__rtentry2.o)
    0x080001ce   0x080001ce   0x00000002   Code   RO          736    .ARM.Collect$$rtexit$$00000000  c_w.l(rtexit.o)
    0x080001d0   0x080001d0   0x00000000   Code   RO          743    .ARM.Collect$$rtexit$$00000002  c_w.l(rtexit2.o)
    0x080001d0   0x080001d0   0x00000004   Code   RO          744    .ARM.Collect$$rtexit$$00000003  c_w.l(rtexit2.o)
    0x080001d4   0x080001d4   0x00000006   Code   RO          745    .ARM.Collect$$rtexit$$00000004  c_w.l(rtexit2.o)
    0x080001da   0x080001da   0x00000002   PAD
    0x080001dc   0x080001dc   0x00000040   Code   RO          454  * .text               startup_stm32f10x_md_vl.o
    0x0800021c   0x0800021c   0x00000028   Code   RO          508    .text               c_w.l(noretval__2sprintf.o)
    0x08000244   0x08000244   0x00000078   Code   RO          512    .text               c_w.l(_printf_dec.o)
    0x080002bc   0x080002bc   0x0000010e   Code   RO          522    .text               c_w.l(__printf_wp.o)
    0x080003ca   0x080003ca   0x0000003e   Code   RO          537    .text               c_w.l(strlen.o)
    0x08000408   0x08000408   0x00000006   Code   RO          539    .text               c_w.l(heapauxi.o)
    0x0800040e   0x0800040e   0x000000b2   Code   RO          598    .text               c_w.l(_printf_intcommon.o)
    0x080004c0   0x080004c0   0x0000041e   Code   RO          600    .text               c_w.l(_printf_fp_dec.o)
    0x080008de   0x080008de   0x00000002   PAD
    0x080008e0   0x080008e0   0x00000030   Code   RO          602    .text               c_w.l(_printf_char_common.o)
    0x08000910   0x08000910   0x0000000a   Code   RO          604    .text               c_w.l(_sputc.o)
    0x0800091a   0x0800091a   0x00000002   PAD
    0x0800091c   0x0800091c   0x00000008   Code   RO          636    .text               c_w.l(rt_locale_intlibspace.o)
    0x08000924   0x08000924   0x0000008a   Code   RO          638    .text               c_w.l(lludiv10.o)
    0x080009ae   0x080009ae   0x00000002   PAD
    0x080009b0   0x080009b0   0x00000080   Code   RO          640    .text               c_w.l(_printf_fp_infnan.o)
    0x08000a30   0x08000a30   0x000000e4   Code   RO          644    .text               c_w.l(bigflt0.o)
    0x08000b14   0x08000b14   0x00000008   Code   RO          676    .text               c_w.l(libspace.o)
    0x08000b1c   0x08000b1c   0x0000004a   Code   RO          679    .text               c_w.l(sys_stackheap_outer.o)
    0x08000b66   0x08000b66   0x00000012   Code   RO          681    .text               c_w.l(exit.o)
    0x08000b78   0x08000b78   0x00000080   Code   RO          683    .text               c_w.l(strcmpv7m.o)
    0x08000bf8   0x08000bf8   0x0000000c   Code   RO          755    .text               c_w.l(sys_exit.o)
    0x08000c04   0x08000c04   0x00000002   Code   RO          766    .text               c_w.l(use_no_semi.o)
    0x08000c06   0x08000c06   0x00000000   Code   RO          768    .text               c_w.l(indicate_semi.o)
    0x08000c06   0x08000c06   0x0000003e   Code   RO          647    CL$$btod_d2e        c_w.l(btod.o)
    0x08000c44   0x08000c44   0x00000046   Code   RO          649    CL$$btod_d2e_denorm_low  c_w.l(btod.o)
    0x08000c8a   0x08000c8a   0x00000060   Code   RO          648    CL$$btod_d2e_norm_op1  c_w.l(btod.o)
    0x08000cea   0x08000cea   0x00000338   Code   RO          657    CL$$btod_div_common  c_w.l(btod.o)
    0x08001022   0x08001022   0x000000dc   Code   RO          654    CL$$btod_e2e        c_w.l(btod.o)
    0x080010fe   0x080010fe   0x0000002a   Code   RO          651    CL$$btod_ediv       c_w.l(btod.o)
    0x08001128   0x08001128   0x0000002a   Code   RO          650    CL$$btod_emul       c_w.l(btod.o)
    0x08001152   0x08001152   0x00000244   Code   RO          656    CL$$btod_mult_common  c_w.l(btod.o)
    0x08001396   0x08001396   0x00000002   PAD
    0x08001398   0x08001398   0x00000030   Code   RO          212    i.ADCInit           adc.o
    0x080013c8   0x080013c8   0x00000188   Code   RO          415    i.Configure_RTC     sleep.o
    0x08001550   0x08001550   0x0000003c   Code   RO          248    i.DMA1_Channel3_IRQHandler  dac.o
    0x0800158c   0x0800158c   0x00000094   Code   RO          416    i.Disable_RTC       sleep.o
    0x08001620   0x08001620   0x00000098   Code   RO          127    i.LCDInit           lcd.o
    0x080016b8   0x080016b8   0x00000088   Code   RO            4    i.RTCAlarm_IRQHandler  main.o
    0x08001740   0x08001740   0x00000008   Code   RO          461    i.SetSysClock       system_stm32f10x.o
    0x08001748   0x08001748   0x000000b8   Code   RO          462    i.SetSysClockTo24   system_stm32f10x.o
    0x08001800   0x08001800   0x000000a4   Code   RO          250    i.SysTick_Handler   dac.o
    0x080018a4   0x080018a4   0x00000064   Code   RO          464    i.SystemInit        system_stm32f10x.o
    0x08001908   0x08001908   0x0000003c   Code   RO          251    i.TIM6_DAC_IRQHandler  dac.o
    0x08001944   0x08001944   0x00000088   Code   RO          128    i.ToLCD             lcd.o
    0x080019cc   0x080019cc   0x0000008c   Code   RO          348    i.USART3_IRQHandler  xbee.o
    0x08001a58   0x08001a58   0x00000128   Code   RO          349    i.XbeeRecieve       xbee.o
    0x08001b80   0x08001b80   0x0000004c   Code   RO          350    i.XbeeSetUp         xbee.o
    0x08001bcc   0x08001bcc   0x00000028   Code   RO          674    i.__ARM_fpclassify  m_ws.l(fpclassify.o)
    0x08001bf4   0x08001bf4   0x0000000e   Code   RO          524    i._is_digit         c_w.l(__printf_wp.o)
    0x08001c02   0x08001c02   0x00000002   PAD
    0x08001c04   0x08001c04   0x000002a8   Code   RO            5    i.calcSignal        main.o
    0x08001eac   0x08001eac   0x00000028   Code   RO          176    i.clockInit         clocks.o
    0x08001ed4   0x08001ed4   0x0000000e   Code   RO          129    i.delay             lcd.o
    0x08001ee2   0x08001ee2   0x0000007a   Code   RO            7    i.getMedian         main.o
    0x08001f5c   0x08001f5c   0x00000052   Code   RO            8    i.getSignal         main.o
    0x08001fae   0x08001fae   0x00000002   PAD
    0x08001fb0   0x08001fb0   0x00000440   Code   RO            9    i.main              main.o
    0x080023f0   0x080023f0   0x0000005c   Code   RO          177    i.portInit          clocks.o
    0x0800244c   0x0800244c   0x0000002c   Code   RO          213    i.readADC           adc.o
    0x08002478   0x08002478   0x0000001c   Code   RO          351    i.recieve_usart     xbee.o
    0x08002494   0x08002494   0x0000001c   Code   RO          352    i.send_usart        xbee.o
    0x080024b0   0x080024b0   0x00000024   Code   RO          130    i.stringToLCD       lcd.o
    0x080024d4   0x080024d4   0x00000030   Code   RO          178    i.timerInit         clocks.o
    0x08002504   0x08002504   0x0000009c   Code   RO          353    i.usartInit         xbee.o
    0x080025a0   0x080025a0   0x000000c0   Code   RO          354    i.xbeeSend          xbee.o
    0x08002660   0x08002660   0x0000002c   Code   RO          670    locale$$code        c_w.l(lc_numeric_c.o)
    0x0800268c   0x0800268c   0x00000150   Code   RO          545    x$fpl$dadd          fz_ws.l(daddsub_clz.o)
    0x080027dc   0x080027dc   0x00000018   Code   RO          607    x$fpl$dcmpinf       fz_ws.l(dcmpi.o)
    0x080027f4   0x080027f4   0x000002b0   Code   RO          552    x$fpl$ddiv          fz_ws.l(ddiv.o)
    0x08002aa4   0x08002aa4   0x0000005a   Code   RO          555    x$fpl$dfixu         fz_ws.l(dfixu.o)
    0x08002afe   0x08002afe   0x00000026   Code   RO          559    x$fpl$dfltu         fz_ws.l(dflt_clz.o)
    0x08002b24   0x08002b24   0x00000078   Code   RO          565    x$fpl$dleqf         fz_ws.l(dleqf.o)
    0x08002b9c   0x08002b9c   0x00000154   Code   RO          567    x$fpl$dmul          fz_ws.l(dmul.o)
    0x08002cf0   0x08002cf0   0x0000009c   Code   RO          609    x$fpl$dnaninf       fz_ws.l(dnaninf.o)
    0x08002d8c   0x08002d8c   0x0000000c   Code   RO          611    x$fpl$dretinf       fz_ws.l(dretinf.o)
    0x08002d98   0x08002d98   0x0000006c   Code   RO          569    x$fpl$drleqf        fz_ws.l(drleqf.o)
    0x08002e04   0x08002e04   0x000001d4   Code   RO          547    x$fpl$dsub          fz_ws.l(daddsub_clz.o)
    0x08002fd8   0x08002fd8   0x00000004   Code   RO          595    x$fpl$printf1       fz_ws.l(printf1.o)
    0x08002fdc   0x08002fdc   0x00000000   Code   RO          617    x$fpl$usenofp       fz_ws.l(usenofp.o)
    0x08002fdc   0x08002fdc   0x00000094   Data   RO          645    .constdata          c_w.l(bigflt0.o)
    0x08003070   0x08003070   0x00000020   Data   RO          815    Region$$Table       anon$$obj.o
    0x08003090   0x08003090   0x0000001c   Data   RO          669    locale$$data        c_w.l(lc_numeric_c.o)


    Execution Region ER_RW (Exec base: 0x20000000, Load base: 0x080030ac, Size: 0x00000030, Max: 0xffffffff, ABSOLUTE)

    Exec Addr    Load Addr    Size         Type   Attr      Idx    E Section Name        Object

    0x20000000   0x080030ac   0x00000003   Data   RW           10    .data               main.o
    0x20000003   0x080030af   0x00000001   PAD
    0x20000004   0x080030b0   0x0000000e   Data   RW          256    .data               dac.o
    0x20000012   0x080030be   0x00000002   PAD
    0x20000014   0x080030c0   0x00000018   Data   RW          356    .data               xbee.o
    0x2000002c   0x080030d8   0x00000001   Data   RW          418    .data               sleep.o


    Execution Region ER_ZI (Exec base: 0x20000030, Load base: 0x080030dc, Size: 0x00000680, Max: 0xffffffff, ABSOLUTE)

    Exec Addr    Load Addr    Size         Type   Attr      Idx    E Section Name        Object

    0x20000030        -       0x0000001e   Zero   RW          355    .bss                xbee.o
    0x2000004e   0x080030dc   0x00000002   PAD
    0x20000050        -       0x00000060   Zero   RW          677    .bss                c_w.l(libspace.o)
    0x200000b0        -       0x00000200   Zero   RW          452    HEAP                startup_stm32f10x_md_vl.o
    0x200002b0        -       0x00000400   Zero   RW          451    STACK               startup_stm32f10x_md_vl.o


==============================================================================

Image component sizes


      Code (inc. data)   RO Data    RW Data    ZI Data      Debug   Object Name

        92         18          0          0          0        736   adc.o
       180         32          0          0          0       1087   clocks.o
       284         42          0         14          0       2295   dac.o
       338         34          0          0          0       1816   lcd.o
      2108        394          0          3          0     238406   main.o
       540         38          0          1          0       1446   sleep.o
        64         26        288          0       1536        796   startup_stm32f10x_md_vl.o
       292         24          0          0          0       1981   system_stm32f10x.o
       916         80          0         24         30       5755   xbee.o

    ----------------------------------------------------------------------
      4816        688        320         48       1568     254318   Object Totals
         0          0         32          0          0          0   (incl. Generated)
         2          0          0          6          2          0   (incl. Padding)

    ----------------------------------------------------------------------

      Code (inc. data)   RO Data    RW Data    ZI Data      Debug   Library Member Name

         8          0          0          0          0         68   __main.o
       284          0          0          0          0        156   __printf_wp.o
         0          0          0          0          0          0   __rtentry.o
        12          0          0          0          0          0   __rtentry2.o
         6          0          0          0          0          0   __rtentry4.o
        52          8          0          0          0          0   __scatter.o
        26          0          0          0          0          0   __scatter_copy.o
        28          0          0          0          0          0   __scatter_zi.o
        48          6          0          0          0         96   _printf_char_common.o
         6          0          0          0          0          0   _printf_d.o
       120         16          0          0          0         92   _printf_dec.o
         6          0          0          0          0          0   _printf_f.o
      1054          0          0          0          0        216   _printf_fp_dec.o
       128         16          0          0          0         84   _printf_fp_infnan.o
       178          0          0          0          0         88   _printf_intcommon.o
         0          0          0          0          0          0   _printf_percent.o
         4          0          0          0          0          0   _printf_percent_end.o
        10          0          0          0          0         68   _sputc.o
       228          4        148          0          0         96   bigflt0.o
      1936        128          0          0          0        672   btod.o
        18          0          0          0          0         80   exit.o
         6          0          0          0          0        152   heapauxi.o
         0          0          0          0          0          0   indicate_semi.o
        44         10         28          0          0         76   lc_numeric_c.o
         2          0          0          0          0          0   libinit.o
        18          0          0          0          0          0   libinit2.o
         2          0          0          0          0          0   libshutdown.o
         2          0          0          0          0          0   libshutdown2.o
         8          4          0          0         96         68   libspace.o
       138          0          0          0          0         80   lludiv10.o
        40          6          0          0          0         84   noretval__2sprintf.o
         8          4          0          0          0         68   rt_locale_intlibspace.o
         2          0          0          0          0          0   rtexit.o
        10          0          0          0          0          0   rtexit2.o
       128          0          0          0          0         68   strcmpv7m.o
        62          0          0          0          0         76   strlen.o
        12          4          0          0          0         68   sys_exit.o
        74          0          0          0          0         80   sys_stackheap_outer.o
         2          0          0          0          0         68   use_no_semi.o
       804         16          0          0          0        272   daddsub_clz.o
        24          0          0          0          0         68   dcmpi.o
       688        140          0          0          0        208   ddiv.o
        90          4          0          0          0         92   dfixu.o
        38          0          0          0          0         68   dflt_clz.o
       120          4          0          0          0         92   dleqf.o
       340         12          0          0          0        104   dmul.o
       156          4          0          0          0         92   dnaninf.o
        12          0          0          0          0         68   dretinf.o
       108          0          0          0          0         80   drleqf.o
         4          0          0          0          0         68   printf1.o
         0          0          0          0          0          0   usenofp.o
        40          0          0          0          0         68   fpclassify.o

    ----------------------------------------------------------------------
      7148        386        176          0         96       3884   Library Totals
        14          0          0          0          0          0   (incl. Padding)

    ----------------------------------------------------------------------

      Code (inc. data)   RO Data    RW Data    ZI Data      Debug   Library Name

      4710        206        176          0         96       2604   c_w.l
      2384        180          0          0          0       1212   fz_ws.l
        40          0          0          0          0         68   m_ws.l

    ----------------------------------------------------------------------
      7148        386        176          0         96       3884   Library Totals

    ----------------------------------------------------------------------

==============================================================================


      Code (inc. data)   RO Data    RW Data    ZI Data      Debug   

     11964       1074        496         48       1664     254818   Grand Totals
     11964       1074        496         48       1664     254818   ELF Image Totals
     11964       1074        496         48          0          0   ROM Totals

==============================================================================

    Total RO  Size (Code + RO Data)                12460 (  12.17kB)
    Total RW  Size (RW Data + ZI Data)              1712 (   1.67kB)
    Total ROM Size (Code + RO Data + RW Data)      12508 (  12.21kB)

==============================================================================

