<html>
<body>
<pre>
<h1>µVision Build Log</h1>
<h2>Tool Versions:</h2>
IDE-Version: µVision V5.27.1.0
Copyright (C) 2019 ARM Ltd and ARM Germany GmbH. All rights reserved.
License Information: Muaz Ahmed, University of Regina, LIC=----
 
Tool Versions:
Toolchain:       MDK-Lite  Version: 5.27.1.0
Toolchain Path:  C:\Keil_v5\ARM\ARMCC\Bin
C Compiler:      Armcc.exe V5.06 update 6 (build 750)
Assembler:       Armasm.exe V5.06 update 6 (build 750)
Linker/Locator:  ArmLink.exe V5.06 update 6 (build 750)
Library Manager: ArmAr.exe V5.06 update 6 (build 750)
Hex Converter:   FromElf.exe V5.06 update 6 (build 750)
CPU DLL:         SARMCM3.DLL V5.27.1.0
Dialog DLL:      DCM.DLL V1.17.2.0
Target DLL:      STLink\ST-LINKIII-KEIL_SWO.dll V3.0.6.0
Dialog DLL:      TCM.DLL V1.36.1.0
 
<h2>Project:</h2>
C:\GIMS\Receiver_Node\Project.uvprojx
Project File Date:  03/15/2020

<h2>Output:</h2>
*** Using Compiler 'V5.06 update 6 (build 750)', folder: 'C:\Keil_v5\ARM\ARMCC\Bin'
Rebuild target 'Target 1'
assembling startup_stm32f10x_md_vl.s...
compiling clocks.c...
compiling adc.c...
compiling lcd.c...
compiling dac.c...
compiling xbee.c...
xbee.c(49): warning:  #940-D: missing return statement at end of non-void function "recieve_usart" 
  }
xbee.c(123): warning:  #550-D: variable "rxdRF"  was set but never used
    uint8_t rxdRF[RXD_LENGTH];
xbee.c(125): warning:  #550-D: variable "device1"  was set but never used
    bool device1, device2;
xbee.c(125): warning:  #550-D: variable "device2"  was set but never used
    bool device1, device2;
xbee.c(230): warning:  #1-D: last line of file ends without a newline
   
xbee.c: 5 warnings, 0 errors
compiling sleep.c...
compiling main.c...
main.c(95): warning:  #167-D: argument of type "int" is incompatible with parameter of type "char *"
          xbeeSend(coAddr, sizeof(SYNCH), SYNCH); 
main.c(95): warning:  #152-D: conversion of nonzero integer to pointer
          xbeeSend(coAddr, sizeof(SYNCH), SYNCH); 
main.c(148): warning:  #167-D: argument of type "int" is incompatible with parameter of type "char *"
          xbeeSend(coAddr, sizeof(SLEEP), SLEEP); 
main.c(148): warning:  #152-D: conversion of nonzero integer to pointer
          xbeeSend(coAddr, sizeof(SLEEP), SLEEP); 
main.c(172): warning:  #167-D: argument of type "int" is incompatible with parameter of type "char *"
          xbeeSend(coAddr, sizeof(RESP), RESP); 
main.c(172): warning:  #152-D: conversion of nonzero integer to pointer
          xbeeSend(coAddr, sizeof(RESP), RESP); 
main.c(188): warning:  #550-D: variable "rc"  was set but never used
              rc = 1;
main.c(345): warning:  #940-D: missing return statement at end of non-void function "calcSignal" 
  }
main.c(230): warning:  #177-D: variable "dacAmplitude"  was declared but never referenced
    double dacAmplitude;  // amplitude to send to DAC - percentage of 3.1V
main.c: 9 warnings, 0 errors
compiling system_stm32f10x.c...
linking...
Program Size: Code=11536 RO-data=496 RW-data=48 ZI-data=1664  
".\Objects\Project.axf" - 0 Error(s), 14 Warning(s).

<h2>Software Packages used:</h2>

Package Vendor: ARM
                http://www.keil.com/pack/ARM.CMSIS.5.5.1.pack
                ARM.CMSIS.5.5.1
                CMSIS (Cortex Microcontroller Software Interface Standard)
   * Component: CORE Version: 5.2.0
   * Component: DSP Variant: Library Version: 1.6.0

Package Vendor: Keil
                http://www.keil.com/pack/Keil.STM32F1xx_DFP.2.3.0.pack
                Keil.STM32F1xx_DFP.2.3.0
                STMicroelectronics STM32F1 Series Device Support, Drivers and Examples
   * Component: Startup Version: 1.0.0

<h2>Collection of Component include folders:</h2>
  .\RTE\Device\STM32F100RB
  .\RTE\_Target_1
  C:\Users\muazh\AppData\Local\Arm\Packs\ARM\CMSIS\5.5.1\CMSIS\Core\Include
  C:\Users\muazh\AppData\Local\Arm\Packs\ARM\CMSIS\5.5.1\CMSIS\DSP\Include
  C:\Users\muazh\AppData\Local\Arm\Packs\Keil\STM32F1xx_DFP\2.3.0\Device\Include

<h2>Collection of Component Files used:</h2>

   * Component: ARM::CMSIS:CORE:5.2.0

   * Component: ARM::CMSIS:DSP:Library:1.6.0
      Library file:  CMSIS\DSP\Lib\ARM\arm_cortexM3l_math.lib
      Include file:  CMSIS\DSP\Include\arm_math.h

   * Component: Keil::Device:Startup:1.0.0
      Source file:   Device\Source\ARM\STM32F1xx_OPT.s
      Include file:  RTE_Driver\Config\RTE_Device.h
      Source file:   Device\Source\system_stm32f10x.c
      Source file:   Device\Source\ARM\startup_stm32f10x_md_vl.s
Build Time Elapsed:  00:00:02
</pre>
</body>
</html>
