<html>
<body>
<pre>
<h1>µVision Build Log</h1>
<h2>Tool Versions:</h2>
IDE-Version: µVision V5.25.2.0
Copyright (C) 2018 ARM Ltd and ARM Germany GmbH. All rights reserved.
License Information: Faculty of Engineering, University of Regina, LIC=----
 
Tool Versions:
Toolchain:       MDK-Lite  Version: 5.25.2.0
Toolchain Path:  C:\Keil_v5\ARM\ARMCC\Bin
C Compiler:      Armcc.exe V5.06 update 6 (build 750)
Assembler:       Armasm.exe V5.06 update 6 (build 750)
Linker/Locator:  ArmLink.exe V5.06 update 6 (build 750)
Library Manager: ArmAr.exe V5.06 update 6 (build 750)
Hex Converter:   FromElf.exe V5.06 update 6 (build 750)
CPU DLL:         SARMCM3.DLL V5.25.2.0
Dialog DLL:      DCM.DLL V1.17.1.0
Target DLL:      STLink\ST-LINKIII-KEIL_SWO.dll V3.0.1.0
Dialog DLL:      TCM.DLL V1.35.1.0
 
<h2>Project:</h2>
C:\GIMS\Receiver_Node\Project.uvprojx
Project File Date:  03/17/2020

<h2>Output:</h2>
*** Using Compiler 'V5.06 update 6 (build 750)', folder: 'C:\Keil_v5\ARM\ARMCC\Bin'
Rebuild target 'Target 1'
compiling clocks.c...
compiling adc.c...
compiling lcd.c...
compiling xbee.c...
xbee.c(49): warning:  #940-D: missing return statement at end of non-void function "recieve_usart" 
  }
xbee.c(124): warning:  #550-D: variable "rxdRF"  was set but never used
    uint8_t rxdRF[RXD_LENGTH];
xbee.c(126): warning:  #550-D: variable "device1"  was set but never used
    bool device1, device2;
xbee.c(126): warning:  #550-D: variable "device2"  was set but never used
    bool device1, device2;
xbee.c(232): warning:  #1-D: last line of file ends without a newline
   
xbee.c: 5 warnings, 0 errors
compiling dac.c...
compiling main.c...
main.c(209): warning:  #167-D: argument of type "char" is incompatible with parameter of type "char *"
              xbeeSend(coAddr, sizeof(amp), (char)amp); 
main.c(210): warning:  #167-D: argument of type "char" is incompatible with parameter of type "char *"
              xbeeSend(coAddr, sizeof(freq), (char)freq); 
main.c(274): warning:  #177-D: variable "vBuf"  was declared but never referenced
  	char vBuf[8], freqBuf[8];
main.c(274): warning:  #177-D: variable "freqBuf"  was declared but never referenced
  	char vBuf[8], freqBuf[8];
main.c: 4 warnings, 0 errors
compiling sleep.c...
assembling startup_stm32f10x_md_vl.s...
compiling system_stm32f10x.c...
linking...
Program Size: Code=11964 RO-data=496 RW-data=48 ZI-data=1664  
".\Objects\Project.axf" - 0 Error(s), 9 Warning(s).

<h2>Software Packages used:</h2>

Package Vendor: ARM
                http://www.keil.com/pack/ARM.CMSIS.5.6.0.pack
                ARM.CMSIS.5.6.0
                CMSIS (Cortex Microcontroller Software Interface Standard)
   * Component: CORE Version: 5.3.0
   * Component: DSP Variant: Library Version: 1.7.0

Package Vendor: Keil
                http://www.keil.com/pack/Keil.STM32F1xx_DFP.2.3.0.pack
                Keil.STM32F1xx_DFP.2.3.0
                STMicroelectronics STM32F1 Series Device Support, Drivers and Examples
   * Component: Startup Version: 1.0.0

<h2>Collection of Component include folders:</h2>
  .\RTE\Device\STM32F100RB
  .\RTE\_Target_1
  C:\Keil_v5\ARM\PACK\ARM\CMSIS\5.6.0\CMSIS\Core\Include
  C:\Keil_v5\ARM\PACK\ARM\CMSIS\5.6.0\CMSIS\DSP\Include
  C:\Keil_v5\ARM\PACK\Keil\STM32F1xx_DFP\2.3.0\Device\Include

<h2>Collection of Component Files used:</h2>

   * Component: ARM::CMSIS:CORE:5.3.0

   * Component: ARM::CMSIS:DSP:Library:1.7.0
      Library file:  CMSIS\DSP\Lib\ARM\arm_cortexM3l_math.lib
      Include file:  CMSIS\DSP\Include\arm_math.h

   * Component: Keil::Device:Startup:1.0.0
      Source file:   Device\Source\system_stm32f10x.c
      Source file:   Device\Source\ARM\startup_stm32f10x_md_vl.s
      Source file:   Device\Source\ARM\STM32F1xx_OPT.s
      Include file:  RTE_Driver\Config\RTE_Device.h
Build Time Elapsed:  00:00:02
</pre>
</body>
</html>
