<html>
<body>
<pre>
<h1>µVision Build Log</h1>
<h2>Tool Versions:</h2>
IDE-Version: µVision V5.26.2.0
Copyright (C) 2018 ARM Ltd and ARM Germany GmbH. All rights reserved.
License Information: Brett Aulie, University of Regina Student, LIC=----
 
Tool Versions:
Toolchain:       MDK-Lite  Version: 5.26.2.0
Toolchain Path:  K:\KeilUvis\ARM\ARMCC\Bin
C Compiler:      Armcc.exe V5.06 update 6 (build 750)
Assembler:       Armasm.exe V5.06 update 6 (build 750)
Linker/Locator:  ArmLink.exe V5.06 update 6 (build 750)
Library Manager: ArmAr.exe V5.06 update 6 (build 750)
Hex Converter:   FromElf.exe V5.06 update 6 (build 750)
CPU DLL:         SARMCM3.DLL V5.26.2.0
Dialog DLL:      DCM.DLL V1.17.2.0
Target DLL:      STLink\ST-LINKIII-KEIL_SWO.dll V3.0.5.0
Dialog DLL:      TCM.DLL V1.36.1.0
 
<h2>Project:</h2>
E:\GIMS\GIMS\Xbee_coms\xbee.uvprojx
Project File Date:  03/02/2020

<h2>Output:</h2>
*** Using Compiler 'V5.06 update 6 (build 750)', folder: 'K:\KeilUvis\ARM\ARMCC\Bin'
Rebuild target 'Target 1'
compiling init_interrupts.c...
compiling init_lib.c...
compiling init_sw_led.c...
compiling LCD.c...
LCD.c(113): warning:  #223-D: function "strlen" declared implicitly
  	uint16_t messageLength = strlen(message);
LCD.c: 1 warning, 0 errors
compiling main.c...
usart.h(25): warning:  #1-D: last line of file ends without a newline
   
main.c(7): warning:  #177-D: variable "recieve"  was declared but never referenced
  	uint8_t recieve;
main.c(8): warning:  #177-D: variable "pac"  was declared but never referenced
  	uint8_t pac[25];
main.c(19): warning:  #177-D: variable "switches"  was declared but never referenced
  	uint16_t switches = 0;
main.c(22): warning:  #177-D: variable "sending"  was declared but never referenced
  	uint8_t sending = 0x21;
main.c(23): warning:  #177-D: variable "send"  was declared but never referenced
  	uint16_t send[2] = {0xa4, 0x87};
main.c(24): warning:  #177-D: variable "k"  was declared but never referenced
  	int k = 0, m = 0, t = 0, p=0;
main.c: 7 warnings, 0 errors
compiling usart.c...
usart.h(25): warning:  #1-D: last line of file ends without a newline
   
usart.c(51): warning:  #940-D: missing return statement at end of non-void function "recieve_usart" 
   }
usart.c(72): warning:  #1-D: last line of file ends without a newline
   }
usart.c: 3 warnings, 0 errors
assembling startup_stm32f10x_md_vl.s...
compiling system_stm32f10x.c...
linking...
Program Size: Code=2380 RO-data=324 RW-data=8 ZI-data=1664  
".\Objects\lab7.axf" - 0 Error(s), 11 Warning(s).

<h2>Software Packages used:</h2>

Package Vendor: ARM
                http://www.keil.com/pack/ARM.CMSIS.5.6.0.pack
                ARM.CMSIS.5.6.0
                CMSIS (Cortex Microcontroller Software Interface Standard)
   * Component: CORE Version: 5.3.0

Package Vendor: Keil
                http://www.keil.com/pack/Keil.STM32F1xx_DFP.2.3.0.pack
                Keil.STM32F1xx_DFP.2.3.0
                STMicroelectronics STM32F1 Series Device Support, Drivers and Examples
   * Component: Startup Version: 1.0.0

<h2>Collection of Component include folders:</h2>
  .\RTE\Device\STM32F100RB
  .\RTE\_Target_1
  K:\KeilUvis\ARM\PACK\ARM\CMSIS\5.6.0\CMSIS\Core\Include
  K:\KeilUvis\ARM\PACK\Keil\STM32F1xx_DFP\2.3.0\Device\Include

<h2>Collection of Component Files used:</h2>

   * Component: ARM::CMSIS:CORE:5.3.0

   * Component: Keil::Device:Startup:1.0.0
      Include file:  RTE_Driver\Config\RTE_Device.h
      Source file:   Device\Source\ARM\startup_stm32f10x_md_vl.s
      Source file:   Device\Source\ARM\STM32F1xx_OPT.s
      Source file:   Device\Source\system_stm32f10x.c
Build Time Elapsed:  00:00:10
</pre>
</body>
</html>
